Archive member included because of file (symbol)

c:/dave-3.1.10/arm-gcc/bin/../lib/gcc/arm-none-eabi/4.7.4/../../../../arm-none-eabi/lib/armv7e-m\libm.a(lib_a-w_asin.o)
                              _Quadrocopter/Sensors/MPU9X50/MPU9150.o (asin)
c:/dave-3.1.10/arm-gcc/bin/../lib/gcc/arm-none-eabi/4.7.4/../../../../arm-none-eabi/lib/armv7e-m\libm.a(lib_a-w_atan2.o)
                              _Quadrocopter/Sensors/MPU9X50/MPU9150.o (atan2)
c:/dave-3.1.10/arm-gcc/bin/../lib/gcc/arm-none-eabi/4.7.4/../../../../arm-none-eabi/lib/armv7e-m\libm.a(lib_a-w_pow.o)
                              _Quadrocopter/Sensors/MPU9X50/MPU9150.o (pow)
c:/dave-3.1.10/arm-gcc/bin/../lib/gcc/arm-none-eabi/4.7.4/../../../../arm-none-eabi/lib/armv7e-m\libm.a(lib_a-w_sqrt.o)
                              _Quadrocopter/Sensors/MPU9X50/Filter/QuaternionFilters.o (sqrt)
c:/dave-3.1.10/arm-gcc/bin/../lib/gcc/arm-none-eabi/4.7.4/../../../../arm-none-eabi/lib/armv7e-m\libm.a(lib_a-e_asin.o)
                              c:/dave-3.1.10/arm-gcc/bin/../lib/gcc/arm-none-eabi/4.7.4/../../../../arm-none-eabi/lib/armv7e-m\libm.a(lib_a-w_asin.o) (__ieee754_asin)
c:/dave-3.1.10/arm-gcc/bin/../lib/gcc/arm-none-eabi/4.7.4/../../../../arm-none-eabi/lib/armv7e-m\libm.a(lib_a-e_atan2.o)
                              c:/dave-3.1.10/arm-gcc/bin/../lib/gcc/arm-none-eabi/4.7.4/../../../../arm-none-eabi/lib/armv7e-m\libm.a(lib_a-w_atan2.o) (__ieee754_atan2)
c:/dave-3.1.10/arm-gcc/bin/../lib/gcc/arm-none-eabi/4.7.4/../../../../arm-none-eabi/lib/armv7e-m\libm.a(lib_a-e_pow.o)
                              c:/dave-3.1.10/arm-gcc/bin/../lib/gcc/arm-none-eabi/4.7.4/../../../../arm-none-eabi/lib/armv7e-m\libm.a(lib_a-w_pow.o) (__ieee754_pow)
c:/dave-3.1.10/arm-gcc/bin/../lib/gcc/arm-none-eabi/4.7.4/../../../../arm-none-eabi/lib/armv7e-m\libm.a(lib_a-e_sqrt.o)
                              c:/dave-3.1.10/arm-gcc/bin/../lib/gcc/arm-none-eabi/4.7.4/../../../../arm-none-eabi/lib/armv7e-m\libm.a(lib_a-w_sqrt.o) (__ieee754_sqrt)
c:/dave-3.1.10/arm-gcc/bin/../lib/gcc/arm-none-eabi/4.7.4/../../../../arm-none-eabi/lib/armv7e-m\libm.a(lib_a-s_atan.o)
                              c:/dave-3.1.10/arm-gcc/bin/../lib/gcc/arm-none-eabi/4.7.4/../../../../arm-none-eabi/lib/armv7e-m\libm.a(lib_a-e_atan2.o) (atan)
c:/dave-3.1.10/arm-gcc/bin/../lib/gcc/arm-none-eabi/4.7.4/../../../../arm-none-eabi/lib/armv7e-m\libm.a(lib_a-s_fabs.o)
                              c:/dave-3.1.10/arm-gcc/bin/../lib/gcc/arm-none-eabi/4.7.4/../../../../arm-none-eabi/lib/armv7e-m\libm.a(lib_a-w_asin.o) (fabs)
c:/dave-3.1.10/arm-gcc/bin/../lib/gcc/arm-none-eabi/4.7.4/../../../../arm-none-eabi/lib/armv7e-m\libm.a(lib_a-s_finite.o)
                              c:/dave-3.1.10/arm-gcc/bin/../lib/gcc/arm-none-eabi/4.7.4/../../../../arm-none-eabi/lib/armv7e-m\libm.a(lib_a-w_pow.o) (finite)
c:/dave-3.1.10/arm-gcc/bin/../lib/gcc/arm-none-eabi/4.7.4/../../../../arm-none-eabi/lib/armv7e-m\libm.a(lib_a-s_fpclassify.o)
                              c:/dave-3.1.10/arm-gcc/bin/../lib/gcc/arm-none-eabi/4.7.4/../../../../arm-none-eabi/lib/armv7e-m\libm.a(lib_a-w_asin.o) (__fpclassifyd)
c:/dave-3.1.10/arm-gcc/bin/../lib/gcc/arm-none-eabi/4.7.4/../../../../arm-none-eabi/lib/armv7e-m\libm.a(lib_a-s_lib_ver.o)
                              c:/dave-3.1.10/arm-gcc/bin/../lib/gcc/arm-none-eabi/4.7.4/../../../../arm-none-eabi/lib/armv7e-m\libm.a(lib_a-w_asin.o) (__fdlib_version)
c:/dave-3.1.10/arm-gcc/bin/../lib/gcc/arm-none-eabi/4.7.4/../../../../arm-none-eabi/lib/armv7e-m\libm.a(lib_a-s_matherr.o)
                              c:/dave-3.1.10/arm-gcc/bin/../lib/gcc/arm-none-eabi/4.7.4/../../../../arm-none-eabi/lib/armv7e-m\libm.a(lib_a-w_asin.o) (matherr)
c:/dave-3.1.10/arm-gcc/bin/../lib/gcc/arm-none-eabi/4.7.4/../../../../arm-none-eabi/lib/armv7e-m\libm.a(lib_a-s_nan.o)
                              c:/dave-3.1.10/arm-gcc/bin/../lib/gcc/arm-none-eabi/4.7.4/../../../../arm-none-eabi/lib/armv7e-m\libm.a(lib_a-w_asin.o) (nan)
c:/dave-3.1.10/arm-gcc/bin/../lib/gcc/arm-none-eabi/4.7.4/../../../../arm-none-eabi/lib/armv7e-m\libm.a(lib_a-s_rint.o)
                              c:/dave-3.1.10/arm-gcc/bin/../lib/gcc/arm-none-eabi/4.7.4/../../../../arm-none-eabi/lib/armv7e-m\libm.a(lib_a-w_pow.o) (rint)
c:/dave-3.1.10/arm-gcc/bin/../lib/gcc/arm-none-eabi/4.7.4/../../../../arm-none-eabi/lib/armv7e-m\libm.a(lib_a-s_scalbn.o)
                              c:/dave-3.1.10/arm-gcc/bin/../lib/gcc/arm-none-eabi/4.7.4/../../../../arm-none-eabi/lib/armv7e-m\libm.a(lib_a-e_pow.o) (scalbn)
c:/dave-3.1.10/arm-gcc/bin/../lib/gcc/arm-none-eabi/4.7.4/../../../../arm-none-eabi/lib/armv7e-m\libm.a(lib_a-s_copysign.o)
                              c:/dave-3.1.10/arm-gcc/bin/../lib/gcc/arm-none-eabi/4.7.4/../../../../arm-none-eabi/lib/armv7e-m\libm.a(lib_a-s_scalbn.o) (copysign)
c:/dave-3.1.10/arm-gcc/bin/../lib/gcc/arm-none-eabi/4.7.4/armv7e-m\libgcc.a(_arm_addsubdf3.o)
                              _Quadrocopter/_HAL/Delay/util.o (__aeabi_dsub)
[...]
Memory Configuration

Name             Origin             Length             Attributes
FLASH_1_cached   0x08000000         0x00100000         xr
FLASH_1_uncached 0x0c000000         0x00100000         xr
PSRAM_1          0x10000000         0x00010000         !xr
DSRAM_1_system   0x20000000         0x00010000         !xr
DSRAM_2_comm     0x30000000         0x00008000         !xr
*default*        0x00000000         0xffffffff

Linker script and memory map

LOAD _Quadrocopter/_HAL/I2C/I2Cdev.o
LOAD _Quadrocopter/_HAL/Delay/util.o
LOAD _Quadrocopter/Sensors/MPU9X50/MPU9150.o
LOAD _Quadrocopter/Sensors/MPU9X50/Filter/QuaternionFilters.o
LOAD _Quadrocopter/Sensors/MPU9X50/Filter/kalman.o
LOAD _Quadrocopter/RemoteControl/RCReceive.o
LOAD _Quadrocopter/DaisyChain/DaisyChain.o
LOAD _Quadrocopter/Attitude_Control/AttitudeController.o
LOAD Startup/startup_XMC4500.o
LOAD Startup/system_XMC4500.o
LOAD Main.o
LOAD Lib/System_LibcStubs.o
LOAD Dave/Generated/src/USBVC001/Descriptors.o
LOAD Dave/Generated/src/USBVC001/USBVC001_Conf.o
LOAD Dave/Generated/src/USBVC001/usbvc001.o
LOAD Dave/Generated/src/USBLD001/usbld001_Conf.o
LOAD Dave/Generated/src/USBLD001/usbld001_delay.o
LOAD Dave/Generated/src/USBLD001/dwc_common_port/dwc_common_linux.o
LOAD Dave/Generated/src/USBLD001/driver/dwc_otg_adp.o
LOAD Dave/Generated/src/USBLD001/driver/dwc_otg_cil.o
LOAD Dave/Generated/src/USBLD001/driver/dwc_otg_cil_intr.o
LOAD Dave/Generated/src/USBLD001/driver/dwc_otg_hcd.o
LOAD Dave/Generated/src/USBLD001/driver/dwc_otg_hcd_ddma.o
LOAD Dave/Generated/src/USBLD001/driver/dwc_otg_hcd_intr.o
LOAD Dave/Generated/src/USBLD001/driver/dwc_otg_hcd_queue.o
LOAD Dave/Generated/src/USBLD001/driver/dwc_otg_pcd.o
LOAD Dave/Generated/src/USBLD001/driver/dwc_otg_pcd_intr.o
LOAD Dave/Generated/src/USBCORE001/usbcore001.o
LOAD Dave/Generated/src/USBCORE001/usbcore001_Conf.o
LOAD Dave/Generated/src/USBCORE001/usbcore001_device.o
LOAD Dave/Generated/src/USBCORE001/usbcore001_host.o
LOAD Dave/Generated/src/USBCDC001/Drivers/USB/Core/USBTask.o
LOAD Dave/Generated/src/USBCDC001/Drivers/USB/Class/Device/CDC.o
LOAD Dave/Generated/src/UART001/UART001.o
LOAD Dave/Generated/src/UART001/UART001_Conf.o
LOAD Dave/Generated/src/SYSTM001/SYSTM001.o
LOAD Dave/Generated/src/SLTHA003/SLTHA003.o
LOAD Dave/Generated/src/SLTHA003/SLTHA003_Conf.o
LOAD Dave/Generated/src/RTC001/RTC001.o
LOAD Dave/Generated/src/RTC001/RTC001_Conf.o
LOAD Dave/Generated/src/RESET001/RESET001.o
LOAD Dave/Generated/src/PWMSP001/PWMSP001.o
LOAD Dave/Generated/src/PWMSP001/PWMSP001_Conf.o
LOAD Dave/Generated/src/NVIC_SCU001/NVIC_SCU001.o
LOAD Dave/Generated/src/NVIC002/NVIC002.o
LOAD Dave/Generated/src/NVIC002/NVIC002_Conf.o
LOAD Dave/Generated/src/LMM001/LMM001.o
LOAD Dave/Generated/src/LMM001/LMM001_Conf.o
LOAD Dave/Generated/src/LIBS/CCU8PWMLIB.o
LOAD Dave/Generated/src/LIBS/MOTORLIB.o
LOAD Dave/Generated/src/IO002/IO002.o
LOAD Dave/Generated/src/IO002/IO002_Conf.o
LOAD Dave/Generated/src/I2C001/I2C001.o
LOAD Dave/Generated/src/I2C001/I2C001_Conf.o
LOAD Dave/Generated/src/GMM001/GMM001.o
LOAD Dave/Generated/src/GMM001/GMM001_Conf.o
LOAD Dave/Generated/src/ERU002/ERU002.o
LOAD Dave/Generated/src/ERU002/ERU002_Conf.o
LOAD Dave/Generated/src/ERU001/ERU001.o
LOAD Dave/Generated/src/ERU001/ERU001_Conf.o
LOAD Dave/Generated/src/DAVESupport/DAVE3.o
LOAD Dave/Generated/src/DAVESupport/MULTIPLEXER.o
LOAD Dave/Generated/src/CLK001/CLK001.o
LOAD Dave/Generated/src/CCU4GLOBAL/CCU4GLOBAL.o
LOAD Dave/Generated/src/CCU4GLOBAL/CCU4GLOBAL_Conf.o
LOAD C:\DAVE-3.1.10\CMSIS\Lib\GCC\libarm_cortexM4_mathL_1.a
LOAD C:\DAVE-3.1.10\CMSIS\Lib\GCC\libarm_cortexM4_mathL_2.a
LOAD c:/dave-3.1.10/arm-gcc/bin/../lib/gcc/arm-none-eabi/4.7.4/../../../../arm-none-eabi/lib/armv7e-m\libm.a
START GROUP
LOAD c:/dave-3.1.10/arm-gcc/bin/../lib/gcc/arm-none-eabi/4.7.4/armv7e-m\libgcc.a
LOAD c:/dave-3.1.10/arm-gcc/bin/../lib/gcc/arm-none-eabi/4.7.4/../../../../arm-none-eabi/lib/armv7e-m\libc.a
END GROUP
                0x00000800                stack_size = 0x800

.text           0x08000000    0x15fe0 load address 0x0c000000
                0x08000000                sText = .
 *(.Xmc4500.reset)
 .Xmc4500.reset
                0x08000000      0x21c Startup/startup_XMC4500.o
                0x08000000                __Xmc4500_interrupt_vector_cortex_m
                0x08000200                __Xmc4500_reset_cortex_m
 *(.Xmc4500.postreset)
 .Xmc4500.postreset
                0x0800021c       0xa8 Startup/startup_XMC4500.o
 *(.XmcStartup)
 .XmcStartup    0x080002c4        0x4 Startup/startup_XMC4500.o
 *(.text .text.* .gnu.linkonce.t.*)
 .text          0x080002c8        0x0 _Quadrocopter/_HAL/I2C/I2Cdev.o
 .text.I2Cdev_writeBytes
                0x080002c8       0xc8 _Quadrocopter/_HAL/I2C/I2Cdev.o
                0x080002c8                I2Cdev_writeBytes
 .text.I2Cdev_writeByte
                0x08000390       0x10 _Quadrocopter/_HAL/I2C/I2Cdev.o
                0x08000390                I2Cdev_writeByte
 .text.I2Cdev_readBytes
                0x080003a0      0x140 _Quadrocopter/_HAL/I2C/I2Cdev.o
                0x080003a0                I2Cdev_readBytes
 .text.I2Cdev_readByte
                0x080004e0       0x18 _Quadrocopter/_HAL/I2C/I2Cdev.o
                0x080004e0                I2Cdev_readByte
 .text.I2C_Prot_Int_Handler
                0x080004f8       0x20 _Quadrocopter/_HAL/I2C/I2Cdev.o
                0x080004f8                I2C_Prot_Int_Handler
 .text          0x08000518        0x0 _Quadrocopter/_HAL/Delay/util.o
 .text.CCU41_0_IRQHandler
                0x08000518       0x10 _Quadrocopter/_HAL/Delay/util.o
                0x08000518                CCU41_0_IRQHandler
 .text.delay    0x08000528       0x14 _Quadrocopter/_HAL/Delay/util.o
                0x08000528                delay
 .text.millis   0x0800053c        0xc _Quadrocopter/_HAL/Delay/util.o
                0x0800053c                millis
 .text.transformation
                0x08000548       0x84 _Quadrocopter/_HAL/Delay/util.o
                0x08000548                transformation
 .text.transformation_mag
                0x080005cc       0xb8 _Quadrocopter/_HAL/Delay/util.o
                0x080005cc                transformation_mag
 .text          0x08000684        0x0 _Quadrocopter/Sensors/MPU9X50/MPU9150.o
 .text.MPU9150_InitAK8975A
                0x08000684       0xc0 _Quadrocopter/Sensors/MPU9X50/MPU9150.o
                0x08000684                MPU9150_InitAK8975A
 .text.MPU9150_Init
                0x08000744      0x17c _Quadrocopter/Sensors/MPU9X50/MPU9150.o
                0x08000744                MPU9150_Init
 .text.MPU9150_Calibrate
                0x080008c0      0x30e _Quadrocopter/Sensors/MPU9X50/MPU9150.o
                0x080008c0                MPU9150_Calibrate
 *fill*         0x08000bce        0x2 00
 .text.MPU9150_SelfTest
                0x08000bd0      0x2e0 _Quadrocopter/Sensors/MPU9X50/MPU9150.o
                0x08000bd0                MPU9150_SelfTest
 .text.MPU9150_Setup
                0x08000eb0       0x4c _Quadrocopter/Sensors/MPU9X50/MPU9150.o
                0x08000eb0                MPU9150_Setup
 .text.getGres  0x08000efc       0x3c _Quadrocopter/Sensors/MPU9X50/MPU9150.o
                0x08000efc                getGres
 .text.getAres  0x08000f38       0x34 _Quadrocopter/Sensors/MPU9X50/MPU9150.o
                0x08000f38                getAres
 .text.GetSensorCount
                0x08000f6c        0xc _Quadrocopter/Sensors/MPU9X50/MPU9150.o
                0x08000f6c                GetSensorCount
 .text.GetAngles
                0x08000f78       0xd8 _Quadrocopter/Sensors/MPU9X50/MPU9150.o
                0x08000f78                GetAngles
 .text.GetMagData
                0x08001050       0x14 _Quadrocopter/Sensors/MPU9X50/MPU9150.o
                0x08001050                GetMagData
 .text.GetGyroData
                0x08001064       0x34 _Quadrocopter/Sensors/MPU9X50/MPU9150.o
                0x08001064                GetGyroData
 .text.GetAccData
                0x08001098       0x14 _Quadrocopter/Sensors/MPU9X50/MPU9150.o
                0x08001098                GetAccData
 .text.ERU1_0_IRQHandler
                0x080010ac      0x28c _Quadrocopter/Sensors/MPU9X50/MPU9150.o
                0x080010ac                ERU1_0_IRQHandler
 .text          0x08001338        0x0 _Quadrocopter/Sensors/MPU9X50/Filter/QuaternionFilters.o
 .text.MadgwickQuaternionUpdate
                0x08001338      0x418 _Quadrocopter/Sensors/MPU9X50/Filter/QuaternionFilters.o
                0x08001338                MadgwickQuaternionUpdate
 .text.MahonyQuaternionUpdate
                0x08001750      0x330 _Quadrocopter/Sensors/MPU9X50/Filter/QuaternionFilters.o
                0x08001750                MahonyQuaternionUpdate
 .text          0x08001a80        0x0 _Quadrocopter/Sensors/MPU9X50/Filter/kalman.o
 .text.KALMAN_getAngle
                0x08001a80       0xae _Quadrocopter/Sensors/MPU9X50/Filter/kalman.o
                0x08001a80                KALMAN_getAngle
 .text.KALMAN_Init
                0x08001b2e       0x16 _Quadrocopter/Sensors/MPU9X50/Filter/kalman.o
                0x08001b2e                KALMAN_Init
 .text.KALMAN_setAngle
                0x08001b44        0x4 _Quadrocopter/Sensors/MPU9X50/Filter/kalman.o
                0x08001b44                KALMAN_setAngle
 .text.KALMAN_getRate
                0x08001b48        0x4 _Quadrocopter/Sensors/MPU9X50/Filter/kalman.o
                0x08001b48                KALMAN_getRate
 .text.KALMAN_setQangle
                0x08001b4c        0x4 _Quadrocopter/Sensors/MPU9X50/Filter/kalman.o
                0x08001b4c                KALMAN_setQangle
 .text.KALMAN_setQbias
                0x08001b50        0x4 _Quadrocopter/Sensors/MPU9X50/Filter/kalman.o
                0x08001b50                KALMAN_setQbias
 .text.KALMAN_setRmeasure
                0x08001b54        0x4 _Quadrocopter/Sensors/MPU9X50/Filter/kalman.o
                0x08001b54                KALMAN_setRmeasure
 .text.KALMAN_getQangle
                0x08001b58        0x4 _Quadrocopter/Sensors/MPU9X50/Filter/kalman.o
                0x08001b58                KALMAN_getQangle
 .text.KALMAN_getQbias
                0x08001b5c        0x4 _Quadrocopter/Sensors/MPU9X50/Filter/kalman.o
                0x08001b5c                KALMAN_getQbias
 .text.KALMAN_getRmeasure
                0x08001b60        0x4 _Quadrocopter/Sensors/MPU9X50/Filter/kalman.o
                0x08001b60                KALMAN_getRmeasure
 .text          0x08001b64        0x0 _Quadrocopter/RemoteControl/RCReceive.o
 .text.WatchRC  0x08001b64       0x30 _Quadrocopter/RemoteControl/RCReceive.o
                0x08001b64                WatchRC
 .text.mergeBytes
                0x08001b94        0x6 _Quadrocopter/RemoteControl/RCReceive.o
                0x08001b94                mergeBytes
 *fill*         0x08001b9a        0x6 00
 .text.USIC1_0_IRQHandler
                0x08001ba0      0x180 _Quadrocopter/RemoteControl/RCReceive.o
                0x08001ba0                USIC1_0_IRQHandler
 .text.USIC0_5_IRQHandler
                0x08001d20       0x9c _Quadrocopter/RemoteControl/RCReceive.o
                0x08001d20                USIC0_5_IRQHandler
 .text.WatchRC_Init
                0x08001dbc       0x28 _Quadrocopter/RemoteControl/RCReceive.o
                0x08001dbc                WatchRC_Init
 .text.GetRCCount
                0x08001de4        0xc _Quadrocopter/RemoteControl/RCReceive.o
                0x08001de4                GetRCCount
 .text.GetRCTimeOut
                0x08001df0        0xc _Quadrocopter/RemoteControl/RCReceive.o
                0x08001df0                GetRCTimeOut
 *fill*         0x08001dfc        0x4 00
 .text.GetRCData
                0x08001e00      0x180 _Quadrocopter/RemoteControl/RCReceive.o
                0x08001e00                GetRCData
 .text.map      0x08001f80       0x14 _Quadrocopter/RemoteControl/RCReceive.o
                0x08001f80                map
 .text          0x08001f94        0x0 _Quadrocopter/DaisyChain/DaisyChain.o
 .text.SendDaisyData
                0x08001f94       0x44 _Quadrocopter/DaisyChain/DaisyChain.o
                0x08001f94                SendDaisyData
 .text          0x08001fd8        0x0 _Quadrocopter/Attitude_Control/AttitudeController.o
 .text.AngleController
                0x08001fd8       0xc8 _Quadrocopter/Attitude_Control/AttitudeController.o
                0x08001fd8                AngleController
 .text.AngleRateController
                0x080020a0       0x60 _Quadrocopter/Attitude_Control/AttitudeController.o
                0x080020a0                AngleRateController
 .text.CreatePulseWidth
                0x08002100      0x148 _Quadrocopter/Attitude_Control/AttitudeController.o
                0x08002100                CreatePulseWidth
 .text          0x08002248       0xe2 Startup/startup_XMC4500.o
                0x08002248                NMI_Handler
                0x0800224a                HardFault_Handler
                0x0800224c                MemManage_Handler
                0x0800224e                BusFault_Handler
                0x08002250                UsageFault_Handler
                0x08002252                SVC_Handler
                0x08002254                DebugMon_Handler
                0x08002256                PendSV_Handler
                0x0800225c                ERU0_0_IRQHandler
                0x0800225e                ERU0_1_IRQHandler
                0x08002260                ERU0_2_IRQHandler
                0x08002262                ERU0_3_IRQHandler
                0x08002266                ERU1_1_IRQHandler
                0x08002268                ERU1_2_IRQHandler
                0x0800226a                ERU1_3_IRQHandler
                0x0800226c                PMU0_0_IRQHandler
                0x0800226e                VADC0_C0_0_IRQHandler
                0x08002270                VADC0_C0_1_IRQHandler
                0x08002272                VADC0_C0_2_IRQHandler
                0x08002274                VADC0_C0_3_IRQHandler
                0x08002276                VADC0_G0_0_IRQHandler
                0x08002278                VADC0_G0_1_IRQHandler
                0x0800227a                VADC0_G0_2_IRQHandler
                0x0800227c                VADC0_G0_3_IRQHandler
                0x0800227e                VADC0_G1_0_IRQHandler
                0x08002280                VADC0_G1_1_IRQHandler
                0x08002282                VADC0_G1_2_IRQHandler
                0x08002284                VADC0_G1_3_IRQHandler
                0x08002286                VADC0_G2_0_IRQHandler
                0x08002288                VADC0_G2_1_IRQHandler
                0x0800228a                VADC0_G2_2_IRQHandler
                0x0800228c                VADC0_G2_3_IRQHandler
                0x0800228e                VADC0_G3_0_IRQHandler
                0x08002290                VADC0_G3_1_IRQHandler
                0x08002292                VADC0_G3_2_IRQHandler
                0x08002294                VADC0_G3_3_IRQHandler
                0x08002296                DSD0_0_IRQHandler
                0x08002298                DSD0_1_IRQHandler
                0x0800229a                DSD0_2_IRQHandler
                0x0800229c                DSD0_3_IRQHandler
                0x0800229e                DSD0_4_IRQHandler
                0x080022a0                DSD0_5_IRQHandler
                0x080022a2                DSD0_6_IRQHandler
                0x080022a4                DSD0_7_IRQHandler
                0x080022a6                DAC0_0_IRQHandler
                0x080022a8                DAC0_1_IRQHandler
                0x080022aa                CCU40_0_IRQHandler
                0x080022ac                CCU40_1_IRQHandler
                0x080022ae                CCU40_2_IRQHandler
                0x080022b0                CCU40_3_IRQHandler
                0x080022b6                CCU41_2_IRQHandler
                0x080022ba                CCU42_0_IRQHandler
                0x080022bc                CCU42_1_IRQHandler
                0x080022be                CCU42_2_IRQHandler
                0x080022c0                CCU42_3_IRQHandler
                0x080022c2                CCU43_0_IRQHandler
                0x080022c4                CCU43_1_IRQHandler
                0x080022c6                CCU43_2_IRQHandler
                0x080022c8                CCU43_3_IRQHandler
                0x080022ca                CCU80_0_IRQHandler
                0x080022cc                CCU80_1_IRQHandler
                0x080022ce                CCU80_2_IRQHandler
                0x080022d0                CCU80_3_IRQHandler
                0x080022d2                CCU81_0_IRQHandler
                0x080022d4                CCU81_1_IRQHandler
                0x080022d6                CCU81_2_IRQHandler
                0x080022d8                CCU81_3_IRQHandler
                0x080022da                POSIF0_0_IRQHandler
                0x080022dc                POSIF0_1_IRQHandler
                0x080022de                POSIF1_0_IRQHandler
                0x080022e0                POSIF1_1_IRQHandler
                0x080022e2                CAN0_0_IRQHandler
                0x080022e4                CAN0_1_IRQHandler
                0x080022e6                CAN0_2_IRQHandler
                0x080022e8                CAN0_3_IRQHandler
                0x080022ea                CAN0_4_IRQHandler
                0x080022ec                CAN0_5_IRQHandler
                0x080022ee                CAN0_6_IRQHandler
                0x080022f0                CAN0_7_IRQHandler
                0x080022f2                USIC0_0_IRQHandler
                0x080022f4                USIC0_1_IRQHandler
                0x080022f6                USIC0_2_IRQHandler
                0x080022f8                USIC0_3_IRQHandler
                0x080022fa                USIC0_4_IRQHandler
                0x08002300                USIC1_1_IRQHandler
                0x08002302                USIC1_2_IRQHandler
                0x08002304                USIC1_3_IRQHandler
                0x08002306                USIC1_4_IRQHandler
                0x08002308                USIC1_5_IRQHandler
                0x0800230a                USIC2_0_IRQHandler
                0x0800230c                USIC2_1_IRQHandler
                0x0800230e                USIC2_2_IRQHandler
                0x08002310                USIC2_3_IRQHandler
                0x08002312                USIC2_4_IRQHandler
                0x08002314                USIC2_5_IRQHandler
                0x08002316                LEDTS0_0_IRQHandler
                0x08002318                FCE0_0_IRQHandler
                0x0800231a                GPDMA0_0_IRQHandler
                0x0800231c                SDMMC0_0_IRQHandler
                0x08002320                ETH0_0_IRQHandler
                0x08002322                GPDMA1_0_IRQHandler
 .text          0x0800232a        0x0 Startup/system_XMC4500.o
 *fill*         0x0800232a        0x2 00
 .text.SystemCoreClockUpdate
                0x0800232c       0x70 Startup/system_XMC4500.o
                0x0800232c                SystemCoreClockUpdate
 .text.SystemInit
                0x0800239c      0x204 Startup/system_XMC4500.o
                0x0800239c                SystemInit
 .text          0x080025a0        0x0 Main.o
 .text.CCU41_1_IRQHandler
                0x080025a0      0x148 Main.o
                0x080025a0                CCU41_1_IRQHandler
 .text.Initialize
                0x080026e8       0x84 Main.o
                0x080026e8                Initialize
 .text.startup.main
                0x0800276c      0x200 Main.o
                0x0800276c                main
 .text.CCU41_3_IRQHandler
                0x0800296c       0x50 Main.o
                0x0800296c                CCU41_3_IRQHandler
 .text          0x080029bc        0x0 Lib/System_LibcStubs.o
 .text._open    0x080029bc        0x6 Lib/System_LibcStubs.o
                0x080029bc                _open
 .text._lseek   0x080029c2        0x6 Lib/System_LibcStubs.o
                0x080029c2                _lseek
 .text._read    0x080029c8        0x4 Lib/System_LibcStubs.o
                0x080029c8                _read
 .text._write   0x080029cc        0x6 Lib/System_LibcStubs.o
                0x080029cc                _write
 .text._close   0x080029d2        0x6 Lib/System_LibcStubs.o
                0x080029d2                _close
 .text._fstat   0x080029d8        0xe Lib/System_LibcStubs.o
                0x080029d8                _fstat
 .text._link    0x080029e6        0xe Lib/System_LibcStubs.o
                0x080029e6                _link
 .text._unlink  0x080029f4        0x6 Lib/System_LibcStubs.o
                0x080029f4                _unlink
 *fill*         0x080029fa        0x2 00
 .text._sbrk    0x080029fc       0x38 Lib/System_LibcStubs.o
                0x080029fc                _sbrk
 .text._times   0x08002a34        0x6 Lib/System_LibcStubs.o
                0x08002a34                _times
 .text._wait    0x08002a3a        0x6 Lib/System_LibcStubs.o
                0x08002a3a                _wait
 .text._kill    0x08002a40        0x6 Lib/System_LibcStubs.o
                0x08002a40                _kill
 .text._fork    0x08002a46        0x6 Lib/System_LibcStubs.o
                0x08002a46                _fork
 .text._getpid  0x08002a4c        0x6 Lib/System_LibcStubs.o
                0x08002a4c                _getpid
 .text._exit    0x08002a52        0x2 Lib/System_LibcStubs.o
                0x08002a52                _exit
 .text._init    0x08002a54        0x2 Lib/System_LibcStubs.o
                0x08002a54                _init
 .text._isatty  0x08002a56        0x6 Lib/System_LibcStubs.o
                0x08002a56                _isatty
 .text          0x08002a5c        0x0 Dave/Generated/src/USBVC001/Descriptors.o
 .text.CALLBACK_USB_GetDescriptor
                0x08002a5c       0x24 Dave/Generated/src/USBVC001/Descriptors.o
                0x08002a5c                CALLBACK_USB_GetDescriptor
 .text          0x08002a80        0x0 Dave/Generated/src/USBVC001/USBVC001_Conf.o
 .text          0x08002a80        0x0 Dave/Generated/src/USBVC001/usbvc001.o
 .text.EVENT_USB_Device_Connect
                0x08002a80        0xc Dave/Generated/src/USBVC001/usbvc001.o
                0x08002a80                EVENT_USB_Device_Connect
 .text.EVENT_USB_Device_Disconnect
                0x08002a8c        0xc Dave/Generated/src/USBVC001/usbvc001.o
                0x08002a8c                EVENT_USB_Device_Disconnect
 .text.EVENT_USB_Device_SetAddress
                0x08002a98        0xc Dave/Generated/src/USBVC001/usbvc001.o
                0x08002a98                EVENT_USB_Device_SetAddress
 .text.EVENT_USB_Device_ControlRequest
                0x08002aa4       0x18 Dave/Generated/src/USBVC001/usbvc001.o
                0x08002aa4                EVENT_USB_Device_ControlRequest
 .text.EVENT_USB_Device_ConfigurationChanged
                0x08002abc       0x18 Dave/Generated/src/USBVC001/usbvc001.o
                0x08002abc                EVENT_USB_Device_ConfigurationChanged
 .text.USBVC001_Init
                0x08002ad4       0x24 Dave/Generated/src/USBVC001/usbvc001.o
                0x08002ad4                USBVC001_Init
 .text.USBVC001_SendByte
                0x08002af8       0x28 Dave/Generated/src/USBVC001/usbvc001.o
                0x08002af8                USBVC001_SendByte
 .text.USBVC001_SendData
                0x08002b20       0x30 Dave/Generated/src/USBVC001/usbvc001.o
                0x08002b20                USBVC001_SendData
 .text.USBVC001_SendString
                0x08002b50       0x24 Dave/Generated/src/USBVC001/usbvc001.o
                0x08002b50                USBVC001_SendString
 .text.USBVC001_ReceiveByte
                0x08002b74       0x1c Dave/Generated/src/USBVC001/usbvc001.o
                0x08002b74                USBVC001_ReceiveByte
 .text.USBVC001_ReceiveData
                0x08002b90       0x2e Dave/Generated/src/USBVC001/usbvc001.o
                0x08002b90                USBVC001_ReceiveData
 *fill*         0x08002bbe        0x2 00
 .text.USBVC001_GetLineEncoding
                0x08002bc0       0x2c Dave/Generated/src/USBVC001/usbvc001.o
                0x08002bc0                USBVC001_GetLineEncoding
 .text.USBVC001_BytesReceived
                0x08002bec       0x28 Dave/Generated/src/USBVC001/usbvc001.o
                0x08002bec                USBVC001_BytesReceived
 .text          0x08002c14        0x0 Dave/Generated/src/USBLD001/usbld001_Conf.o
 .text          0x08002c14        0x0 Dave/Generated/src/USBLD001/usbld001_delay.o
 .text.USBLD001_Timer_CallBack
                0x08002c14        0xc Dave/Generated/src/USBLD001/usbld001_delay.o
                0x08002c14                USBLD001_Timer_CallBack
 .text.USBLD001_lDelay
                0x08002c20       0x40 Dave/Generated/src/USBLD001/usbld001_delay.o
                0x08002c20                USBLD001_lDelay
 .text          0x08002c60        0x0 Dave/Generated/src/USBLD001/dwc_common_port/dwc_common_linux.o
 .text.DWC_MEMSET
                0x08002c60        0x4 Dave/Generated/src/USBLD001/dwc_common_port/dwc_common_linux.o
                0x08002c60                DWC_MEMSET
 .text.DWC_MEMCPY
                0x08002c64        0x4 Dave/Generated/src/USBLD001/dwc_common_port/dwc_common_linux.o
                0x08002c64                DWC_MEMCPY
 .text.DWC_MEMMOVE
                0x08002c68        0x4 Dave/Generated/src/USBLD001/dwc_common_port/dwc_common_linux.o
                0x08002c68                DWC_MEMMOVE
 .text.DWC_MEMCMP
                0x08002c6c        0x4 Dave/Generated/src/USBLD001/dwc_common_port/dwc_common_linux.o
                0x08002c6c                DWC_MEMCMP
 .text.DWC_STRNCMP
                0x08002c70        0x4 Dave/Generated/src/USBLD001/dwc_common_port/dwc_common_linux.o
                0x08002c70                DWC_STRNCMP
 .text.DWC_STRCMP
                0x08002c74        0x4 Dave/Generated/src/USBLD001/dwc_common_port/dwc_common_linux.o
                0x08002c74                DWC_STRCMP
 .text.DWC_STRLEN
                0x08002c78        0x4 Dave/Generated/src/USBLD001/dwc_common_port/dwc_common_linux.o
                0x08002c78                DWC_STRLEN
 .text.DWC_STRCPY
                0x08002c7c        0x4 Dave/Generated/src/USBLD001/dwc_common_port/dwc_common_linux.o
                0x08002c7c                DWC_STRCPY
 .text.DWC_STRDUP
                0x08002c80       0x20 Dave/Generated/src/USBLD001/dwc_common_port/dwc_common_linux.o
                0x08002c80                DWC_STRDUP
 .text.__DWC_DMA_ALLOC_ATOMIC
                0x08002ca0        0x4 Dave/Generated/src/USBLD001/dwc_common_port/dwc_common_linux.o
                0x08002ca0                __DWC_DMA_ALLOC_ATOMIC
 .text.__DWC_DMA_FREE
                0x08002ca4        0x2 Dave/Generated/src/USBLD001/dwc_common_port/dwc_common_linux.o
                0x08002ca4                __DWC_DMA_FREE
 .text.__DWC_ALLOC
                0x08002ca6       0x1a Dave/Generated/src/USBLD001/dwc_common_port/dwc_common_linux.o
                0x08002ca6                __DWC_ALLOC
 .text.__DWC_DMA_ALLOC
                0x08002cc0       0x10 Dave/Generated/src/USBLD001/dwc_common_port/dwc_common_linux.o
                0x08002cc0                __DWC_DMA_ALLOC
 .text.__DWC_ALLOC_ATOMIC
                0x08002cd0        0x6 Dave/Generated/src/USBLD001/dwc_common_port/dwc_common_linux.o
                0x08002cd0                __DWC_ALLOC_ATOMIC
 .text.__DWC_FREE
                0x08002cd6        0x6 Dave/Generated/src/USBLD001/dwc_common_port/dwc_common_linux.o
                0x08002cd6                __DWC_FREE
 .text.DWC_CPU_TO_LE32
                0x08002cdc       0x16 Dave/Generated/src/USBLD001/dwc_common_port/dwc_common_linux.o
                0x08002cdc                DWC_CPU_TO_LE32
 .text.DWC_CPU_TO_BE32
                0x08002cf2       0x16 Dave/Generated/src/USBLD001/dwc_common_port/dwc_common_linux.o
                0x08002cf2                DWC_CPU_TO_BE32
 .text.DWC_LE32_TO_CPU
                0x08002d08       0x16 Dave/Generated/src/USBLD001/dwc_common_port/dwc_common_linux.o
                0x08002d08                DWC_LE32_TO_CPU
 .text.DWC_BE32_TO_CPU
                0x08002d1e       0x16 Dave/Generated/src/USBLD001/dwc_common_port/dwc_common_linux.o
                0x08002d1e                DWC_BE32_TO_CPU
 .text.DWC_CPU_TO_LE16
                0x08002d34        0xa Dave/Generated/src/USBLD001/dwc_common_port/dwc_common_linux.o
                0x08002d34                DWC_CPU_TO_LE16
 .text.DWC_CPU_TO_BE16
                0x08002d3e        0xa Dave/Generated/src/USBLD001/dwc_common_port/dwc_common_linux.o
                0x08002d3e                DWC_CPU_TO_BE16
 .text.DWC_LE16_TO_CPU
                0x08002d48        0xa Dave/Generated/src/USBLD001/dwc_common_port/dwc_common_linux.o
                0x08002d48                DWC_LE16_TO_CPU
 .text.DWC_BE16_TO_CPU
                0x08002d52        0xa Dave/Generated/src/USBLD001/dwc_common_port/dwc_common_linux.o
                0x08002d52                DWC_BE16_TO_CPU
 .text.DWC_READ_REG32
                0x08002d5c        0x4 Dave/Generated/src/USBLD001/dwc_common_port/dwc_common_linux.o
                0x08002d5c                DWC_READ_REG32
 .text.DWC_WRITE_REG32
                0x08002d60        0x4 Dave/Generated/src/USBLD001/dwc_common_port/dwc_common_linux.o
                0x08002d60                DWC_WRITE_REG32
 .text.DWC_MODIFY_REG32
                0x08002d64        0xc Dave/Generated/src/USBLD001/dwc_common_port/dwc_common_linux.o
                0x08002d64                DWC_MODIFY_REG32
 .text.DWC_SPINLOCK_ALLOC
                0x08002d70        0x4 Dave/Generated/src/USBLD001/dwc_common_port/dwc_common_linux.o
                0x08002d70                DWC_SPINLOCK_ALLOC
 .text.DWC_SPINLOCK_FREE
                0x08002d74        0x2 Dave/Generated/src/USBLD001/dwc_common_port/dwc_common_linux.o
                0x08002d74                DWC_SPINLOCK_FREE
 .text.DWC_SPINLOCK
                0x08002d76        0x2 Dave/Generated/src/USBLD001/dwc_common_port/dwc_common_linux.o
                0x08002d76                DWC_SPINLOCK
 .text.DWC_SPINUNLOCK
                0x08002d78        0x2 Dave/Generated/src/USBLD001/dwc_common_port/dwc_common_linux.o
                0x08002d78                DWC_SPINUNLOCK
 *fill*         0x08002d7a        0x2 00
 .text.DWC_SPINLOCK_IRQSAVE
                0x08002d7c       0x10 Dave/Generated/src/USBLD001/dwc_common_port/dwc_common_linux.o
                0x08002d7c                DWC_SPINLOCK_IRQSAVE
 .text.DWC_SPINUNLOCK_IRQRESTORE
                0x08002d8c       0x10 Dave/Generated/src/USBLD001/dwc_common_port/dwc_common_linux.o
                0x08002d8c                DWC_SPINUNLOCK_IRQRESTORE
 .text.DWC_MUTEX_ALLOC
                0x08002d9c        0x4 Dave/Generated/src/USBLD001/dwc_common_port/dwc_common_linux.o
                0x08002d9c                DWC_MUTEX_ALLOC
 .text.DWC_MUTEX_FREE
                0x08002da0        0x2 Dave/Generated/src/USBLD001/dwc_common_port/dwc_common_linux.o
                0x08002da0                DWC_MUTEX_FREE
 .text.DWC_MUTEX_LOCK
                0x08002da2        0x2 Dave/Generated/src/USBLD001/dwc_common_port/dwc_common_linux.o
                0x08002da2                DWC_MUTEX_LOCK
 .text.DWC_MUTEX_TRYLOCK
                0x08002da4        0x4 Dave/Generated/src/USBLD001/dwc_common_port/dwc_common_linux.o
                0x08002da4                DWC_MUTEX_TRYLOCK
 .text.DWC_MUTEX_UNLOCK
                0x08002da8        0x2 Dave/Generated/src/USBLD001/dwc_common_port/dwc_common_linux.o
                0x08002da8                DWC_MUTEX_UNLOCK
 .text.DWC_UDELAY
                0x08002daa       0x22 Dave/Generated/src/USBLD001/dwc_common_port/dwc_common_linux.o
                0x08002daa                DWC_UDELAY
 .text.DWC_MDELAY
                0x08002dcc        0x4 Dave/Generated/src/USBLD001/dwc_common_port/dwc_common_linux.o
                0x08002dcc                DWC_MDELAY
 .text.DWC_MSLEEP
                0x08002dd0        0xc Dave/Generated/src/USBLD001/dwc_common_port/dwc_common_linux.o
                0x08002dd0                DWC_MSLEEP
 .text.DWC_TIME
                0x08002ddc        0x4 Dave/Generated/src/USBLD001/dwc_common_port/dwc_common_linux.o
                0x08002ddc                DWC_TIME
 .text.DWC_TIMER_ALLOC
                0x08002de0       0x16 Dave/Generated/src/USBLD001/dwc_common_port/dwc_common_linux.o
                0x08002de0                DWC_TIMER_ALLOC
 .text.DWC_TIMER_FREE
                0x08002df6        0x4 Dave/Generated/src/USBLD001/dwc_common_port/dwc_common_linux.o
                0x08002df6                DWC_TIMER_FREE
 .text.DWC_TIMER_SCHEDULE
                0x08002dfa        0x2 Dave/Generated/src/USBLD001/dwc_common_port/dwc_common_linux.o
                0x08002dfa                DWC_TIMER_SCHEDULE
 .text.DWC_TIMER_CANCEL
                0x08002dfc        0x2 Dave/Generated/src/USBLD001/dwc_common_port/dwc_common_linux.o
                0x08002dfc                DWC_TIMER_CANCEL
 .text.DWC_WAITQ_ALLOC
                0x08002dfe        0x4 Dave/Generated/src/USBLD001/dwc_common_port/dwc_common_linux.o
                0x08002dfe                DWC_WAITQ_ALLOC
 .text.DWC_WAITQ_FREE
                0x08002e02        0x2 Dave/Generated/src/USBLD001/dwc_common_port/dwc_common_linux.o
                0x08002e02                DWC_WAITQ_FREE
 .text.DWC_WAITQ_WAIT
                0x08002e04        0x4 Dave/Generated/src/USBLD001/dwc_common_port/dwc_common_linux.o
                0x08002e04                DWC_WAITQ_WAIT
 .text.DWC_WAITQ_WAIT_TIMEOUT
                0x08002e08        0x4 Dave/Generated/src/USBLD001/dwc_common_port/dwc_common_linux.o
                0x08002e08                DWC_WAITQ_WAIT_TIMEOUT
 .text.DWC_WAITQ_TRIGGER
                0x08002e0c        0x2 Dave/Generated/src/USBLD001/dwc_common_port/dwc_common_linux.o
                0x08002e0c                DWC_WAITQ_TRIGGER
 .text.DWC_WAITQ_ABORT
                0x08002e0e        0x2 Dave/Generated/src/USBLD001/dwc_common_port/dwc_common_linux.o
                0x08002e0e                DWC_WAITQ_ABORT
 .text.DWC_THREAD_RUN
                0x08002e10        0x4 Dave/Generated/src/USBLD001/dwc_common_port/dwc_common_linux.o
                0x08002e10                DWC_THREAD_RUN
 .text.DWC_THREAD_STOP
                0x08002e14        0x4 Dave/Generated/src/USBLD001/dwc_common_port/dwc_common_linux.o
                0x08002e14                DWC_THREAD_STOP
 .text.DWC_THREAD_SHOULD_STOP
                0x08002e18        0x4 Dave/Generated/src/USBLD001/dwc_common_port/dwc_common_linux.o
                0x08002e18                DWC_THREAD_SHOULD_STOP
 .text.DWC_TASK_ALLOC
                0x08002e1c       0x16 Dave/Generated/src/USBLD001/dwc_common_port/dwc_common_linux.o
                0x08002e1c                DWC_TASK_ALLOC
 .text.DWC_TASK_FREE
                0x08002e32        0x4 Dave/Generated/src/USBLD001/dwc_common_port/dwc_common_linux.o
                0x08002e32                DWC_TASK_FREE
 .text.DWC_TASK_SCHEDULE
                0x08002e36        0x2 Dave/Generated/src/USBLD001/dwc_common_port/dwc_common_linux.o
                0x08002e36                DWC_TASK_SCHEDULE
 .text.DWC_WORKQ_WAIT_WORK_DONE
                0x08002e38        0x4 Dave/Generated/src/USBLD001/dwc_common_port/dwc_common_linux.o
                0x08002e38                DWC_WORKQ_WAIT_WORK_DONE
 .text.DWC_WORKQ_ALLOC
                0x08002e3c        0x8 Dave/Generated/src/USBLD001/dwc_common_port/dwc_common_linux.o
                0x08002e3c                DWC_WORKQ_ALLOC
 .text.DWC_WORKQ_FREE
                0x08002e44        0x4 Dave/Generated/src/USBLD001/dwc_common_port/dwc_common_linux.o
                0x08002e44                DWC_WORKQ_FREE
 .text.DWC_WORKQ_SCHEDULE
                0x08002e48        0x6 Dave/Generated/src/USBLD001/dwc_common_port/dwc_common_linux.o
                0x08002e48                DWC_WORKQ_SCHEDULE
 .text.DWC_WORKQ_SCHEDULE_DELAYED
                0x08002e4e        0x2 Dave/Generated/src/USBLD001/dwc_common_port/dwc_common_linux.o
                0x08002e4e                DWC_WORKQ_SCHEDULE_DELAYED
 .text.DWC_WORKQ_PENDING
                0x08002e50        0x4 Dave/Generated/src/USBLD001/dwc_common_port/dwc_common_linux.o
                0x08002e50                DWC_WORKQ_PENDING
 .text          0x08002e54        0x0 Dave/Generated/src/USBLD001/driver/dwc_otg_adp.o
 .text.cil_hcd_start
                0x08002e54       0x10 Dave/Generated/src/USBLD001/driver/dwc_otg_adp.o
 .text.cil_pcd_start
                0x08002e64       0x10 Dave/Generated/src/USBLD001/driver/dwc_otg_adp.o
 .text.dwc_otg_adp_write_reg
                0x08002e74       0x2e Dave/Generated/src/USBLD001/driver/dwc_otg_adp.o
                0x08002e74                dwc_otg_adp_write_reg
 .text.dwc_otg_adp_read_reg
                0x08002ea2       0x30 Dave/Generated/src/USBLD001/driver/dwc_otg_adp.o
                0x08002ea2                dwc_otg_adp_read_reg
 .text.dwc_otg_adp_modify_reg
                0x08002ed2       0x1c Dave/Generated/src/USBLD001/driver/dwc_otg_adp.o
                0x08002ed2                dwc_otg_adp_modify_reg
 .text.dwc_otg_adp_vbuson_timer_start
                0x08002eee       0x12 Dave/Generated/src/USBLD001/driver/dwc_otg_adp.o
                0x08002eee                dwc_otg_adp_vbuson_timer_start
 .text.dwc_otg_adp_probe_start
                0x08002f00      0x1cc Dave/Generated/src/USBLD001/driver/dwc_otg_adp.o
                0x08002f00                dwc_otg_adp_probe_start
 .text.adp_vbuson_timeout
                0x080030cc       0x80 Dave/Generated/src/USBLD001/driver/dwc_otg_adp.o
 .text.dwc_otg_adp_sense_timer_start
                0x0800314c       0x12 Dave/Generated/src/USBLD001/driver/dwc_otg_adp.o
                0x0800314c                dwc_otg_adp_sense_timer_start
 .text.dwc_otg_adp_sense_start
                0x0800315e       0x42 Dave/Generated/src/USBLD001/driver/dwc_otg_adp.o
                0x0800315e                dwc_otg_adp_sense_start
 .text.dwc_otg_adp_probe_stop
                0x080031a0       0x3a Dave/Generated/src/USBLD001/driver/dwc_otg_adp.o
                0x080031a0                dwc_otg_adp_probe_stop
 .text.dwc_otg_adp_sense_stop
                0x080031da       0x3a Dave/Generated/src/USBLD001/driver/dwc_otg_adp.o
                0x080031da                dwc_otg_adp_sense_stop
 .text.adp_sense_timeout
                0x08003214       0x20 Dave/Generated/src/USBLD001/driver/dwc_otg_adp.o
 .text.dwc_otg_adp_turnon_vbus
                0x08003234       0x1c Dave/Generated/src/USBLD001/driver/dwc_otg_adp.o
                0x08003234                dwc_otg_adp_turnon_vbus
 .text.dwc_otg_adp_start
                0x08003250       0x7a Dave/Generated/src/USBLD001/driver/dwc_otg_adp.o
                0x08003250                dwc_otg_adp_start
 *fill*         0x080032ca        0x2 00
 .text.dwc_otg_adp_init
                0x080032cc       0x5c Dave/Generated/src/USBLD001/driver/dwc_otg_adp.o
                0x080032cc                dwc_otg_adp_init
 .text.dwc_otg_adp_remove
                0x08003328       0x18 Dave/Generated/src/USBLD001/driver/dwc_otg_adp.o
                0x08003328                dwc_otg_adp_remove
 .text.dwc_otg_adp_handle_intr
                0x08003340      0x1bc Dave/Generated/src/USBLD001/driver/dwc_otg_adp.o
                0x08003340                dwc_otg_adp_handle_intr
 .text.dwc_otg_adp_handle_srp_intr
                0x080034fc       0xd0 Dave/Generated/src/USBLD001/driver/dwc_otg_adp.o
                0x080034fc                dwc_otg_adp_handle_srp_intr
 .text          0x080035cc        0x0 Dave/Generated/src/USBLD001/driver/dwc_otg_cil.o
 .text.dwc_otg_read_hprt0
                0x080035cc       0x10 Dave/Generated/src/USBLD001/driver/dwc_otg_cil.o
 .text.init_fslspclksel
                0x080035dc       0x46 Dave/Generated/src/USBLD001/driver/dwc_otg_cil.o
 .text.dwc_otg_enable_common_interrupts
                0x08003622       0x38 Dave/Generated/src/USBLD001/driver/dwc_otg_cil.o
 .text.init_devspd
                0x0800365a       0x4a Dave/Generated/src/USBLD001/driver/dwc_otg_cil.o
 .text.init_dma_desc_chain.isra.0
                0x080036a4       0xbe Dave/Generated/src/USBLD001/driver/dwc_otg_cil.o
 .text.hc_set_even_odd_frame
                0x08003762       0x2e Dave/Generated/src/USBLD001/driver/dwc_otg_cil.o
 .text.dwc_otg_cil_remove
                0x08003790       0x72 Dave/Generated/src/USBLD001/driver/dwc_otg_cil.o
                0x08003790                dwc_otg_cil_remove
 .text.dwc_otg_enable_global_interrupts
                0x08003802        0xc Dave/Generated/src/USBLD001/driver/dwc_otg_cil.o
                0x08003802                dwc_otg_enable_global_interrupts
 .text.dwc_otg_disable_global_interrupts
                0x0800380e        0xc Dave/Generated/src/USBLD001/driver/dwc_otg_cil.o
                0x0800380e                dwc_otg_disable_global_interrupts
 *fill*         0x0800381a        0x2 00
 .text.dwc_otg_save_global_regs
                0x0800381c       0xa8 Dave/Generated/src/USBLD001/driver/dwc_otg_cil.o
                0x0800381c                dwc_otg_save_global_regs
 .text.dwc_otg_save_gintmsk_reg
                0x080038c4       0x30 Dave/Generated/src/USBLD001/driver/dwc_otg_cil.o
                0x080038c4                dwc_otg_save_gintmsk_reg
 .text.dwc_otg_save_dev_regs
                0x080038f4       0xd0 Dave/Generated/src/USBLD001/driver/dwc_otg_cil.o
                0x080038f4                dwc_otg_save_dev_regs
 .text.dwc_otg_save_host_regs
                0x080039c4       0x74 Dave/Generated/src/USBLD001/driver/dwc_otg_cil.o
                0x080039c4                dwc_otg_save_host_regs
 .text.dwc_otg_restore_global_regs
                0x08003a38       0xa4 Dave/Generated/src/USBLD001/driver/dwc_otg_cil.o
                0x08003a38                dwc_otg_restore_global_regs
 .text.dwc_otg_restore_dev_regs
                0x08003adc       0xb4 Dave/Generated/src/USBLD001/driver/dwc_otg_cil.o
                0x08003adc                dwc_otg_restore_dev_regs
 .text.dwc_otg_restore_host_regs
                0x08003b90       0x4e Dave/Generated/src/USBLD001/driver/dwc_otg_cil.o
                0x08003b90                dwc_otg_restore_host_regs
 .text.restore_lpm_i2c_regs
                0x08003bde       0x16 Dave/Generated/src/USBLD001/driver/dwc_otg_cil.o
                0x08003bde                restore_lpm_i2c_regs
 .text.restore_essential_regs
                0x08003bf4       0xdc Dave/Generated/src/USBLD001/driver/dwc_otg_cil.o
                0x08003bf4                restore_essential_regs
 .text.dwc_otg_device_hibernation_restore
                0x08003cd0      0x190 Dave/Generated/src/USBLD001/driver/dwc_otg_cil.o
                0x08003cd0                dwc_otg_device_hibernation_restore
 .text.dwc_otg_host_hibernation_restore
                0x08003e60      0x1d0 Dave/Generated/src/USBLD001/driver/dwc_otg_cil.o
                0x08003e60                dwc_otg_host_hibernation_restore
 .text.dwc_otg_enable_device_interrupts
                0x08004030       0x4e Dave/Generated/src/USBLD001/driver/dwc_otg_cil.o
                0x08004030                dwc_otg_enable_device_interrupts
 *fill*         0x0800407e        0x2 00
 .text.dwc_otg_enable_host_interrupts
                0x08004080       0x38 Dave/Generated/src/USBLD001/driver/dwc_otg_cil.o
                0x08004080                dwc_otg_enable_host_interrupts
 .text.dwc_otg_disable_host_interrupts
                0x080040b8       0x10 Dave/Generated/src/USBLD001/driver/dwc_otg_cil.o
                0x080040b8                dwc_otg_disable_host_interrupts
 .text.dwc_otg_hc_init
                0x080040c8      0x18e Dave/Generated/src/USBLD001/driver/dwc_otg_cil.o
                0x080040c8                dwc_otg_hc_init
 .text.dwc_otg_hc_halt
                0x08004256       0xc6 Dave/Generated/src/USBLD001/driver/dwc_otg_cil.o
                0x08004256                dwc_otg_hc_halt
 .text.dwc_otg_hc_cleanup
                0x0800431c       0x2a Dave/Generated/src/USBLD001/driver/dwc_otg_cil.o
                0x0800431c                dwc_otg_hc_cleanup
 .text.set_pid_isoc
                0x08004346       0x46 Dave/Generated/src/USBLD001/driver/dwc_otg_cil.o
                0x08004346                set_pid_isoc
 .text.dwc_otg_hc_start_transfer_ddma
                0x0800438c       0x94 Dave/Generated/src/USBLD001/driver/dwc_otg_cil.o
                0x0800438c                dwc_otg_hc_start_transfer_ddma
 .text.dwc_otg_hc_do_ping
                0x08004420       0x34 Dave/Generated/src/USBLD001/driver/dwc_otg_cil.o
                0x08004420                dwc_otg_hc_do_ping
 .text.dwc_otg_hc_write_packet
                0x08004454       0x7e Dave/Generated/src/USBLD001/driver/dwc_otg_cil.o
                0x08004454                dwc_otg_hc_write_packet
 .text.dwc_otg_hc_continue_transfer
                0x080044d2       0xa4 Dave/Generated/src/USBLD001/driver/dwc_otg_cil.o
                0x080044d2                dwc_otg_hc_continue_transfer
 .text.dwc_otg_hc_start_transfer
                0x08004576      0x1be Dave/Generated/src/USBLD001/driver/dwc_otg_cil.o
                0x08004576                dwc_otg_hc_start_transfer
 .text.dwc_otg_get_frame_number
                0x08004734       0x12 Dave/Generated/src/USBLD001/driver/dwc_otg_cil.o
                0x08004734                dwc_otg_get_frame_number
 .text.calc_frame_interval
                0x08004746       0x8c Dave/Generated/src/USBLD001/driver/dwc_otg_cil.o
                0x08004746                calc_frame_interval
 .text.dwc_otg_read_setup_packet
                0x080047d2       0x18 Dave/Generated/src/USBLD001/driver/dwc_otg_cil.o
                0x080047d2                dwc_otg_read_setup_packet
 .text.dwc_otg_ep0_activate
                0x080047ea       0x56 Dave/Generated/src/USBLD001/driver/dwc_otg_cil.o
                0x080047ea                dwc_otg_ep0_activate
 .text.dwc_otg_ep_activate
                0x08004840       0xba Dave/Generated/src/USBLD001/driver/dwc_otg_cil.o
                0x08004840                dwc_otg_ep_activate
 .text.dwc_otg_ep_deactivate
                0x080048fa       0xa0 Dave/Generated/src/USBLD001/driver/dwc_otg_cil.o
                0x080048fa                dwc_otg_ep_deactivate
 .text.dwc_otg_ep_start_transfer
                0x0800499a      0x1f4 Dave/Generated/src/USBLD001/driver/dwc_otg_cil.o
                0x0800499a                dwc_otg_ep_start_transfer
 .text.dwc_otg_ep_start_zl_transfer
                0x08004b8e      0x100 Dave/Generated/src/USBLD001/driver/dwc_otg_cil.o
                0x08004b8e                dwc_otg_ep_start_zl_transfer
 .text.dwc_otg_ep0_start_transfer
                0x08004c8e      0x1ee Dave/Generated/src/USBLD001/driver/dwc_otg_cil.o
                0x08004c8e                dwc_otg_ep0_start_transfer
 .text.dwc_otg_ep0_continue_transfer
                0x08004e7c      0x1e8 Dave/Generated/src/USBLD001/driver/dwc_otg_cil.o
                0x08004e7c                dwc_otg_ep0_continue_transfer
 .text.dwc_otg_ep_write_packet
                0x08005064       0x6e Dave/Generated/src/USBLD001/driver/dwc_otg_cil.o
                0x08005064                dwc_otg_ep_write_packet
 .text.dwc_otg_ep_set_stall
                0x080050d2       0x4a Dave/Generated/src/USBLD001/driver/dwc_otg_cil.o
                0x080050d2                dwc_otg_ep_set_stall
 .text.dwc_otg_ep_clear_stall
                0x0800511c       0x40 Dave/Generated/src/USBLD001/driver/dwc_otg_cil.o
                0x0800511c                dwc_otg_ep_clear_stall
 .text.dwc_otg_read_packet
                0x0800515c       0x20 Dave/Generated/src/USBLD001/driver/dwc_otg_cil.o
                0x0800515c                dwc_otg_read_packet
 .text.dwc_otg_dump_dev_registers
                0x0800517c        0x2 Dave/Generated/src/USBLD001/driver/dwc_otg_cil.o
                0x0800517c                dwc_otg_dump_dev_registers
 .text.dwc_otg_dump_spram
                0x0800517e        0x2 Dave/Generated/src/USBLD001/driver/dwc_otg_cil.o
                0x0800517e                dwc_otg_dump_spram
 .text.dwc_otg_dump_host_registers
                0x08005180        0x2 Dave/Generated/src/USBLD001/driver/dwc_otg_cil.o
                0x08005180                dwc_otg_dump_host_registers
 .text.dwc_otg_dump_global_registers
                0x08005182        0x2 Dave/Generated/src/USBLD001/driver/dwc_otg_cil.o
                0x08005182                dwc_otg_dump_global_registers
 .text.dwc_otg_flush_tx_fifo
                0x08005184       0x4a Dave/Generated/src/USBLD001/driver/dwc_otg_cil.o
                0x08005184                dwc_otg_flush_tx_fifo
 .text.dwc_otg_flush_rx_fifo
                0x080051ce       0x42 Dave/Generated/src/USBLD001/driver/dwc_otg_cil.o
                0x080051ce                dwc_otg_flush_rx_fifo
 .text.dwc_otg_core_host_init
                0x08005210      0x204 Dave/Generated/src/USBLD001/driver/dwc_otg_cil.o
                0x08005210                dwc_otg_core_host_init
 .text.dwc_otg_core_dev_init
                0x08005414      0x33e Dave/Generated/src/USBLD001/driver/dwc_otg_cil.o
                0x08005414                dwc_otg_core_dev_init
 *fill*         0x08005752        0x2 00
 .text.dwc_otg_core_reset
                0x08005754       0x64 Dave/Generated/src/USBLD001/driver/dwc_otg_cil.o
                0x08005754                dwc_otg_core_reset
 .text.dwc_otg_is_device_mode
                0x080057b8       0x14 Dave/Generated/src/USBLD001/driver/dwc_otg_cil.o
                0x080057b8                dwc_otg_is_device_mode
 .text.dwc_otg_is_host_mode
                0x080057cc       0x10 Dave/Generated/src/USBLD001/driver/dwc_otg_cil.o
                0x080057cc                dwc_otg_is_host_mode
 .text.dwc_otg_core_init
                0x080057dc      0x3b8 Dave/Generated/src/USBLD001/driver/dwc_otg_cil.o
                0x080057dc                dwc_otg_core_init
 .text.dwc_otg_cil_register_hcd_callbacks
                0x08005b94        0x6 Dave/Generated/src/USBLD001/driver/dwc_otg_cil.o
                0x08005b94                dwc_otg_cil_register_hcd_callbacks
 .text.dwc_otg_cil_register_pcd_callbacks
                0x08005b9a        0x6 Dave/Generated/src/USBLD001/driver/dwc_otg_cil.o
                0x08005b9a                dwc_otg_cil_register_pcd_callbacks
 .text.dwc_otg_is_dma_enable
                0x08005ba0        0x6 Dave/Generated/src/USBLD001/driver/dwc_otg_cil.o
                0x08005ba0                dwc_otg_is_dma_enable
 .text.dwc_otg_set_param_otg_cap
                0x08005ba6       0x60 Dave/Generated/src/USBLD001/driver/dwc_otg_cil.o
                0x08005ba6                dwc_otg_set_param_otg_cap
 .text.dwc_otg_get_param_otg_cap
                0x08005c06        0x6 Dave/Generated/src/USBLD001/driver/dwc_otg_cil.o
                0x08005c06                dwc_otg_get_param_otg_cap
 .text.dwc_otg_set_param_opt
                0x08005c0c       0x12 Dave/Generated/src/USBLD001/driver/dwc_otg_cil.o
                0x08005c0c                dwc_otg_set_param_opt
 .text.dwc_otg_get_param_opt
                0x08005c1e        0x6 Dave/Generated/src/USBLD001/driver/dwc_otg_cil.o
                0x08005c1e                dwc_otg_get_param_opt
 .text.dwc_otg_set_param_dma_enable
                0x08005c24       0x36 Dave/Generated/src/USBLD001/driver/dwc_otg_cil.o
                0x08005c24                dwc_otg_set_param_dma_enable
 .text.dwc_otg_get_param_dma_enable
                0x08005c5a        0x6 Dave/Generated/src/USBLD001/driver/dwc_otg_cil.o
                0x08005c5a                dwc_otg_get_param_dma_enable
 .text.dwc_otg_set_param_dma_desc_enable
                0x08005c60       0x3e Dave/Generated/src/USBLD001/driver/dwc_otg_cil.o
                0x08005c60                dwc_otg_set_param_dma_desc_enable
 .text.dwc_otg_get_param_dma_desc_enable
                0x08005c9e        0x6 Dave/Generated/src/USBLD001/driver/dwc_otg_cil.o
                0x08005c9e                dwc_otg_get_param_dma_desc_enable
 .text.dwc_otg_set_param_host_support_fs_ls_low_power
                0x08005ca4       0x12 Dave/Generated/src/USBLD001/driver/dwc_otg_cil.o
                0x08005ca4                dwc_otg_set_param_host_support_fs_ls_low_power
 .text.dwc_otg_get_param_host_support_fs_ls_low_power
                0x08005cb6        0x6 Dave/Generated/src/USBLD001/driver/dwc_otg_cil.o
                0x08005cb6                dwc_otg_get_param_host_support_fs_ls_low_power
 .text.dwc_otg_set_param_enable_dynamic_fifo
                0x08005cbc       0x32 Dave/Generated/src/USBLD001/driver/dwc_otg_cil.o
                0x08005cbc                dwc_otg_set_param_enable_dynamic_fifo
 .text.dwc_otg_get_param_enable_dynamic_fifo
                0x08005cee        0x6 Dave/Generated/src/USBLD001/driver/dwc_otg_cil.o
                0x08005cee                dwc_otg_get_param_enable_dynamic_fifo
 .text.dwc_otg_set_param_data_fifo_size
                0x08005cf4       0x2c Dave/Generated/src/USBLD001/driver/dwc_otg_cil.o
                0x08005cf4                dwc_otg_set_param_data_fifo_size
 .text.dwc_otg_get_param_data_fifo_size
                0x08005d20        0x6 Dave/Generated/src/USBLD001/driver/dwc_otg_cil.o
                0x08005d20                dwc_otg_get_param_data_fifo_size
 .text.dwc_otg_set_param_dev_rx_fifo_size
                0x08005d26       0x3c Dave/Generated/src/USBLD001/driver/dwc_otg_cil.o
                0x08005d26                dwc_otg_set_param_dev_rx_fifo_size
 .text.dwc_otg_get_param_dev_rx_fifo_size
                0x08005d62        0x6 Dave/Generated/src/USBLD001/driver/dwc_otg_cil.o
                0x08005d62                dwc_otg_get_param_dev_rx_fifo_size
 .text.dwc_otg_set_param_dev_nperio_tx_fifo_size
                0x08005d68       0x3e Dave/Generated/src/USBLD001/driver/dwc_otg_cil.o
                0x08005d68                dwc_otg_set_param_dev_nperio_tx_fifo_size
 .text.dwc_otg_get_param_dev_nperio_tx_fifo_size
                0x08005da6        0x6 Dave/Generated/src/USBLD001/driver/dwc_otg_cil.o
                0x08005da6                dwc_otg_get_param_dev_nperio_tx_fifo_size
 .text.dwc_otg_set_param_host_rx_fifo_size
                0x08005dac       0x3c Dave/Generated/src/USBLD001/driver/dwc_otg_cil.o
                0x08005dac                dwc_otg_set_param_host_rx_fifo_size
 .text.dwc_otg_get_param_host_rx_fifo_size
                0x08005de8        0x6 Dave/Generated/src/USBLD001/driver/dwc_otg_cil.o
                0x08005de8                dwc_otg_get_param_host_rx_fifo_size
 .text.dwc_otg_set_param_host_nperio_tx_fifo_size
                0x08005dee       0x3e Dave/Generated/src/USBLD001/driver/dwc_otg_cil.o
                0x08005dee                dwc_otg_set_param_host_nperio_tx_fifo_size
 .text.dwc_otg_get_param_host_nperio_tx_fifo_size
                0x08005e2c        0x6 Dave/Generated/src/USBLD001/driver/dwc_otg_cil.o
                0x08005e2c                dwc_otg_get_param_host_nperio_tx_fifo_size
 .text.dwc_otg_set_param_host_perio_tx_fifo_size
                0x08005e32       0x42 Dave/Generated/src/USBLD001/driver/dwc_otg_cil.o
                0x08005e32                dwc_otg_set_param_host_perio_tx_fifo_size
 .text.dwc_otg_get_param_host_perio_tx_fifo_size
                0x08005e74        0x6 Dave/Generated/src/USBLD001/driver/dwc_otg_cil.o
                0x08005e74                dwc_otg_get_param_host_perio_tx_fifo_size
 *fill*         0x08005e7a        0x2 00
 .text.dwc_otg_set_param_max_transfer_size
                0x08005e7c       0x48 Dave/Generated/src/USBLD001/driver/dwc_otg_cil.o
                0x08005e7c                dwc_otg_set_param_max_transfer_size
 .text.dwc_otg_get_param_max_transfer_size
                0x08005ec4        0x6 Dave/Generated/src/USBLD001/driver/dwc_otg_cil.o
                0x08005ec4                dwc_otg_get_param_max_transfer_size
 .text.dwc_otg_set_param_max_packet_count
                0x08005eca       0x36 Dave/Generated/src/USBLD001/driver/dwc_otg_cil.o
                0x08005eca                dwc_otg_set_param_max_packet_count
 .text.dwc_otg_get_param_max_packet_count
                0x08005f00        0x6 Dave/Generated/src/USBLD001/driver/dwc_otg_cil.o
                0x08005f00                dwc_otg_get_param_max_packet_count
 .text.dwc_otg_set_param_host_channels
                0x08005f06       0x2c Dave/Generated/src/USBLD001/driver/dwc_otg_cil.o
                0x08005f06                dwc_otg_set_param_host_channels
 .text.dwc_otg_get_param_host_channels
                0x08005f32        0x8 Dave/Generated/src/USBLD001/driver/dwc_otg_cil.o
                0x08005f32                dwc_otg_get_param_host_channels
 .text.dwc_otg_set_param_dev_endpoints
                0x08005f3a       0x2c Dave/Generated/src/USBLD001/driver/dwc_otg_cil.o
                0x08005f3a                dwc_otg_set_param_dev_endpoints
 .text.dwc_otg_get_param_dev_endpoints
                0x08005f66        0x8 Dave/Generated/src/USBLD001/driver/dwc_otg_cil.o
                0x08005f66                dwc_otg_get_param_dev_endpoints
 .text.dwc_otg_set_param_phy_type
                0x08005f6e       0x78 Dave/Generated/src/USBLD001/driver/dwc_otg_cil.o
                0x08005f6e                dwc_otg_set_param_phy_type
 .text.dwc_otg_get_param_phy_type
                0x08005fe6        0x8 Dave/Generated/src/USBLD001/driver/dwc_otg_cil.o
                0x08005fe6                dwc_otg_get_param_phy_type
 .text.dwc_otg_set_param_speed
                0x08005fee       0x30 Dave/Generated/src/USBLD001/driver/dwc_otg_cil.o
                0x08005fee                dwc_otg_set_param_speed
 .text.dwc_otg_get_param_speed
                0x0800601e        0x6 Dave/Generated/src/USBLD001/driver/dwc_otg_cil.o
                0x0800601e                dwc_otg_get_param_speed
 .text.dwc_otg_set_param_host_ls_low_power_phy_clk
                0x08006024       0x30 Dave/Generated/src/USBLD001/driver/dwc_otg_cil.o
                0x08006024                dwc_otg_set_param_host_ls_low_power_phy_clk
 .text.dwc_otg_get_param_host_ls_low_power_phy_clk
                0x08006054        0x6 Dave/Generated/src/USBLD001/driver/dwc_otg_cil.o
                0x08006054                dwc_otg_get_param_host_ls_low_power_phy_clk
 .text.dwc_otg_set_param_phy_ulpi_ddr
                0x0800605a       0x14 Dave/Generated/src/USBLD001/driver/dwc_otg_cil.o
                0x0800605a                dwc_otg_set_param_phy_ulpi_ddr
 .text.dwc_otg_get_param_phy_ulpi_ddr
                0x0800606e        0x8 Dave/Generated/src/USBLD001/driver/dwc_otg_cil.o
                0x0800606e                dwc_otg_get_param_phy_ulpi_ddr
 .text.dwc_otg_set_param_phy_ulpi_ext_vbus
                0x08006076       0x14 Dave/Generated/src/USBLD001/driver/dwc_otg_cil.o
                0x08006076                dwc_otg_set_param_phy_ulpi_ext_vbus
 .text.dwc_otg_get_param_phy_ulpi_ext_vbus
                0x0800608a        0x8 Dave/Generated/src/USBLD001/driver/dwc_otg_cil.o
                0x0800608a                dwc_otg_get_param_phy_ulpi_ext_vbus
 .text.dwc_otg_set_param_phy_utmi_width
                0x08006092       0x18 Dave/Generated/src/USBLD001/driver/dwc_otg_cil.o
                0x08006092                dwc_otg_set_param_phy_utmi_width
 .text.dwc_otg_get_param_phy_utmi_width
                0x080060aa        0x8 Dave/Generated/src/USBLD001/driver/dwc_otg_cil.o
                0x080060aa                dwc_otg_get_param_phy_utmi_width
 .text.dwc_otg_set_param_ulpi_fs_ls
                0x080060b2       0x14 Dave/Generated/src/USBLD001/driver/dwc_otg_cil.o
                0x080060b2                dwc_otg_set_param_ulpi_fs_ls
 .text.dwc_otg_get_param_ulpi_fs_ls
                0x080060c6        0x8 Dave/Generated/src/USBLD001/driver/dwc_otg_cil.o
                0x080060c6                dwc_otg_get_param_ulpi_fs_ls
 .text.dwc_otg_set_param_ts_dline
                0x080060ce       0x14 Dave/Generated/src/USBLD001/driver/dwc_otg_cil.o
                0x080060ce                dwc_otg_set_param_ts_dline
 .text.dwc_otg_get_param_ts_dline
                0x080060e2        0x8 Dave/Generated/src/USBLD001/driver/dwc_otg_cil.o
                0x080060e2                dwc_otg_get_param_ts_dline
 .text.dwc_otg_set_param_i2c_enable
                0x080060ea       0x34 Dave/Generated/src/USBLD001/driver/dwc_otg_cil.o
                0x080060ea                dwc_otg_set_param_i2c_enable
 .text.dwc_otg_get_param_i2c_enable
                0x0800611e        0x8 Dave/Generated/src/USBLD001/driver/dwc_otg_cil.o
                0x0800611e                dwc_otg_get_param_i2c_enable
 .text.dwc_otg_set_param_dev_perio_tx_fifo_size
                0x08006126       0x48 Dave/Generated/src/USBLD001/driver/dwc_otg_cil.o
                0x08006126                dwc_otg_set_param_dev_perio_tx_fifo_size
 .text.dwc_otg_get_param_dev_perio_tx_fifo_size
                0x0800616e        0xa Dave/Generated/src/USBLD001/driver/dwc_otg_cil.o
                0x0800616e                dwc_otg_get_param_dev_perio_tx_fifo_size
 .text.dwc_otg_set_param_en_multiple_tx_fifo
                0x08006178       0x34 Dave/Generated/src/USBLD001/driver/dwc_otg_cil.o
                0x08006178                dwc_otg_set_param_en_multiple_tx_fifo
 .text.dwc_otg_get_param_en_multiple_tx_fifo
                0x080061ac        0x8 Dave/Generated/src/USBLD001/driver/dwc_otg_cil.o
                0x080061ac                dwc_otg_get_param_en_multiple_tx_fifo
 .text.dwc_otg_set_param_dev_tx_fifo_size
                0x080061b4       0x48 Dave/Generated/src/USBLD001/driver/dwc_otg_cil.o
                0x080061b4                dwc_otg_set_param_dev_tx_fifo_size
 .text.dwc_otg_get_param_dev_tx_fifo_size
                0x080061fc        0xa Dave/Generated/src/USBLD001/driver/dwc_otg_cil.o
                0x080061fc                dwc_otg_get_param_dev_tx_fifo_size
 .text.dwc_otg_set_param_thr_ctl
                0x08006206       0x3e Dave/Generated/src/USBLD001/driver/dwc_otg_cil.o
                0x08006206                dwc_otg_set_param_thr_ctl
 .text.dwc_otg_get_param_thr_ctl
                0x08006244        0x8 Dave/Generated/src/USBLD001/driver/dwc_otg_cil.o
                0x08006244                dwc_otg_get_param_thr_ctl
 .text.dwc_otg_set_param_lpm_enable
                0x0800624c       0x30 Dave/Generated/src/USBLD001/driver/dwc_otg_cil.o
                0x0800624c                dwc_otg_set_param_lpm_enable
 .text.dwc_otg_get_param_lpm_enable
                0x0800627c        0x8 Dave/Generated/src/USBLD001/driver/dwc_otg_cil.o
                0x0800627c                dwc_otg_get_param_lpm_enable
 .text.dwc_otg_set_param_tx_thr_length
                0x08006284       0x18 Dave/Generated/src/USBLD001/driver/dwc_otg_cil.o
                0x08006284                dwc_otg_set_param_tx_thr_length
 .text.dwc_otg_get_param_tx_thr_length
                0x0800629c        0x8 Dave/Generated/src/USBLD001/driver/dwc_otg_cil.o
                0x0800629c                dwc_otg_get_param_tx_thr_length
 .text.dwc_otg_set_param_rx_thr_length
                0x080062a4       0x18 Dave/Generated/src/USBLD001/driver/dwc_otg_cil.o
                0x080062a4                dwc_otg_set_param_rx_thr_length
 .text.dwc_otg_get_param_rx_thr_length
                0x080062bc        0x8 Dave/Generated/src/USBLD001/driver/dwc_otg_cil.o
                0x080062bc                dwc_otg_get_param_rx_thr_length
 .text.dwc_otg_set_param_dma_burst_size
                0x080062c4       0x30 Dave/Generated/src/USBLD001/driver/dwc_otg_cil.o
                0x080062c4                dwc_otg_set_param_dma_burst_size
 .text.dwc_otg_get_param_dma_burst_size
                0x080062f4        0x6 Dave/Generated/src/USBLD001/driver/dwc_otg_cil.o
                0x080062f4                dwc_otg_get_param_dma_burst_size
 *fill*         0x080062fa        0x2 00
 .text.dwc_otg_set_param_pti_enable
                0x080062fc       0x34 Dave/Generated/src/USBLD001/driver/dwc_otg_cil.o
                0x080062fc                dwc_otg_set_param_pti_enable
 .text.dwc_otg_get_param_pti_enable
                0x08006330        0x8 Dave/Generated/src/USBLD001/driver/dwc_otg_cil.o
                0x08006330                dwc_otg_get_param_pti_enable
 .text.dwc_otg_set_param_mpi_enable
                0x08006338       0x32 Dave/Generated/src/USBLD001/driver/dwc_otg_cil.o
                0x08006338                dwc_otg_set_param_mpi_enable
 .text.dwc_otg_get_param_mpi_enable
                0x0800636a        0x8 Dave/Generated/src/USBLD001/driver/dwc_otg_cil.o
                0x0800636a                dwc_otg_get_param_mpi_enable
 .text.dwc_otg_set_param_adp_enable
                0x08006372       0x32 Dave/Generated/src/USBLD001/driver/dwc_otg_cil.o
                0x08006372                dwc_otg_set_param_adp_enable
 .text.dwc_otg_get_param_adp_enable
                0x080063a4        0x8 Dave/Generated/src/USBLD001/driver/dwc_otg_cil.o
                0x080063a4                dwc_otg_get_param_adp_enable
 .text.dwc_otg_set_param_ic_usb_cap
                0x080063ac       0x30 Dave/Generated/src/USBLD001/driver/dwc_otg_cil.o
                0x080063ac                dwc_otg_set_param_ic_usb_cap
 .text.dwc_otg_get_param_ic_usb_cap
                0x080063dc        0x8 Dave/Generated/src/USBLD001/driver/dwc_otg_cil.o
                0x080063dc                dwc_otg_get_param_ic_usb_cap
 .text.dwc_otg_set_param_ahb_thr_ratio
                0x080063e4       0x4c Dave/Generated/src/USBLD001/driver/dwc_otg_cil.o
                0x080063e4                dwc_otg_set_param_ahb_thr_ratio
 .text.dwc_otg_get_param_ahb_thr_ratio
                0x08006430        0x8 Dave/Generated/src/USBLD001/driver/dwc_otg_cil.o
                0x08006430                dwc_otg_get_param_ahb_thr_ratio
 .text.dwc_otg_set_param_power_down
                0x08006438       0x34 Dave/Generated/src/USBLD001/driver/dwc_otg_cil.o
                0x08006438                dwc_otg_set_param_power_down
 .text.dwc_otg_get_param_power_down
                0x0800646c        0x8 Dave/Generated/src/USBLD001/driver/dwc_otg_cil.o
                0x0800646c                dwc_otg_get_param_power_down
 .text.dwc_otg_set_param_reload_ctl
                0x08006474       0x34 Dave/Generated/src/USBLD001/driver/dwc_otg_cil.o
                0x08006474                dwc_otg_set_param_reload_ctl
 .text.dwc_otg_get_param_reload_ctl
                0x080064a8        0x8 Dave/Generated/src/USBLD001/driver/dwc_otg_cil.o
                0x080064a8                dwc_otg_get_param_reload_ctl
 .text.dwc_otg_set_param_otg_ver
                0x080064b0       0x32 Dave/Generated/src/USBLD001/driver/dwc_otg_cil.o
                0x080064b0                dwc_otg_set_param_otg_ver
 *fill*         0x080064e2        0x2 00
 .text.dwc_otg_cil_init
                0x080064e4      0x2dc Dave/Generated/src/USBLD001/driver/dwc_otg_cil.o
                0x080064e4                dwc_otg_cil_init
 .text.dwc_otg_get_param_otg_ver
                0x080067c0        0x8 Dave/Generated/src/USBLD001/driver/dwc_otg_cil.o
                0x080067c0                dwc_otg_get_param_otg_ver
 .text.dwc_otg_get_hnpstatus
                0x080067c8        0xe Dave/Generated/src/USBLD001/driver/dwc_otg_cil.o
                0x080067c8                dwc_otg_get_hnpstatus
 .text.dwc_otg_get_srpstatus
                0x080067d6        0xe Dave/Generated/src/USBLD001/driver/dwc_otg_cil.o
                0x080067d6                dwc_otg_get_srpstatus
 .text.dwc_otg_set_hnpreq
                0x080067e4       0x1c Dave/Generated/src/USBLD001/driver/dwc_otg_cil.o
                0x080067e4                dwc_otg_set_hnpreq
 .text.dwc_otg_get_gsnpsid
                0x08006800        0x4 Dave/Generated/src/USBLD001/driver/dwc_otg_cil.o
                0x08006800                dwc_otg_get_gsnpsid
 .text.dwc_otg_get_mode
                0x08006804       0x10 Dave/Generated/src/USBLD001/driver/dwc_otg_cil.o
                0x08006804                dwc_otg_get_mode
 .text.dwc_otg_get_hnpcapable
                0x08006814       0x10 Dave/Generated/src/USBLD001/driver/dwc_otg_cil.o
                0x08006814                dwc_otg_get_hnpcapable
 .text.dwc_otg_set_hnpcapable
                0x08006824       0x20 Dave/Generated/src/USBLD001/driver/dwc_otg_cil.o
                0x08006824                dwc_otg_set_hnpcapable
 .text.dwc_otg_get_srpcapable
                0x08006844       0x10 Dave/Generated/src/USBLD001/driver/dwc_otg_cil.o
                0x08006844                dwc_otg_get_srpcapable
 .text.dwc_otg_set_srpcapable
                0x08006854       0x20 Dave/Generated/src/USBLD001/driver/dwc_otg_cil.o
                0x08006854                dwc_otg_set_srpcapable
 .text.dwc_otg_get_devspeed
                0x08006874       0x10 Dave/Generated/src/USBLD001/driver/dwc_otg_cil.o
                0x08006874                dwc_otg_get_devspeed
 .text.dwc_otg_set_devspeed
                0x08006884       0x20 Dave/Generated/src/USBLD001/driver/dwc_otg_cil.o
                0x08006884                dwc_otg_set_devspeed
 .text.dwc_otg_get_busconnected
                0x080068a4       0x10 Dave/Generated/src/USBLD001/driver/dwc_otg_cil.o
                0x080068a4                dwc_otg_get_busconnected
 .text.dwc_otg_get_enumspeed
                0x080068b4       0x12 Dave/Generated/src/USBLD001/driver/dwc_otg_cil.o
                0x080068b4                dwc_otg_get_enumspeed
 .text.dwc_otg_get_prtpower
                0x080068c6       0x10 Dave/Generated/src/USBLD001/driver/dwc_otg_cil.o
                0x080068c6                dwc_otg_get_prtpower
 .text.dwc_otg_get_core_state
                0x080068d6        0x6 Dave/Generated/src/USBLD001/driver/dwc_otg_cil.o
                0x080068d6                dwc_otg_get_core_state
 .text.dwc_otg_set_prtpower
                0x080068dc       0x1c Dave/Generated/src/USBLD001/driver/dwc_otg_cil.o
                0x080068dc                dwc_otg_set_prtpower
 .text.dwc_otg_get_prtsuspend
                0x080068f8       0x10 Dave/Generated/src/USBLD001/driver/dwc_otg_cil.o
                0x080068f8                dwc_otg_get_prtsuspend
 .text.dwc_otg_set_prtsuspend
                0x08006908       0x1c Dave/Generated/src/USBLD001/driver/dwc_otg_cil.o
                0x08006908                dwc_otg_set_prtsuspend
 .text.dwc_otg_get_fr_interval
                0x08006924       0x10 Dave/Generated/src/USBLD001/driver/dwc_otg_cil.o
                0x08006924                dwc_otg_get_fr_interval
 .text.dwc_otg_set_fr_interval
                0x08006934       0xb0 Dave/Generated/src/USBLD001/driver/dwc_otg_cil.o
                0x08006934                dwc_otg_set_fr_interval
 .text.dwc_otg_get_mode_ch_tim
                0x080069e4        0xe Dave/Generated/src/USBLD001/driver/dwc_otg_cil.o
                0x080069e4                dwc_otg_get_mode_ch_tim
 .text.dwc_otg_set_mode_ch_tim
                0x080069f2       0x20 Dave/Generated/src/USBLD001/driver/dwc_otg_cil.o
                0x080069f2                dwc_otg_set_mode_ch_tim
 .text.dwc_otg_set_prtresume
                0x08006a12       0x1c Dave/Generated/src/USBLD001/driver/dwc_otg_cil.o
                0x08006a12                dwc_otg_set_prtresume
 .text.dwc_otg_get_remotewakesig
                0x08006a2e       0x12 Dave/Generated/src/USBLD001/driver/dwc_otg_cil.o
                0x08006a2e                dwc_otg_get_remotewakesig
 .text.dwc_otg_get_lpm_portsleepstatus
                0x08006a40       0x10 Dave/Generated/src/USBLD001/driver/dwc_otg_cil.o
                0x08006a40                dwc_otg_get_lpm_portsleepstatus
 .text.dwc_otg_get_lpm_remotewakeenabled
                0x08006a50       0x10 Dave/Generated/src/USBLD001/driver/dwc_otg_cil.o
                0x08006a50                dwc_otg_get_lpm_remotewakeenabled
 .text.dwc_otg_get_lpmresponse
                0x08006a60       0x10 Dave/Generated/src/USBLD001/driver/dwc_otg_cil.o
                0x08006a60                dwc_otg_get_lpmresponse
 .text.dwc_otg_set_lpmresponse
                0x08006a70       0x20 Dave/Generated/src/USBLD001/driver/dwc_otg_cil.o
                0x08006a70                dwc_otg_set_lpmresponse
 .text.dwc_otg_get_hsic_connect
                0x08006a90       0x10 Dave/Generated/src/USBLD001/driver/dwc_otg_cil.o
                0x08006a90                dwc_otg_get_hsic_connect
 .text.dwc_otg_set_hsic_connect
                0x08006aa0       0x20 Dave/Generated/src/USBLD001/driver/dwc_otg_cil.o
                0x08006aa0                dwc_otg_set_hsic_connect
 .text.dwc_otg_get_inv_sel_hsic
                0x08006ac0        0xe Dave/Generated/src/USBLD001/driver/dwc_otg_cil.o
                0x08006ac0                dwc_otg_get_inv_sel_hsic
 .text.dwc_otg_set_inv_sel_hsic
                0x08006ace       0x20 Dave/Generated/src/USBLD001/driver/dwc_otg_cil.o
                0x08006ace                dwc_otg_set_inv_sel_hsic
 .text.dwc_otg_get_gotgctl
                0x08006aee        0x6 Dave/Generated/src/USBLD001/driver/dwc_otg_cil.o
                0x08006aee                dwc_otg_get_gotgctl
 .text.dwc_otg_set_gotgctl
                0x08006af4        0x6 Dave/Generated/src/USBLD001/driver/dwc_otg_cil.o
                0x08006af4                dwc_otg_set_gotgctl
 .text.dwc_otg_get_gusbcfg
                0x08006afa        0x8 Dave/Generated/src/USBLD001/driver/dwc_otg_cil.o
                0x08006afa                dwc_otg_get_gusbcfg
 .text.dwc_otg_set_gusbcfg
                0x08006b02        0x8 Dave/Generated/src/USBLD001/driver/dwc_otg_cil.o
                0x08006b02                dwc_otg_set_gusbcfg
 .text.dwc_otg_get_grxfsiz
                0x08006b0a        0x8 Dave/Generated/src/USBLD001/driver/dwc_otg_cil.o
                0x08006b0a                dwc_otg_get_grxfsiz
 .text.dwc_otg_set_grxfsiz
                0x08006b12        0x8 Dave/Generated/src/USBLD001/driver/dwc_otg_cil.o
                0x08006b12                dwc_otg_set_grxfsiz
 .text.dwc_otg_get_gnptxfsiz
                0x08006b1a        0x8 Dave/Generated/src/USBLD001/driver/dwc_otg_cil.o
                0x08006b1a                dwc_otg_get_gnptxfsiz
 .text.dwc_otg_set_gnptxfsiz
                0x08006b22        0x8 Dave/Generated/src/USBLD001/driver/dwc_otg_cil.o
                0x08006b22                dwc_otg_set_gnptxfsiz
 .text.dwc_otg_get_gpvndctl
                0x08006b2a        0x8 Dave/Generated/src/USBLD001/driver/dwc_otg_cil.o
                0x08006b2a                dwc_otg_get_gpvndctl
 .text.dwc_otg_set_gpvndctl
                0x08006b32        0x8 Dave/Generated/src/USBLD001/driver/dwc_otg_cil.o
                0x08006b32                dwc_otg_set_gpvndctl
 .text.dwc_otg_get_ggpio
                0x08006b3a        0x8 Dave/Generated/src/USBLD001/driver/dwc_otg_cil.o
                0x08006b3a                dwc_otg_get_ggpio
 .text.dwc_otg_set_ggpio
                0x08006b42        0x8 Dave/Generated/src/USBLD001/driver/dwc_otg_cil.o
                0x08006b42                dwc_otg_set_ggpio
 .text.dwc_otg_get_hprt0
                0x08006b4a        0x8 Dave/Generated/src/USBLD001/driver/dwc_otg_cil.o
                0x08006b4a                dwc_otg_get_hprt0
 .text.dwc_otg_set_hprt0
                0x08006b52        0x8 Dave/Generated/src/USBLD001/driver/dwc_otg_cil.o
                0x08006b52                dwc_otg_set_hprt0
 .text.dwc_otg_get_guid
                0x08006b5a        0x8 Dave/Generated/src/USBLD001/driver/dwc_otg_cil.o
                0x08006b5a                dwc_otg_get_guid
 .text.dwc_otg_set_guid
                0x08006b62        0x8 Dave/Generated/src/USBLD001/driver/dwc_otg_cil.o
                0x08006b62                dwc_otg_set_guid
 .text.dwc_otg_get_hptxfsiz
                0x08006b6a        0xa Dave/Generated/src/USBLD001/driver/dwc_otg_cil.o
                0x08006b6a                dwc_otg_get_hptxfsiz
 .text.dwc_otg_get_otg_version
                0x08006b74       0x14 Dave/Generated/src/USBLD001/driver/dwc_otg_cil.o
                0x08006b74                dwc_otg_get_otg_version
 .text.dwc_otg_pcd_start_srp_timer
                0x08006b88        0xe Dave/Generated/src/USBLD001/driver/dwc_otg_cil.o
                0x08006b88                dwc_otg_pcd_start_srp_timer
 .text.dwc_otg_initiate_srp
                0x08006b96       0x30 Dave/Generated/src/USBLD001/driver/dwc_otg_cil.o
                0x08006b96                dwc_otg_initiate_srp
 .text          0x08006bc6        0x0 Dave/Generated/src/USBLD001/driver/dwc_otg_cil_intr.o
 .text.cil_hcd_start
                0x08006bc6       0x10 Dave/Generated/src/USBLD001/driver/dwc_otg_cil_intr.o
 .text.cil_pcd_start
                0x08006bd6       0x10 Dave/Generated/src/USBLD001/driver/dwc_otg_cil_intr.o
 .text.cil_pcd_stop
                0x08006be6       0x10 Dave/Generated/src/USBLD001/driver/dwc_otg_cil_intr.o
 .text.dwc_otg_read_hprt0
                0x08006bf6       0x10 Dave/Generated/src/USBLD001/driver/dwc_otg_cil_intr.o
 .text.w_conn_id_status_change
                0x08006c06       0x70 Dave/Generated/src/USBLD001/driver/dwc_otg_cil_intr.o
                0x08006c06                w_conn_id_status_change
 .text.dwc_otg_handle_mode_mismatch_intr
                0x08006c76       0x10 Dave/Generated/src/USBLD001/driver/dwc_otg_cil_intr.o
                0x08006c76                dwc_otg_handle_mode_mismatch_intr
 .text.dwc_otg_handle_otg_intr
                0x08006c86      0x1a8 Dave/Generated/src/USBLD001/driver/dwc_otg_cil_intr.o
                0x08006c86                dwc_otg_handle_otg_intr
 *fill*         0x08006e2e        0x2 00
 .text.dwc_otg_handle_conn_id_status_change_intr
                0x08006e30       0x44 Dave/Generated/src/USBLD001/driver/dwc_otg_cil_intr.o
                0x08006e30                dwc_otg_handle_conn_id_status_change_intr
 .text.dwc_otg_handle_session_req_intr
                0x08006e74       0x38 Dave/Generated/src/USBLD001/driver/dwc_otg_cil_intr.o
                0x08006e74                dwc_otg_handle_session_req_intr
 .text.w_wakeup_detected
                0x08006eac       0x2a Dave/Generated/src/USBLD001/driver/dwc_otg_cil_intr.o
                0x08006eac                w_wakeup_detected
 .text.dwc_otg_handle_wakeup_detected_intr
                0x08006ed6       0x8c Dave/Generated/src/USBLD001/driver/dwc_otg_cil_intr.o
                0x08006ed6                dwc_otg_handle_wakeup_detected_intr
 .text.dwc_otg_handle_restore_done_intr
                0x08006f62       0x28 Dave/Generated/src/USBLD001/driver/dwc_otg_cil_intr.o
                0x08006f62                dwc_otg_handle_restore_done_intr
 .text.dwc_otg_handle_disconnect_intr
                0x08006f8a       0x18 Dave/Generated/src/USBLD001/driver/dwc_otg_cil_intr.o
                0x08006f8a                dwc_otg_handle_disconnect_intr
 *fill*         0x08006fa2        0x2 00
 .text.dwc_otg_handle_usb_suspend_intr
                0x08006fa4      0x140 Dave/Generated/src/USBLD001/driver/dwc_otg_cil_intr.o
                0x08006fa4                dwc_otg_handle_usb_suspend_intr
 .text.dwc_otg_handle_common_intr
                0x080070e4      0x540 Dave/Generated/src/USBLD001/driver/dwc_otg_cil_intr.o
                0x080070e4                dwc_otg_handle_common_intr
 .text          0x08007624        0x0 Dave/Generated/src/USBLD001/driver/dwc_otg_hcd.o
 .text          0x08007624        0x0 Dave/Generated/src/USBLD001/driver/dwc_otg_hcd_ddma.o
 .text          0x08007624        0x0 Dave/Generated/src/USBLD001/driver/dwc_otg_hcd_intr.o
 .text          0x08007624        0x0 Dave/Generated/src/USBLD001/driver/dwc_otg_hcd_queue.o
 .text          0x08007624        0x0 Dave/Generated/src/USBLD001/driver/dwc_otg_pcd.o
 .text.cil_pcd_start
                0x08007624       0x10 Dave/Generated/src/USBLD001/driver/dwc_otg_pcd.o
 .text.get_ep_from_handle
                0x08007634       0x42 Dave/Generated/src/USBLD001/driver/dwc_otg_pcd.o
 .text.dwc_otg_pcd_start_cb
                0x08007676       0x20 Dave/Generated/src/USBLD001/driver/dwc_otg_pcd.o
 .text.dwc_otg_pcd_suspend_cb
                0x08007696       0x26 Dave/Generated/src/USBLD001/driver/dwc_otg_pcd.o
 .text.dwc_otg_pcd_resume_cb
                0x080076bc       0x30 Dave/Generated/src/USBLD001/driver/dwc_otg_pcd.o
 .text.dwc_otg_pcd_stop_cb
                0x080076ec        0xa Dave/Generated/src/USBLD001/driver/dwc_otg_pcd.o
 .text.srp_timeout
                0x080076f6       0xbc Dave/Generated/src/USBLD001/driver/dwc_otg_pcd.o
 .text.start_xfer_tasklet_func
                0x080077b2       0x52 Dave/Generated/src/USBLD001/driver/dwc_otg_pcd.o
 .text.dwc_otg_request_done
                0x08007804       0x66 Dave/Generated/src/USBLD001/driver/dwc_otg_pcd.o
                0x08007804                dwc_otg_request_done
 *fill*         0x0800786a        0x2 00
 .text.dwc_otg_request_nuke
                0x0800786c       0x28 Dave/Generated/src/USBLD001/driver/dwc_otg_pcd.o
                0x0800786c                dwc_otg_request_nuke
 .text.dwc_otg_pcd_start
                0x08007894        0x4 Dave/Generated/src/USBLD001/driver/dwc_otg_pcd.o
                0x08007894                dwc_otg_pcd_start
 .text.dwc_otg_ep_alloc_desc_chain
                0x08007898        0xa Dave/Generated/src/USBLD001/driver/dwc_otg_pcd.o
                0x08007898                dwc_otg_ep_alloc_desc_chain
 .text.dwc_otg_ep_free_desc_chain
                0x080078a2       0x14 Dave/Generated/src/USBLD001/driver/dwc_otg_pcd.o
                0x080078a2                dwc_otg_ep_free_desc_chain
 *fill*         0x080078b6        0x2 00
 .text.dwc_otg_pcd_init
                0x080078b8      0x3a4 Dave/Generated/src/USBLD001/driver/dwc_otg_pcd.o
                0x080078b8                dwc_otg_pcd_init
 .text.dwc_otg_pcd_remove
                0x08007c5c       0xa4 Dave/Generated/src/USBLD001/driver/dwc_otg_pcd.o
                0x08007c5c                dwc_otg_pcd_remove
 .text.dwc_otg_pcd_is_dualspeed
                0x08007d00       0x28 Dave/Generated/src/USBLD001/driver/dwc_otg_pcd.o
                0x08007d00                dwc_otg_pcd_is_dualspeed
 .text.dwc_otg_pcd_is_otg
                0x08007d28       0x1e Dave/Generated/src/USBLD001/driver/dwc_otg_pcd.o
                0x08007d28                dwc_otg_pcd_is_otg
 *fill*         0x08007d46        0x2 00
 .text.dwc_otg_pcd_ep_enable
                0x08007d48      0x1dc Dave/Generated/src/USBLD001/driver/dwc_otg_pcd.o
                0x08007d48                dwc_otg_pcd_ep_enable
 .text.dwc_otg_pcd_ep_disable
                0x08007f24       0xec Dave/Generated/src/USBLD001/driver/dwc_otg_pcd.o
                0x08007f24                dwc_otg_pcd_ep_disable
 .text.dwc_otg_pcd_ep_queue
                0x08008010      0x260 Dave/Generated/src/USBLD001/driver/dwc_otg_pcd.o
                0x08008010                dwc_otg_pcd_ep_queue
 .text.dwc_otg_pcd_ep_dequeue
                0x08008270       0x80 Dave/Generated/src/USBLD001/driver/dwc_otg_pcd.o
                0x08008270                dwc_otg_pcd_ep_dequeue
 .text.dwc_otg_pcd_ep_halt
                0x080082f0       0xdc Dave/Generated/src/USBLD001/driver/dwc_otg_pcd.o
                0x080082f0                dwc_otg_pcd_ep_halt
 .text.dwc_otg_pcd_rem_wkup_from_suspend
                0x080083cc       0x8e Dave/Generated/src/USBLD001/driver/dwc_otg_pcd.o
                0x080083cc                dwc_otg_pcd_rem_wkup_from_suspend
 .text.dwc_otg_pcd_remote_wakeup
                0x0800845a       0x2c Dave/Generated/src/USBLD001/driver/dwc_otg_pcd.o
                0x0800845a                dwc_otg_pcd_remote_wakeup
 .text.dwc_otg_pcd_disconnect_us
                0x08008486       0x36 Dave/Generated/src/USBLD001/driver/dwc_otg_pcd.o
                0x08008486                dwc_otg_pcd_disconnect_us
 .text.dwc_otg_pcd_initiate_srp
                0x080084bc       0x20 Dave/Generated/src/USBLD001/driver/dwc_otg_pcd.o
                0x080084bc                dwc_otg_pcd_initiate_srp
 .text.dwc_otg_pcd_wakeup
                0x080084dc       0x3c Dave/Generated/src/USBLD001/driver/dwc_otg_pcd.o
                0x080084dc                dwc_otg_pcd_wakeup
 .text.dwc_otg_pcd_get_frame_number
                0x08008518        0x6 Dave/Generated/src/USBLD001/driver/dwc_otg_pcd.o
                0x08008518                dwc_otg_pcd_get_frame_number
 .text.dwc_otg_pcd_is_lpm_enabled
                0x0800851e        0xa Dave/Generated/src/USBLD001/driver/dwc_otg_pcd.o
                0x0800851e                dwc_otg_pcd_is_lpm_enabled
 .text.get_b_hnp_enable
                0x08008528        0x8 Dave/Generated/src/USBLD001/driver/dwc_otg_pcd.o
                0x08008528                get_b_hnp_enable
 .text.get_a_hnp_support
                0x08008530        0x8 Dave/Generated/src/USBLD001/driver/dwc_otg_pcd.o
                0x08008530                get_a_hnp_support
 .text.get_a_alt_hnp_support
                0x08008538        0x8 Dave/Generated/src/USBLD001/driver/dwc_otg_pcd.o
                0x08008538                get_a_alt_hnp_support
 .text.dwc_otg_pcd_get_rmwkup_enable
                0x08008540        0x8 Dave/Generated/src/USBLD001/driver/dwc_otg_pcd.o
                0x08008540                dwc_otg_pcd_get_rmwkup_enable
 .text          0x08008548        0x0 Dave/Generated/src/USBLD001/driver/dwc_otg_pcd_intr.o
 .text.dwc_otg_pcd_update_otg
                0x08008548       0x1a Dave/Generated/src/USBLD001/driver/dwc_otg_pcd_intr.o
 .text.get_in_ep
                0x08008562       0x34 Dave/Generated/src/USBLD001/driver/dwc_otg_pcd_intr.o
 .text.dwc_otg_pcd_handle_noniso_bna
                0x08008596       0x44 Dave/Generated/src/USBLD001/driver/dwc_otg_pcd_intr.o
 .text.ep0_out_start
                0x080085da       0x9c Dave/Generated/src/USBLD001/driver/dwc_otg_pcd_intr.o
 .text.restart_transfer
                0x08008676       0xa0 Dave/Generated/src/USBLD001/driver/dwc_otg_pcd_intr.o
 .text.do_setup_in_status_phase
                0x08008716       0x36 Dave/Generated/src/USBLD001/driver/dwc_otg_pcd_intr.o
 .text.do_setup_out_status_phase.part.4
                0x0800874c       0x46 Dave/Generated/src/USBLD001/driver/dwc_otg_pcd_intr.o
 .text.ep0_do_stall.isra.5
                0x08008792       0x36 Dave/Generated/src/USBLD001/driver/dwc_otg_pcd_intr.o
 .text.do_gadget_setup
                0x080087c8       0x42 Dave/Generated/src/USBLD001/driver/dwc_otg_pcd_intr.o
 .text.ep0_complete_request
                0x0800880a       0xec Dave/Generated/src/USBLD001/driver/dwc_otg_pcd_intr.o
 .text.get_ep_by_addr
                0x080088f6       0x26 Dave/Generated/src/USBLD001/driver/dwc_otg_pcd_intr.o
                0x080088f6                get_ep_by_addr
 .text.handle_ep0
                0x0800891c      0x3e6 Dave/Generated/src/USBLD001/driver/dwc_otg_pcd_intr.o
 .text.start_next_request
                0x08008d02       0xc8 Dave/Generated/src/USBLD001/driver/dwc_otg_pcd_intr.o
                0x08008d02                start_next_request
 .text.complete_ep
                0x08008dca      0x1da Dave/Generated/src/USBLD001/driver/dwc_otg_pcd_intr.o
 .text.dwc_otg_pcd_handle_in_ep_intr
                0x08008fa4      0x3e6 Dave/Generated/src/USBLD001/driver/dwc_otg_pcd_intr.o
 .text.dwc_otg_pcd_handle_out_ep_intr
                0x0800938a      0x272 Dave/Generated/src/USBLD001/driver/dwc_otg_pcd_intr.o
 .text.dwc_otg_pcd_handle_sof_intr
                0x080095fc       0x12 Dave/Generated/src/USBLD001/driver/dwc_otg_pcd_intr.o
                0x080095fc                dwc_otg_pcd_handle_sof_intr
 .text.dwc_otg_pcd_handle_rx_status_q_level_intr
                0x0800960e       0xcc Dave/Generated/src/USBLD001/driver/dwc_otg_pcd_intr.o
                0x0800960e                dwc_otg_pcd_handle_rx_status_q_level_intr
 .text.dwc_otg_pcd_handle_np_tx_fifo_empty_intr
                0x080096da      0x132 Dave/Generated/src/USBLD001/driver/dwc_otg_pcd_intr.o
                0x080096da                dwc_otg_pcd_handle_np_tx_fifo_empty_intr
 .text.dwc_otg_pcd_stop
                0x0800980c       0xa4 Dave/Generated/src/USBLD001/driver/dwc_otg_pcd_intr.o
                0x0800980c                dwc_otg_pcd_stop
 .text.dwc_otg_pcd_handle_i2c_intr
                0x080098b0       0x26 Dave/Generated/src/USBLD001/driver/dwc_otg_pcd_intr.o
                0x080098b0                dwc_otg_pcd_handle_i2c_intr
 .text.dwc_otg_pcd_handle_early_suspend_intr
                0x080098d6       0x14 Dave/Generated/src/USBLD001/driver/dwc_otg_pcd_intr.o
                0x080098d6                dwc_otg_pcd_handle_early_suspend_intr
 .text.dwc_otg_pcd_handle_usb_reset_intr
                0x080098ea       0xf6 Dave/Generated/src/USBLD001/driver/dwc_otg_pcd_intr.o
                0x080098ea                dwc_otg_pcd_handle_usb_reset_intr
 .text.dwc_otg_pcd_handle_enum_done_intr
                0x080099e0       0xec Dave/Generated/src/USBLD001/driver/dwc_otg_pcd_intr.o
                0x080099e0                dwc_otg_pcd_handle_enum_done_intr
 .text.dwc_otg_pcd_handle_isoc_out_packet_dropped_intr
                0x08009acc       0x26 Dave/Generated/src/USBLD001/driver/dwc_otg_pcd_intr.o
                0x08009acc                dwc_otg_pcd_handle_isoc_out_packet_dropped_intr
 .text.dwc_otg_pcd_handle_end_periodic_frame_intr
                0x08009af2       0x26 Dave/Generated/src/USBLD001/driver/dwc_otg_pcd_intr.o
                0x08009af2                dwc_otg_pcd_handle_end_periodic_frame_intr
 .text.dwc_otg_pcd_handle_ep_mismatch_intr
                0x08009b18       0x12 Dave/Generated/src/USBLD001/driver/dwc_otg_pcd_intr.o
                0x08009b18                dwc_otg_pcd_handle_ep_mismatch_intr
 .text.do_test_mode
                0x08009b2a       0x48 Dave/Generated/src/USBLD001/driver/dwc_otg_pcd_intr.o
                0x08009b2a                do_test_mode
 .text.dwc_otg_pcd_handle_incomplete_isoc_in_intr
                0x08009b72       0x26 Dave/Generated/src/USBLD001/driver/dwc_otg_pcd_intr.o
                0x08009b72                dwc_otg_pcd_handle_incomplete_isoc_in_intr
 .text.dwc_otg_pcd_handle_incomplete_isoc_out_intr
                0x08009b98       0x26 Dave/Generated/src/USBLD001/driver/dwc_otg_pcd_intr.o
                0x08009b98                dwc_otg_pcd_handle_incomplete_isoc_out_intr
 .text.dwc_otg_pcd_handle_in_nak_effective
                0x08009bbe       0x52 Dave/Generated/src/USBLD001/driver/dwc_otg_pcd_intr.o
                0x08009bbe                dwc_otg_pcd_handle_in_nak_effective
 .text.dwc_otg_pcd_handle_out_nak_effective
                0x08009c10       0x24 Dave/Generated/src/USBLD001/driver/dwc_otg_pcd_intr.o
                0x08009c10                dwc_otg_pcd_handle_out_nak_effective
 .text.dwc_otg_pcd_handle_intr
                0x08009c34      0x182 Dave/Generated/src/USBLD001/driver/dwc_otg_pcd_intr.o
                0x08009c34                dwc_otg_pcd_handle_intr
 .text          0x08009db6        0x0 Dave/Generated/src/USBCORE001/usbcore001.o
 *fill*         0x08009db6        0x2 00
 .text.USBCORE001_Init
                0x08009db8       0x20 Dave/Generated/src/USBCORE001/usbcore001.o
                0x08009db8                USBCORE001_Init
 .text.USBCORE001_Initialize
                0x08009dd8      0x19c Dave/Generated/src/USBCORE001/usbcore001.o
                0x08009dd8                USBCORE001_Initialize
 .text.USBCORE001_Intr
                0x08009f74       0x14 Dave/Generated/src/USBCORE001/usbcore001.o
                0x08009f74                USBCORE001_Intr
 .text.USB0_0_IRQHandler
                0x08009f88        0x4 Dave/Generated/src/USBCORE001/usbcore001.o
                0x08009f88                USB0_0_IRQHandler
 .text          0x08009f8c        0x0 Dave/Generated/src/USBCORE001/usbcore001_Conf.o
 .text          0x08009f8c        0x0 Dave/Generated/src/USBCORE001/usbcore001_device.o
 .text.USBCORE001_DevicePCDConnect
                0x08009f8c       0x20 Dave/Generated/src/USBCORE001/usbcore001_device.o
 .text.USBCORE001_DevicePCDDisconnect
                0x08009fac       0x20 Dave/Generated/src/USBCORE001/usbcore001_device.o
 .text.USBCORE001_DevicePCDResume
                0x08009fcc        0x4 Dave/Generated/src/USBCORE001/usbcore001_device.o
 .text.USBCORE001_DevicePCDSuspend
                0x08009fd0        0x4 Dave/Generated/src/USBCORE001/usbcore001_device.o
 .text.USBCORE001_DevicePCDHnpChangedcb
                0x08009fd4        0x4 Dave/Generated/src/USBCORE001/usbcore001_device.o
 .text.USBCORE001_DevicePCDReset
                0x08009fd8        0x4 Dave/Generated/src/USBCORE001/usbcore001_device.o
 .text.USBCORE001_DevicePCDSetup
                0x08009fdc      0x194 Dave/Generated/src/USBCORE001/usbcore001_device.o
 .text.USBCORE001_DevicePCDComplete
                0x0800a170       0x68 Dave/Generated/src/USBCORE001/usbcore001_device.o
 .text.USBCore001_DeviceStart
                0x0800a1d8       0xd8 Dave/Generated/src/USBCORE001/usbcore001_device.o
                0x0800a1d8                USBCore001_DeviceStart
 .text.Endpoint_IsSETUPReceived
                0x0800a2b0        0xc Dave/Generated/src/USBCORE001/usbcore001_device.o
                0x0800a2b0                Endpoint_IsSETUPReceived
 .text.Endpoint_ClearSETUP
                0x0800a2bc       0x10 Dave/Generated/src/USBCORE001/usbcore001_device.o
                0x0800a2bc                Endpoint_ClearSETUP
 .text.USB_1msDelay
                0x0800a2cc       0x1c Dave/Generated/src/USBCORE001/usbcore001_device.o
                0x0800a2cc                USB_1msDelay
 .text.Endpoint_ClearOUT
                0x0800a2e8       0x54 Dave/Generated/src/USBCORE001/usbcore001_device.o
                0x0800a2e8                Endpoint_ClearOUT
 .text.USB_Device_ProcessControlRequest
                0x0800a33c       0x2c Dave/Generated/src/USBCORE001/usbcore001_device.o