   1              		.cpu cortex-m0
   2              		.fpu softvfp
   3              		.eabi_attribute 20, 1
   4              		.eabi_attribute 21, 1
   5              		.eabi_attribute 23, 3
   6              		.eabi_attribute 24, 1
   7              		.eabi_attribute 25, 1
   8              		.eabi_attribute 26, 1
   9              		.eabi_attribute 30, 4
  10              		.eabi_attribute 34, 0
  11              		.eabi_attribute 18, 4
  12              		.code	16
  13              		.file	"System_LibcStubs.c"
  14              		.section	.text._open,"ax",%progbits
  15              		.align	1
  16              		.weak	_open
  17              		.code	16
  18              		.thumb_func
  20              	_open:
  21 0000 0120     		mov	r0, #1
  22 0002 4042     		neg	r0, r0
  23              		@ sp needed for prologue
  24 0004 7047     		bx	lr
  26              		.section	.text._lseek,"ax",%progbits
  27              		.align	1
  28              		.weak	_lseek
  29              		.code	16
  30              		.thumb_func
  32              	_lseek:
  33 0000 0120     		mov	r0, #1
  34 0002 4042     		neg	r0, r0
  35              		@ sp needed for prologue
  36 0004 7047     		bx	lr
  38              		.section	.text._read,"ax",%progbits
  39              		.align	1
  40              		.weak	_read
  41              		.code	16
  42              		.thumb_func
  44              	_read:
  45 0000 0020     		mov	r0, #0
  46              		@ sp needed for prologue
  47 0002 7047     		bx	lr
  49              		.section	.text._write,"ax",%progbits
  50              		.align	1
  51              		.weak	_write
  52              		.code	16
  53              		.thumb_func
  55              	_write:
  56 0000 0120     		mov	r0, #1
  57 0002 4042     		neg	r0, r0
  58              		@ sp needed for prologue
  59 0004 7047     		bx	lr
  61              		.section	.text._close,"ax",%progbits
  62              		.align	1
  63              		.weak	_close
  64              		.code	16
  65              		.thumb_func
  67              	_close:
  68 0000 0120     		mov	r0, #1
  69 0002 4042     		neg	r0, r0
  70              		@ sp needed for prologue
  71 0004 7047     		bx	lr
  73              		.section	.text._fstat,"ax",%progbits
  74              		.align	1
  75              		.weak	_fstat
  76              		.code	16
  77              		.thumb_func
  79              	_fstat:
  80 0000 4842     		neg	r0, r1
  81 0002 4841     		adc	r0, r0, r1
  82 0004 C043     		mvn	r0, r0
  83              		@ sp needed for prologue
  84 0006 7047     		bx	lr
  86              		.section	.text._link,"ax",%progbits
  87              		.align	1
  88              		.weak	_link
  89              		.code	16
  90              		.thumb_func
  92              	_link:
  93 0000 401A     		sub	r0, r0, r1
  94 0002 431E     		sub	r3, r0, #1
  95 0004 9841     		sbc	r0, r0, r3
  96 0006 C043     		mvn	r0, r0
  97              		@ sp needed for prologue
  98 0008 7047     		bx	lr
 100              		.section	.text._unlink,"ax",%progbits
 101              		.align	1
 102              		.weak	_unlink
 103              		.code	16
 104              		.thumb_func
 106              	_unlink:
 107 0000 0120     		mov	r0, #1
 108 0002 4042     		neg	r0, r0
 109              		@ sp needed for prologue
 110 0004 7047     		bx	lr
 112              		.section	.text._sbrk,"ax",%progbits
 113              		.align	1
 114              		.weak	_sbrk
 115              		.code	16
 116              		.thumb_func
 118              	_sbrk:
 119 0000 0A4B     		ldr	r3, .L18
 120 0002 1A68     		ldr	r2, [r3]
 121 0004 002A     		cmp	r2, #0
 122 0006 04D1     		bne	.L14
 123 0008 094A     		ldr	r2, .L18+4
 124 000a 0A49     		ldr	r1, .L18+8
 125 000c 1A60     		str	r2, [r3]
 126 000e 5218     		add	r2, r2, r1
 127 0010 5A60     		str	r2, [r3, #4]
 128              	.L14:
 129 0012 1A68     		ldr	r2, [r3]
 130 0014 D11D     		add	r1, r2, #7
 131 0016 0818     		add	r0, r1, r0
 132 0018 0721     		mov	r1, #7
 133 001a 8843     		bic	r0, r1
 134 001c 5968     		ldr	r1, [r3, #4]
 135 001e 8842     		cmp	r0, r1
 136 0020 01D2     		bcs	.L16
 137 0022 1860     		str	r0, [r3]
 138 0024 00E0     		b	.L15
 139              	.L16:
 140 0026 0022     		mov	r2, #0
 141              	.L15:
 142 0028 101C     		mov	r0, r2
 143              		@ sp needed for prologue
 144 002a 7047     		bx	lr
 145              	.L19:
 146              		.align	2
 147              	.L18:
 148 002c 00000000 		.word	.LANCHOR0
 149 0030 00000000 		.word	Heap_Bank1_Start
 150 0034 00000000 		.word	Heap_Bank1_Size
 152              		.section	.text._times,"ax",%progbits
 153              		.align	1
 154              		.weak	_times
 155              		.code	16
 156              		.thumb_func
 158              	_times:
 159 0000 0120     		mov	r0, #1
 160 0002 4042     		neg	r0, r0
 161              		@ sp needed for prologue
 162 0004 7047     		bx	lr
 164              		.section	.text._wait,"ax",%progbits
 165              		.align	1
 166              		.weak	_wait
 167              		.code	16
 168              		.thumb_func
 170              	_wait:
 171 0000 0120     		mov	r0, #1
 172 0002 4042     		neg	r0, r0
 173              		@ sp needed for prologue
 174 0004 7047     		bx	lr
 176              		.section	.text._kill,"ax",%progbits
 177              		.align	1
 178              		.weak	_kill
 179              		.code	16
 180              		.thumb_func
 182              	_kill:
 183 0000 0120     		mov	r0, #1
 184 0002 4042     		neg	r0, r0
 185              		@ sp needed for prologue
 186 0004 7047     		bx	lr
 188              		.section	.text._fork,"ax",%progbits
 189              		.align	1
 190              		.weak	_fork
 191              		.code	16
 192              		.thumb_func
 194              	_fork:
 195 0000 0120     		mov	r0, #1
 196 0002 4042     		neg	r0, r0
 197              		@ sp needed for prologue
 198 0004 7047     		bx	lr
 200              		.section	.text._getpid,"ax",%progbits
 201              		.align	1
 202              		.weak	_getpid
 203              		.code	16
 204              		.thumb_func
 206              	_getpid:
 207 0000 0120     		mov	r0, #1
 208 0002 4042     		neg	r0, r0
 209              		@ sp needed for prologue
 210 0004 7047     		bx	lr
 212              		.section	.text._exit,"ax",%progbits
 213              		.align	1
 214              		.weak	_exit
 215              		.code	16
 216              		.thumb_func
 218              	_exit:
 219              	.L26:
 220 0000 FEE7     		b	.L26
 222              		.section	.text._init,"ax",%progbits
 223              		.align	1
 224              		.weak	_init
 225              		.code	16
 226              		.thumb_func
 228              	_init:
 229              		@ sp needed for prologue
 230 0000 7047     		bx	lr
 232              		.section	.text._isatty,"ax",%progbits
 233              		.align	1
 234              		.weak	_isatty
 235              		.code	16
 236              		.thumb_func
 238              	_isatty:
 239 0000 0120     		mov	r0, #1
 240 0002 4042     		neg	r0, r0
 241              		@ sp needed for prologue
 242 0004 7047     		bx	lr
 244              		.global	__dso_handle
 245              		.bss
 246              		.align	2
 247              		.set	.LANCHOR0,. + 0
 250              	heap.4604:
 251 0000 00000000 		.space	4
 254              	HeapBound.4603:
 255 0004 00000000 		.space	4
 258              	__dso_handle:
 259 0008 00000000 		.space	4
 260              		.ident	"GCC: (GNU Tools for ARM Embedded Processors) 4.7.4 20130913 (release) [ARM/embedded-4_7-br
DEFINED SYMBOLS
                            *ABS*:00000000 System_LibcStubs.c
C:\Users\TOGABL~1\AppData\Local\Temp\ccqFQx3h.s:15     .text._open:00000000 $t
C:\Users\TOGABL~1\AppData\Local\Temp\ccqFQx3h.s:20     .text._open:00000000 _open
C:\Users\TOGABL~1\AppData\Local\Temp\ccqFQx3h.s:27     .text._lseek:00000000 $t
C:\Users\TOGABL~1\AppData\Local\Temp\ccqFQx3h.s:32     .text._lseek:00000000 _lseek
C:\Users\TOGABL~1\AppData\Local\Temp\ccqFQx3h.s:39     .text._read:00000000 $t
C:\Users\TOGABL~1\AppData\Local\Temp\ccqFQx3h.s:44     .text._read:00000000 _read
C:\Users\TOGABL~1\AppData\Local\Temp\ccqFQx3h.s:50     .text._write:00000000 $t
C:\Users\TOGABL~1\AppData\Local\Temp\ccqFQx3h.s:55     .text._write:00000000 _write
C:\Users\TOGABL~1\AppData\Local\Temp\ccqFQx3h.s:62     .text._close:00000000 $t
C:\Users\TOGABL~1\AppData\Local\Temp\ccqFQx3h.s:67     .text._close:00000000 _close
C:\Users\TOGABL~1\AppData\Local\Temp\ccqFQx3h.s:74     .text._fstat:00000000 $t
C:\Users\TOGABL~1\AppData\Local\Temp\ccqFQx3h.s:79     .text._fstat:00000000 _fstat
C:\Users\TOGABL~1\AppData\Local\Temp\ccqFQx3h.s:87     .text._link:00000000 $t
C:\Users\TOGABL~1\AppData\Local\Temp\ccqFQx3h.s:92     .text._link:00000000 _link
C:\Users\TOGABL~1\AppData\Local\Temp\ccqFQx3h.s:101    .text._unlink:00000000 $t
C:\Users\TOGABL~1\AppData\Local\Temp\ccqFQx3h.s:106    .text._unlink:00000000 _unlink
C:\Users\TOGABL~1\AppData\Local\Temp\ccqFQx3h.s:113    .text._sbrk:00000000 $t
C:\Users\TOGABL~1\AppData\Local\Temp\ccqFQx3h.s:118    .text._sbrk:00000000 _sbrk
C:\Users\TOGABL~1\AppData\Local\Temp\ccqFQx3h.s:148    .text._sbrk:0000002c $d
C:\Users\TOGABL~1\AppData\Local\Temp\ccqFQx3h.s:153    .text._times:00000000 $t
C:\Users\TOGABL~1\AppData\Local\Temp\ccqFQx3h.s:158    .text._times:00000000 _times
C:\Users\TOGABL~1\AppData\Local\Temp\ccqFQx3h.s:165    .text._wait:00000000 $t
C:\Users\TOGABL~1\AppData\Local\Temp\ccqFQx3h.s:170    .text._wait:00000000 _wait
C:\Users\TOGABL~1\AppData\Local\Temp\ccqFQx3h.s:177    .text._kill:00000000 $t
C:\Users\TOGABL~1\AppData\Local\Temp\ccqFQx3h.s:182    .text._kill:00000000 _kill
C:\Users\TOGABL~1\AppData\Local\Temp\ccqFQx3h.s:189    .text._fork:00000000 $t
C:\Users\TOGABL~1\AppData\Local\Temp\ccqFQx3h.s:194    .text._fork:00000000 _fork
C:\Users\TOGABL~1\AppData\Local\Temp\ccqFQx3h.s:201    .text._getpid:00000000 $t
C:\Users\TOGABL~1\AppData\Local\Temp\ccqFQx3h.s:206    .text._getpid:00000000 _getpid
C:\Users\TOGABL~1\AppData\Local\Temp\ccqFQx3h.s:213    .text._exit:00000000 $t
C:\Users\TOGABL~1\AppData\Local\Temp\ccqFQx3h.s:218    .text._exit:00000000 _exit
C:\Users\TOGABL~1\AppData\Local\Temp\ccqFQx3h.s:223    .text._init:00000000 $t
C:\Users\TOGABL~1\AppData\Local\Temp\ccqFQx3h.s:228    .text._init:00000000 _init
C:\Users\TOGABL~1\AppData\Local\Temp\ccqFQx3h.s:233    .text._isatty:00000000 $t
C:\Users\TOGABL~1\AppData\Local\Temp\ccqFQx3h.s:238    .text._isatty:00000000 _isatty
C:\Users\TOGABL~1\AppData\Local\Temp\ccqFQx3h.s:258    .bss:00000008 __dso_handle
C:\Users\TOGABL~1\AppData\Local\Temp\ccqFQx3h.s:246    .bss:00000000 $d
C:\Users\TOGABL~1\AppData\Local\Temp\ccqFQx3h.s:250    .bss:00000000 heap.4604
C:\Users\TOGABL~1\AppData\Local\Temp\ccqFQx3h.s:254    .bss:00000004 HeapBound.4603

UNDEFINED SYMBOLS
Heap_Bank1_Start
Heap_Bank1_Size
