Archive member included because of file (symbol)

c:/dave-3.1.10/arm-gcc/bin/../lib/gcc/arm-none-eabi/4.7.4/../../../../arm-none-eabi/lib/armv7e-m\libm.a(lib_a-s_cos.o)
                              _Quadrocopter/Attitude_Control/AttitudeController.o (cos)
c:/dave-3.1.10/arm-gcc/bin/../lib/gcc/arm-none-eabi/4.7.4/../../../../arm-none-eabi/lib/armv7e-m\libm.a(lib_a-w_asin.o)
                              _Quadrocopter/Sensors/MPU9X50/MPU9150.o (asin)
c:/dave-3.1.10/arm-gcc/bin/../lib/gcc/arm-none-eabi/4.7.4/../../../../arm-none-eabi/lib/armv7e-m\libm.a(lib_a-w_atan2.o)
                              _Quadrocopter/Sensors/MPU9X50/MPU9150.o (atan2)
c:/dave-3.1.10/arm-gcc/bin/../lib/gcc/arm-none-eabi/4.7.4/../../../../arm-none-eabi/lib/armv7e-m\libm.a(lib_a-w_pow.o)
                              _Quadrocopter/Sensors/MPU9X50/MPU9150.o (pow)
c:/dave-3.1.10/arm-gcc/bin/../lib/gcc/arm-none-eabi/4.7.4/../../../../arm-none-eabi/lib/armv7e-m\libm.a(lib_a-w_sqrt.o)
                              _Quadrocopter/Sensors/MPU9X50/Filter/QuaternionFilters.o (sqrt)
c:/dave-3.1.10/arm-gcc/bin/../lib/gcc/arm-none-eabi/4.7.4/../../../../arm-none-eabi/lib/armv7e-m\libm.a(lib_a-e_asin.o)
                              c:/dave-3.1.10/arm-gcc/bin/../lib/gcc/arm-none-eabi/4.7.4/../../../../arm-none-eabi/lib/armv7e-m\libm.a(lib_a-w_asin.o) (__ieee754_asin)
c:/dave-3.1.10/arm-gcc/bin/../lib/gcc/arm-none-eabi/4.7.4/../../../../arm-none-eabi/lib/armv7e-m\libm.a(lib_a-e_atan2.o)
                              c:/dave-3.1.10/arm-gcc/bin/../lib/gcc/arm-none-eabi/4.7.4/../../../../arm-none-eabi/lib/armv7e-m\libm.a(lib_a-w_atan2.o) (__ieee754_atan2)
c:/dave-3.1.10/arm-gcc/bin/../lib/gcc/arm-none-eabi/4.7.4/../../../../arm-none-eabi/lib/armv7e-m\libm.a(lib_a-e_pow.o)
                              c:/dave-3.1.10/arm-gcc/bin/../lib/gcc/arm-none-eabi/4.7.4/../../../../arm-none-eabi/lib/armv7e-m\libm.a(lib_a-w_pow.o) (__ieee754_pow)
c:/dave-3.1.10/arm-gcc/bin/../lib/gcc/arm-none-eabi/4.7.4/../../../../arm-none-eabi/lib/armv7e-m\libm.a(lib_a-e_rem_pio2.o)
                              c:/dave-3.1.10/arm-gcc/bin/../lib/gcc/arm-none-eabi/4.7.4/../../../../arm-none-eabi/lib/armv7e-m\libm.a(lib_a-s_cos.o) (__ieee754_rem_pio2)
c:/dave-3.1.10/arm-gcc/bin/../lib/gcc/arm-none-eabi/4.7.4/../../../../arm-none-eabi/lib/armv7e-m\libm.a(lib_a-e_sqrt.o)
                              c:/dave-3.1.10/arm-gcc/bin/../lib/gcc/arm-none-eabi/4.7.4/../../../../arm-none-eabi/lib/armv7e-m\libm.a(lib_a-w_sqrt.o) (__ieee754_sqrt)
c:/dave-3.1.10/arm-gcc/bin/../lib/gcc/arm-none-eabi/4.7.4/../../../../arm-none-eabi/lib/armv7e-m\libm.a(lib_a-k_cos.o)
                              c:/dave-3.1.10/arm-gcc/bin/../lib/gcc/arm-none-eabi/4.7.4/../../../../arm-none-eabi/lib/armv7e-m\libm.a(lib_a-s_cos.o) (__kernel_cos)
c:/dave-3.1.10/arm-gcc/bin/../lib/gcc/arm-none-eabi/4.7.4/../../../../arm-none-eabi/lib/armv7e-m\libm.a(lib_a-k_rem_pio2.o)
                              c:/dave-3.1.10/arm-gcc/bin/../lib/gcc/arm-none-eabi/4.7.4/../../../../arm-none-eabi/lib/armv7e-m\libm.a(lib_a-e_rem_pio2.o) (__kernel_rem_pio2)
c:/dave-3.1.10/arm-gcc/bin/../lib/gcc/arm-none-eabi/4.7.4/../../../../arm-none-eabi/lib/armv7e-m\libm.a(lib_a-k_sin.o)
                              c:/dave-3.1.10/arm-gcc/bin/../lib/gcc/arm-none-eabi/4.7.4/../../../../arm-none-eabi/lib/armv7e-m\libm.a(lib_a-s_cos.o) (__kernel_sin)
c:/dave-3.1.10/arm-gcc/bin/../lib/gcc/arm-none-eabi/4.7.4/../../../../arm-none-eabi/lib/armv7e-m\libm.a(lib_a-s_atan.o)
                              c:/dave-3.1.10/arm-gcc/bin/../lib/gcc/arm-none-eabi/4.7.4/../../../../arm-none-eabi/lib/armv7e-m\libm.a(lib_a-e_atan2.o) (atan)
c:/dave-3.1.10/arm-gcc/bin/../lib/gcc/arm-none-eabi/4.7.4/../../../../arm-none-eabi/lib/armv7e-m\libm.a(lib_a-s_fabs.o)
                              c:/dave-3.1.10/arm-gcc/bin/../lib/gcc/arm-none-eabi/4.7.4/../../../../arm-none-eabi/lib/armv7e-m\libm.a(lib_a-w_asin.o) (fabs)
c:/dave-3.1.10/arm-gcc/bin/../lib/gcc/arm-none-eabi/4.7.4/../../../../arm-none-eabi/lib/armv7e-m\libm.a(lib_a-s_finite.o)
                              c:/dave-3.1.10/arm-gcc/bin/../lib/gcc/arm-none-eabi/4.7.4/../../../../arm-none-eabi/lib/armv7e-m\libm.a(lib_a-w_pow.o) (finite)
c:/dave-3.1.10/arm-gcc/bin/../lib/gcc/arm-none-eabi/4.7.4/../../../../arm-none-eabi/lib/armv7e-m\libm.a(lib_a-s_floor.o)
                              c:/dave-3.1.10/arm-gcc/bin/../lib/gcc/arm-none-eabi/4.7.4/../../../../arm-none-eabi/lib/armv7e-m\libm.a(lib_a-k_rem_pio2.o) (floor)
c:/dave-3.1.10/arm-gcc/bin/../lib/gcc/arm-none-eabi/4.7.4/../../../../arm-none-eabi/lib/armv7e-m\libm.a(lib_a-s_fpclassify.o)
                              c:/dave-3.1.10/arm-gcc/bin/../lib/gcc/arm-none-eabi/4.7.4/../../../../arm-none-eabi/lib/armv7e-m\libm.a(lib_a-w_asin.o) (__fpclassifyd)
c:/dave-3.1.10/arm-gcc/bin/../lib/gcc/arm-none-eabi/4.7.4/../../../../arm-none-eabi/lib/armv7e-m\libm.a(lib_a-s_lib_ver.o)
[...]
Memory Configuration

Name             Origin             Length             Attributes
FLASH_1_cached   0x08000000         0x00100000         xr
FLASH_1_uncached 0x0c000000         0x00100000         xr
PSRAM_1          0x10000000         0x00010000         !xr
DSRAM_1_system   0x20000000         0x00010000         !xr
DSRAM_2_comm     0x30000000         0x00008000         !xr
*default*        0x00000000         0xffffffff

Linker script and memory map

LOAD _Quadrocopter/Sensors/MPU9X50/MPU9150.o
LOAD _Quadrocopter/Sensors/MPU9X50/Filter/QuaternionFilters.o
LOAD _Quadrocopter/Sensors/MPU9X50/Filter/kalman.o
LOAD _Quadrocopter/Sensors/DPS310/DPS310.o
LOAD _Quadrocopter/RadioControl/RCReceive.o
LOAD _Quadrocopter/RadioControl/Bluetooth_Protocol/BluetoothProtocol.o
LOAD _Quadrocopter/Origa2L/LowLevelDrivers/bif_hal.o
LOAD _Quadrocopter/Origa2L/LowLevelDrivers/origa2_auth.o
LOAD _Quadrocopter/Origa2L/LowLevelDrivers/origa2_bif.o
LOAD _Quadrocopter/Origa2L/LowLevelDrivers/origa2_nvm.o
LOAD _Quadrocopter/Origa2L/LowLevelDrivers/Crypto/origa2_crypto.o
LOAD _Quadrocopter/Origa2L/LowLevelDrivers/Crypto/origa2_math.o
LOAD _Quadrocopter/Origa2L/HAL/library/support.o
LOAD _Quadrocopter/Origa2L/HAL/board.o
LOAD _Quadrocopter/Origa2L/API/origa2_API.o
LOAD _Quadrocopter/HAL/I2C/I2Cdev.o
LOAD _Quadrocopter/HAL/Delay/util.o
LOAD _Quadrocopter/Attitude_Control/AttitudeController.o
LOAD Startup/startup_XMC4500.o
LOAD Startup/system_XMC4500.o
LOAD Main.o
LOAD Lib/System_LibcStubs.o
LOAD Dave/Generated/src/USBD_VCOM/vc/Descriptors.o
LOAD Dave/Generated/src/USBD_VCOM/vc/usbd_vcom.o
LOAD Dave/Generated/src/USBD_VCOM/cdc/Device/CDCClassDevice.o
LOAD Dave/Generated/src/USBD_LLD/driver/xmc4_usb.o
LOAD Dave/Generated/src/USBD/usbd/USBD_EndpointStream_XMC4000.o
LOAD Dave/Generated/src/USBD/usbd/USBD_Endpoint_XMC4000.o
LOAD Dave/Generated/src/USBD/usbd/usbd.o
LOAD Dave/Generated/src/USBD/usbd/usbd_config.o
LOAD Dave/Generated/src/USBD/usb/Core/USBTask.o
LOAD Dave/Generated/src/UART001/UART001.o
LOAD Dave/Generated/src/UART001/UART001_Conf.o
LOAD Dave/Generated/src/SYSTM001/SYSTM001.o
LOAD Dave/Generated/src/RESET001/RESET001.o
LOAD Dave/Generated/src/PWMSP001/PWMSP001.o
LOAD Dave/Generated/src/PWMSP001/PWMSP001_Conf.o
LOAD Dave/Generated/src/NVIC002/NVIC002.o
LOAD Dave/Generated/src/NVIC002/NVIC002_Conf.o
LOAD Dave/Generated/src/LIBS/CCU8PWMLIB.o
LOAD Dave/Generated/src/LIBS/MOTORLIB.o
LOAD Dave/Generated/src/IO002/IO002.o
LOAD Dave/Generated/src/IO002/IO002_Conf.o
LOAD Dave/Generated/src/I2C001/I2C001.o
LOAD Dave/Generated/src/I2C001/I2C001_Conf.o
LOAD Dave/Generated/src/ERU002/ERU002.o
LOAD Dave/Generated/src/ERU002/ERU002_Conf.o
LOAD Dave/Generated/src/ERU001/ERU001.o
LOAD Dave/Generated/src/ERU001/ERU001_Conf.o
LOAD Dave/Generated/src/DAVESupport/DAVE3.o
LOAD Dave/Generated/src/DAVESupport/MULTIPLEXER.o
LOAD Dave/Generated/src/CLK001/CLK001.o
LOAD Dave/Generated/src/CCU4GLOBAL/CCU4GLOBAL.o
LOAD Dave/Generated/src/CCU4GLOBAL/CCU4GLOBAL_Conf.o
LOAD C:\DAVE-3.1.10\CMSIS\Lib\GCC\libarm_cortexM4_mathL_1.a
LOAD C:\DAVE-3.1.10\CMSIS\Lib\GCC\libarm_cortexM4_mathL_2.a
LOAD c:/dave-3.1.10/arm-gcc/bin/../lib/gcc/arm-none-eabi/4.7.4/../../../../arm-none-eabi/lib/armv7e-m\libm.a
START GROUP
LOAD c:/dave-3.1.10/arm-gcc/bin/../lib/gcc/arm-none-eabi/4.7.4/armv7e-m\libgcc.a
LOAD c:/dave-3.1.10/arm-gcc/bin/../lib/gcc/arm-none-eabi/4.7.4/../../../../arm-none-eabi/lib/armv7e-m\libg.a
LOAD c:/dave-3.1.10/arm-gcc/bin/../lib/gcc/arm-none-eabi/4.7.4/../../../../arm-none-eabi/lib/armv7e-m\libc.a
END GROUP
                0x00000800                stack_size = 0x800

.text           0x08000000    0x25c38 load address 0x0c000000
                0x08000000                sText = .
 *(.Xmc4500.reset)
 .Xmc4500.reset
                0x08000000      0x21c Startup/startup_XMC4500.o
                0x08000000                __Xmc4500_interrupt_vector_cortex_m
                0x08000200                __Xmc4500_reset_cortex_m
 *(.Xmc4500.postreset)
 .Xmc4500.postreset
                0x0800021c       0xa8 Startup/startup_XMC4500.o
 *(.XmcStartup)
 .XmcStartup    0x080002c4        0x4 Startup/startup_XMC4500.o
 *(.text .text.* .gnu.linkonce.t.*)
 .text          0x080002c8        0x0 _Quadrocopter/Sensors/MPU9X50/MPU9150.o
 .text.NVIC_EnableIRQ
                0x080002c8       0x38 _Quadrocopter/Sensors/MPU9X50/MPU9150.o
 .text.NVIC002_EnableIRQ
                0x08000300       0x20 _Quadrocopter/Sensors/MPU9X50/MPU9150.o
 .text.MPU9150_Setup
                0x08000320       0x58 _Quadrocopter/Sensors/MPU9X50/MPU9150.o
                0x08000320                MPU9150_Setup
 .text.MPU9150_Init
                0x08000378      0x370 _Quadrocopter/Sensors/MPU9X50/MPU9150.o
                0x08000378                MPU9150_Init
 .text.MPU9150_InitAK8975A
                0x080006e8      0x180 _Quadrocopter/Sensors/MPU9X50/MPU9150.o
                0x080006e8                MPU9150_InitAK8975A
 .text.MPU9150_Calibrate
                0x08000868      0x710 _Quadrocopter/Sensors/MPU9X50/MPU9150.o
                0x08000868                MPU9150_Calibrate
 .text.MPU9150_SelfTest
                0x08000f78      0x4f0 _Quadrocopter/Sensors/MPU9X50/MPU9150.o
                0x08000f78                MPU9150_SelfTest
 .text.getGres  0x08001468       0x80 _Quadrocopter/Sensors/MPU9X50/MPU9150.o
                0x08001468                getGres
 .text.getAres  0x080014e8       0x70 _Quadrocopter/Sensors/MPU9X50/MPU9150.o
                0x080014e8                getAres
 .text.GetSensorCount
                0x08001558       0x18 _Quadrocopter/Sensors/MPU9X50/MPU9150.o
                0x08001558                GetSensorCount
 .text.GetAngles
                0x08001570      0x418 _Quadrocopter/Sensors/MPU9X50/MPU9150.o
                0x08001570                GetAngles
 .text.GetMagData
                0x08001988       0x44 _Quadrocopter/Sensors/MPU9X50/MPU9150.o
                0x08001988                GetMagData
 .text.ERU1_0_IRQHandler
                0x080019cc      0x538 _Quadrocopter/Sensors/MPU9X50/MPU9150.o
                0x080019cc                ERU1_0_IRQHandler
 .text          0x08001f04        0x0 _Quadrocopter/Sensors/MPU9X50/Filter/QuaternionFilters.o
 .text.MadgwickQuaternionUpdate
                0x08001f04      0xd90 _Quadrocopter/Sensors/MPU9X50/Filter/QuaternionFilters.o
                0x08001f04                MadgwickQuaternionUpdate
 .text.MahonyQuaternionUpdate
                0x08002c94      0x7d8 _Quadrocopter/Sensors/MPU9X50/Filter/QuaternionFilters.o
                0x08002c94                MahonyQuaternionUpdate
 .text          0x0800346c        0x0 _Quadrocopter/Sensors/MPU9X50/Filter/kalman.o
 .text.KALMAN_getAngle
                0x0800346c      0x1ec _Quadrocopter/Sensors/MPU9X50/Filter/kalman.o
                0x0800346c                KALMAN_getAngle
 .text.KALMAN_Init
                0x08003658       0x5c _Quadrocopter/Sensors/MPU9X50/Filter/kalman.o
                0x08003658                KALMAN_Init
 .text.KALMAN_setAngle
                0x080036b4       0x1c _Quadrocopter/Sensors/MPU9X50/Filter/kalman.o
                0x080036b4                KALMAN_setAngle
 .text.KALMAN_getRate
                0x080036d0       0x18 _Quadrocopter/Sensors/MPU9X50/Filter/kalman.o
                0x080036d0                KALMAN_getRate
 .text.KALMAN_setQangle
                0x080036e8       0x1c _Quadrocopter/Sensors/MPU9X50/Filter/kalman.o
                0x080036e8                KALMAN_setQangle
 .text.KALMAN_setQbias
                0x08003704       0x1c _Quadrocopter/Sensors/MPU9X50/Filter/kalman.o
                0x08003704                KALMAN_setQbias
 .text.KALMAN_setRmeasure
                0x08003720       0x1c _Quadrocopter/Sensors/MPU9X50/Filter/kalman.o
                0x08003720                KALMAN_setRmeasure
 .text.KALMAN_getQangle
                0x0800373c       0x18 _Quadrocopter/Sensors/MPU9X50/Filter/kalman.o
                0x0800373c                KALMAN_getQangle
 .text.KALMAN_getQbias
                0x08003754       0x18 _Quadrocopter/Sensors/MPU9X50/Filter/kalman.o
                0x08003754                KALMAN_getQbias
 .text.KALMAN_getRmeasure
                0x0800376c       0x18 _Quadrocopter/Sensors/MPU9X50/Filter/kalman.o
                0x0800376c                KALMAN_getRmeasure
 .text          0x08003784        0x0 _Quadrocopter/Sensors/DPS310/DPS310.o
 .text.ERU1_3_IRQHandler
                0x08003784       0x78 _Quadrocopter/Sensors/DPS310/DPS310.o
                0x08003784                ERU1_3_IRQHandler
 .text.updateValues
                0x080037fc       0x30 _Quadrocopter/Sensors/DPS310/DPS310.o
                0x080037fc                updateValues
 .text.setupDPS310
                0x0800382c       0xb8 _Quadrocopter/Sensors/DPS310/DPS310.o
                0x0800382c                setupDPS310
 .text.getPressure
                0x080038e4       0x6c _Quadrocopter/Sensors/DPS310/DPS310.o
                0x080038e4                getPressure
 .text.getTemperature
                0x08003950       0x6c _Quadrocopter/Sensors/DPS310/DPS310.o
                0x08003950                getTemperature
 .text.setRegister
                0x080039bc       0x94 _Quadrocopter/Sensors/DPS310/DPS310.o
                0x080039bc                setRegister
 .text          0x08003a50        0x0 _Quadrocopter/RadioControl/RCReceive.o
 .text.mergeBytes
                0x08003a50       0x28 _Quadrocopter/RadioControl/RCReceive.o
                0x08003a50                mergeBytes
 .text.USIC1_0_IRQHandler
                0x08003a78      0x338 _Quadrocopter/RadioControl/RCReceive.o
                0x08003a78                USIC1_0_IRQHandler
 .text.USIC0_5_IRQHandler
                0x08003db0       0xfc _Quadrocopter/RadioControl/RCReceive.o
                0x08003db0                USIC0_5_IRQHandler
 .text.WatchRC  0x08003eac       0x88 _Quadrocopter/RadioControl/RCReceive.o
                0x08003eac                WatchRC
 .text.WatchRC_Init
                0x08003f34       0x48 _Quadrocopter/RadioControl/RCReceive.o
                0x08003f34                WatchRC_Init
 .text.GetRCCount
                0x08003f7c       0x18 _Quadrocopter/RadioControl/RCReceive.o
                0x08003f7c                GetRCCount
 .text.GetRCData
                0x08003f94       0x84 _Quadrocopter/RadioControl/RCReceive.o
                0x08003f94                GetRCData
 .text.map      0x08004018       0x38 _Quadrocopter/RadioControl/RCReceive.o
                0x08004018                map
 .text          0x08004050        0x0 _Quadrocopter/RadioControl/Bluetooth_Protocol/BluetoothProtocol.o
 .text.maintainBluetoothInputBuffer
                0x08004050      0x348 _Quadrocopter/RadioControl/Bluetooth_Protocol/BluetoothProtocol.o
                0x08004050                maintainBluetoothInputBuffer
 .text          0x08004398        0x0 _Quadrocopter/Origa2L/LowLevelDrivers/bif_hal.o
 .text.bifHALGetVersion
                0x08004398       0x1c _Quadrocopter/Origa2L/LowLevelDrivers/bif_hal.o
                0x08004398                bifHALGetVersion
 .text.bifHALGetString
                0x080043b4       0x20 _Quadrocopter/Origa2L/LowLevelDrivers/bif_hal.o
                0x080043b4                bifHALGetString
 .text.bifHALGetLastError
                0x080043d4       0x1c _Quadrocopter/Origa2L/LowLevelDrivers/bif_hal.o
                0x080043d4                bifHALGetLastError
 .text.bifHALGetCapabilities
                0x080043f0       0x1c _Quadrocopter/Origa2L/LowLevelDrivers/bif_hal.o
                0x080043f0                bifHALGetCapabilities
 .text.bifHALInit
                0x0800440c       0x1c _Quadrocopter/Origa2L/LowLevelDrivers/bif_hal.o
                0x0800440c                bifHALInit
 .text.bifHALEnabling
                0x08004428       0x20 _Quadrocopter/Origa2L/LowLevelDrivers/bif_hal.o
                0x08004428                bifHALEnabling
 .text.bifHALSetTauBif
                0x08004448       0x94 _Quadrocopter/Origa2L/LowLevelDrivers/bif_hal.o
                0x08004448                bifHALSetTauBif
 .text.bifHALSetLowPowerTauBif
                0x080044dc       0x20 _Quadrocopter/Origa2L/LowLevelDrivers/bif_hal.o
                0x080044dc                bifHALSetLowPowerTauBif
 .text.bifHALSlaveSelectionCache
                0x080044fc       0x20 _Quadrocopter/Origa2L/LowLevelDrivers/bif_hal.o
                0x080044fc                bifHALSlaveSelectionCache
 .text.bifHALGetState
                0x0800451c       0x1c _Quadrocopter/Origa2L/LowLevelDrivers/bif_hal.o
                0x0800451c                bifHALGetState
 .text.bifHALVendorSpecific
                0x08004538       0x20 _Quadrocopter/Origa2L/LowLevelDrivers/bif_hal.o
                0x08004538                bifHALVendorSpecific
 .text.bifTrans_BRES
                0x08004558       0x28 _Quadrocopter/Origa2L/LowLevelDrivers/bif_hal.o
                0x08004558                bifTrans_BRES
 .text.bifTrans_HardRST
                0x08004580       0x28 _Quadrocopter/Origa2L/LowLevelDrivers/bif_hal.o
                0x08004580                bifTrans_HardRST
 .text.bifTrans_PWDN
                0x080045a8       0x28 _Quadrocopter/Origa2L/LowLevelDrivers/bif_hal.o
                0x080045a8                bifTrans_PWDN
 .text.bifTrans_STBY
                0x080045d0       0x28 _Quadrocopter/Origa2L/LowLevelDrivers/bif_hal.o
                0x080045d0                bifTrans_STBY
 .text.bifTrans_WakeUpPulse
                0x080045f8       0x38 _Quadrocopter/Origa2L/LowLevelDrivers/bif_hal.o
                0x080045f8                bifTrans_WakeUpPulse
 .text.bifTrans_WakeUpFromPWDN
                0x08004630       0x28 _Quadrocopter/Origa2L/LowLevelDrivers/bif_hal.o
                0x08004630                bifTrans_WakeUpFromPWDN
 .text.bifTrans_WakeUpFromSTBY
                0x08004658       0x38 _Quadrocopter/Origa2L/LowLevelDrivers/bif_hal.o
                0x08004658                bifTrans_WakeUpFromSTBY
 .text.bifTrans_ISTS
                0x08004690       0x1c _Quadrocopter/Origa2L/LowLevelDrivers/bif_hal.o
                0x08004690                bifTrans_ISTS
 .text.bifTrans_RBL
                0x080046ac       0x34 _Quadrocopter/Origa2L/LowLevelDrivers/bif_hal.o
                0x080046ac                bifTrans_RBL
 .text.bifTrans_RBE
                0x080046e0       0x34 _Quadrocopter/Origa2L/LowLevelDrivers/bif_hal.o
                0x080046e0                bifTrans_RBE
 .text.bifTrans_DASM
                0x08004714       0x1c _Quadrocopter/Origa2L/LowLevelDrivers/bif_hal.o
                0x08004714                bifTrans_DASM
 .text.bifTrans_DISS
                0x08004730       0x28 _Quadrocopter/Origa2L/LowLevelDrivers/bif_hal.o
                0x08004730                bifTrans_DISS
 .text.bifTrans_DILC
                0x08004758       0x1c _Quadrocopter/Origa2L/LowLevelDrivers/bif_hal.o
                0x08004758                bifTrans_DILC
 .text.bifTrans_DIE0
                0x08004774       0x28 _Quadrocopter/Origa2L/LowLevelDrivers/bif_hal.o
                0x08004774                bifTrans_DIE0
 .text.bifTrans_DIE1
                0x0800479c       0x28 _Quadrocopter/Origa2L/LowLevelDrivers/bif_hal.o
                0x0800479c                bifTrans_DIE1
 .text.bifTrans_DIP0
                0x080047c4       0xa0 _Quadrocopter/Origa2L/LowLevelDrivers/bif_hal.o
                0x080047c4                bifTrans_DIP0
 .text.bifTrans_DIP1
                0x08004864       0xa0 _Quadrocopter/Origa2L/LowLevelDrivers/bif_hal.o
                0x08004864                bifTrans_DIP1
 .text.bifTrans_DRES
                0x08004904       0x1c _Quadrocopter/Origa2L/LowLevelDrivers/bif_hal.o
                0x08004904                bifTrans_DRES
 .text.bifTrans_TQ
                0x08004920       0x20 _Quadrocopter/Origa2L/LowLevelDrivers/bif_hal.o
                0x08004920                bifTrans_TQ
 .text.bifTrans_AIO
                0x08004940       0x28 _Quadrocopter/Origa2L/LowLevelDrivers/bif_hal.o
                0x08004940                bifTrans_AIO
 .text.bifTrans_EDA
                0x08004968       0x2c _Quadrocopter/Origa2L/LowLevelDrivers/bif_hal.o
                0x08004968                bifTrans_EDA
 .text.bifTrans_SDA
                0x08004994       0x2c _Quadrocopter/Origa2L/LowLevelDrivers/bif_hal.o
                0x08004994                bifTrans_SDA
 .text.bifTrans_ERA
                0x080049c0       0x2c _Quadrocopter/Origa2L/LowLevelDrivers/bif_hal.o
                0x080049c0                bifTrans_ERA
 .text.bifTrans_WRA
                0x080049ec       0x2c _Quadrocopter/Origa2L/LowLevelDrivers/bif_hal.o
                0x080049ec                bifTrans_WRA
 .text.bifTrans_WD
                0x08004a18       0x2c _Quadrocopter/Origa2L/LowLevelDrivers/bif_hal.o
                0x08004a18                bifTrans_WD
 .text.bifTrans_RRA
                0x08004a44       0x24 _Quadrocopter/Origa2L/LowLevelDrivers/bif_hal.o
                0x08004a44                bifTrans_RRA
 .text.bifTrans_EINT
                0x08004a68       0x78 _Quadrocopter/Origa2L/LowLevelDrivers/bif_hal.o
                0x08004a68                bifTrans_EINT
 .text.bifTrans_Async_EINT
                0x08004ae0       0x1c _Quadrocopter/Origa2L/LowLevelDrivers/bif_hal.o
                0x08004ae0                bifTrans_Async_EINT
 .text.bifTrans_Query_EINT
                0x08004afc       0x1c _Quadrocopter/Origa2L/LowLevelDrivers/bif_hal.o
                0x08004afc                bifTrans_Query_EINT
 .text.bifTrans_Abort_EINT
                0x08004b18       0x38 _Quadrocopter/Origa2L/LowLevelDrivers/bif_hal.o
                0x08004b18                bifTrans_Abort_EINT
 .text.bifTrans_SlaveVendorSpecific
                0x08004b50       0x20 _Quadrocopter/Origa2L/LowLevelDrivers/bif_hal.o
                0x08004b50                bifTrans_SlaveVendorSpecific
 .text.bifTransWriteUint8
                0x08004b70       0x5c _Quadrocopter/Origa2L/LowLevelDrivers/bif_hal.o
                0x08004b70                bifTransWriteUint8
 .text.bifTransWriteUint16
                0x08004bcc       0x74 _Quadrocopter/Origa2L/LowLevelDrivers/bif_hal.o
                0x08004bcc                bifTransWriteUint16
 .text.bifTransReadUint8
                0x08004c40       0x74 _Quadrocopter/Origa2L/LowLevelDrivers/bif_hal.o
                0x08004c40                bifTransReadUint8
 .text.bifTransReadUint16
                0x08004cb4       0xbc _Quadrocopter/Origa2L/LowLevelDrivers/bif_hal.o
                0x08004cb4                bifTransReadUint16
 .text.bifTransWriteMultUint8
                0x08004d70       0x80 _Quadrocopter/Origa2L/LowLevelDrivers/bif_hal.o
                0x08004d70                bifTransWriteMultUint8
 .text.bifTransReadMultUint8
                0x08004df0       0xf8 _Quadrocopter/Origa2L/LowLevelDrivers/bif_hal.o
                0x08004df0                bifTransReadMultUint8
 .text.bifTransSelUid
                0x08004ee8       0x60 _Quadrocopter/Origa2L/LowLevelDrivers/bif_hal.o
                0x08004ee8                bifTransSelUid
 .text.bifTransSetParityBits
                0x08004f48      0x3ac _Quadrocopter/Origa2L/LowLevelDrivers/bif_hal.o
 .text.bifTransCheckParityBit
                0x080052f4      0x3e4 _Quadrocopter/Origa2L/LowLevelDrivers/bif_hal.o
 .text.bifTransCheckBitInversion
                0x080056d8      0x1b0 _Quadrocopter/Origa2L/LowLevelDrivers/bif_hal.o
 .text.bifTransTreatInvertFlag
                0x08005888       0x88 _Quadrocopter/Origa2L/LowLevelDrivers/bif_hal.o
 .text.bifTransProcessReceivedWord
                0x08005910       0x90 _Quadrocopter/Origa2L/LowLevelDrivers/bif_hal.o
 .text.bifTransSendWord
                0x080059a0      0x42c _Quadrocopter/Origa2L/LowLevelDrivers/bif_hal.o
 .text.bifTransReceiveWord
                0x08005dcc      0x30c _Quadrocopter/Origa2L/LowLevelDrivers/bif_hal.o
 .text          0x080060d8        0x0 _Quadrocopter/Origa2L/LowLevelDrivers/origa2_auth.o
 .text.Origa2_ECC
                0x080060d8      0x178 _Quadrocopter/Origa2L/LowLevelDrivers/origa2_auth.o
                0x080060d8                Origa2_ECC
 .text.Origa2_read_ODC
                0x08006250       0xc4 _Quadrocopter/Origa2L/LowLevelDrivers/origa2_auth.o
                0x08006250                Origa2_read_ODC
 .text.Origa2_write_challenge
                0x08006314      0x11c _Quadrocopter/Origa2L/LowLevelDrivers/origa2_auth.o
                0x08006314                Origa2_write_challenge
 .text.Origa2_read_response
                0x08006430      0x13c _Quadrocopter/Origa2L/LowLevelDrivers/origa2_auth.o
                0x08006430                Origa2_read_response
 .text.Origa2_write_challenge_read_response
                0x0800656c      0x314 _Quadrocopter/Origa2L/LowLevelDrivers/origa2_auth.o
                0x0800656c                Origa2_write_challenge_read_response
 .text          0x08006880        0x0 _Quadrocopter/Origa2L/LowLevelDrivers/origa2_bif.o
 .text.Origa2_bif_search_id
                0x08006880       0xf0 _Quadrocopter/Origa2L/LowLevelDrivers/origa2_bif.o
                0x08006880                Origa2_bif_search_id
 .text.b_UidSearch_GetDipDoneBit
                0x08006970       0x2c _Quadrocopter/Origa2L/LowLevelDrivers/origa2_bif.o
                0x08006970                b_UidSearch_GetDipDoneBit
 .text.b_UidSearch_SetDipDoneBit
                0x0800699c       0x3c _Quadrocopter/Origa2L/LowLevelDrivers/origa2_bif.o
                0x0800699c                b_UidSearch_SetDipDoneBit
 .text.b_UidSearch_GetDIE0Info
                0x080069d8       0x2c _Quadrocopter/Origa2L/LowLevelDrivers/origa2_bif.o
                0x080069d8                b_UidSearch_GetDIE0Info
 .text.b_UidSearch_SetDIE0Info
                0x08006a04       0x3c _Quadrocopter/Origa2L/LowLevelDrivers/origa2_bif.o
                0x08006a04                b_UidSearch_SetDIE0Info
 .text.b_UidSearch_GetDIE1Info
                0x08006a40       0x2c _Quadrocopter/Origa2L/LowLevelDrivers/origa2_bif.o
                0x08006a40                b_UidSearch_GetDIE1Info
 .text.b_UidSearch_SetDIE1Info
                0x08006a6c       0x20 _Quadrocopter/Origa2L/LowLevelDrivers/origa2_bif.o
                0x08006a6c                b_UidSearch_SetDIE1Info
 .text.b_pop    0x08006a8c       0x60 _Quadrocopter/Origa2L/LowLevelDrivers/origa2_bif.o
                0x08006a8c                b_pop
 .text.b_push   0x08006aec       0x58 _Quadrocopter/Origa2L/LowLevelDrivers/origa2_bif.o
                0x08006aec                b_push
 .text.ub_SizeOfStack
                0x08006b44       0x18 _Quadrocopter/Origa2L/LowLevelDrivers/origa2_bif.o
                0x08006b44                ub_SizeOfStack
 .text.Origa2_bif_search_ids
                0x08006b5c      0x450 _Quadrocopter/Origa2L/LowLevelDrivers/origa2_bif.o
                0x08006b5c                Origa2_bif_search_ids
 .text.Origa2_bif_read_ddb_level_one
                0x08006fac      0x1e4 _Quadrocopter/Origa2L/LowLevelDrivers/origa2_bif.o
                0x08006fac                Origa2_bif_read_ddb_level_one
 .text.Origa2_bif_read_ddb_function_directory
                0x08007190      0x468 _Quadrocopter/Origa2L/LowLevelDrivers/origa2_bif.o
                0x08007190                Origa2_bif_read_ddb_function_directory
 .text.Origa2_bif_read_ddb_other_pointer
                0x080075f8      0x6a8 _Quadrocopter/Origa2L/LowLevelDrivers/origa2_bif.o
                0x080075f8                Origa2_bif_read_ddb_other_pointer
 .text.Origa2_bif_locate_function_addr
                0x08007ca0      0x1c8 _Quadrocopter/Origa2L/LowLevelDrivers/origa2_bif.o
                0x08007ca0                Origa2_bif_locate_function_addr
 .text          0x08007e68        0x0 _Quadrocopter/Origa2L/LowLevelDrivers/origa2_nvm.o
 .text.Origa2_nvm_write_data
                0x08007e68      0x604 _Quadrocopter/Origa2L/LowLevelDrivers/origa2_nvm.o
                0x08007e68                Origa2_nvm_write_data
 .text.Origa2_nvm_read_data
                0x0800846c      0x104 _Quadrocopter/Origa2L/LowLevelDrivers/origa2_nvm.o
                0x0800846c                Origa2_nvm_read_data
 .text.Origa2_nvm_read_data_with_mac_verify
                0x08008570      0x3c0 _Quadrocopter/Origa2L/LowLevelDrivers/origa2_nvm.o
                0x08008570                Origa2_nvm_read_data_with_mac_verify
 .text.Origa2_nvm_prog_dev_addr
                0x08008930      0x1c8 _Quadrocopter/Origa2L/LowLevelDrivers/origa2_nvm.o
                0x08008930                Origa2_nvm_prog_dev_addr
 .text.Origa2_nvm_read_nvm_lock_ofs
                0x08008af8       0x50 _Quadrocopter/Origa2L/LowLevelDrivers/origa2_nvm.o
                0x08008af8                Origa2_nvm_read_nvm_lock_ofs
 .text.Origa2_nvm_prog_nvm_lock_ofs
                0x08008b48      0x3b0 _Quadrocopter/Origa2L/LowLevelDrivers/origa2_nvm.o
                0x08008b48                Origa2_nvm_prog_nvm_lock_ofs
 .text.Origa2_nvm_incr_transition_counter
                0x08008ef8      0x20c _Quadrocopter/Origa2L/LowLevelDrivers/origa2_nvm.o
                0x08008ef8                Origa2_nvm_incr_transition_counter
 .text.Origa2_nvm_get_transition_counter
                0x08009104       0x50 _Quadrocopter/Origa2L/LowLevelDrivers/origa2_nvm.o
                0x08009104                Origa2_nvm_get_transition_counter
 .text.Origa2_nvm_incr_lifespan_counter
                0x08009154      0x218 _Quadrocopter/Origa2L/LowLevelDrivers/origa2_nvm.o
                0x08009154                Origa2_nvm_incr_lifespan_counter
 .text.Origa2_nvm_get_lifespan_counter
                0x0800936c       0x54 _Quadrocopter/Origa2L/LowLevelDrivers/origa2_nvm.o
                0x0800936c                Origa2_nvm_get_lifespan_counter
 .text.Origa2_nvm_wait_wr_done
                0x080093c0      0x144 _Quadrocopter/Origa2L/LowLevelDrivers/origa2_nvm.o
                0x080093c0                Origa2_nvm_wait_wr_done
 .text          0x08009504        0x0 _Quadrocopter/Origa2L/LowLevelDrivers/Crypto/origa2_crypto.o
 .text.Origa2_RegisterCrypto
                0x08009504      0x1e0 _Quadrocopter/Origa2L/LowLevelDrivers/Crypto/origa2_crypto.o
                0x08009504                Origa2_RegisterCrypto
 .text.origa2_unregister
                0x080096e4       0x14 _Quadrocopter/Origa2L/LowLevelDrivers/Crypto/origa2_crypto.o
 .text.origa2_initialize_crypto
                0x080096f8       0x78 _Quadrocopter/Origa2L/LowLevelDrivers/Crypto/origa2_crypto.o
 .text.origa2_generate_challenge
                0x08009770       0x58 _Quadrocopter/Origa2L/LowLevelDrivers/Crypto/origa2_crypto.o
 .text.origa2_generate_checkvalue
                0x080097c8       0x54 _Quadrocopter/Origa2L/LowLevelDrivers/Crypto/origa2_crypto.o
 .text.origa2_authenticate
                0x0800981c      0x170 _Quadrocopter/Origa2L/LowLevelDrivers/Crypto/origa2_crypto.o
 .text.origa2_mac_verify
                0x0800998c       0xc0 _Quadrocopter/Origa2L/LowLevelDrivers/Crypto/origa2_crypto.o
 .text.origa2_memcpy
                0x08009a4c       0x24 _Quadrocopter/Origa2L/LowLevelDrivers/Crypto/origa2_crypto.o
 .text.origa2_memset
                0x08009a70       0x28 _Quadrocopter/Origa2L/LowLevelDrivers/Crypto/origa2_crypto.o
 .text.origa2_rand
                0x08009a98       0x58 _Quadrocopter/Origa2L/LowLevelDrivers/Crypto/origa2_crypto.o
 .text          0x08009af0        0x0 _Quadrocopter/Origa2L/LowLevelDrivers/Crypto/origa2_math.o
 .text.generate_challenge
                0x08009af0       0x54 _Quadrocopter/Origa2L/LowLevelDrivers/Crypto/origa2_math.o
                0x08009af0                generate_challenge
 .text.generate_checkvalue
                0x08009b44       0x50 _Quadrocopter/Origa2L/LowLevelDrivers/Crypto/origa2_math.o
                0x08009b44                generate_checkvalue
 .text.verify_mac80
                0x08009b94       0xb4 _Quadrocopter/Origa2L/LowLevelDrivers/Crypto/origa2_math.o
                0x08009b94                verify_mac80
 .text.verify_mac64
                0x08009c48       0xb4 _Quadrocopter/Origa2L/LowLevelDrivers/Crypto/origa2_math.o
                0x08009c48                verify_mac64
 .text.dwordvec_l_shift_131
                0x08009cfc       0xa4 _Quadrocopter/Origa2L/LowLevelDrivers/Crypto/origa2_math.o
                0x08009cfc                dwordvec_l_shift_131
 .text.dwordvec_l_shift_163
                0x08009da0       0xc8 _Quadrocopter/Origa2L/LowLevelDrivers/Crypto/origa2_math.o
                0x08009da0                dwordvec_l_shift_163
 .text.dwordvec_l_shift_193
                0x08009e68       0xe8 _Quadrocopter/Origa2L/LowLevelDrivers/Crypto/origa2_math.o
                0x08009e68                dwordvec_l_shift_193
 .text.gf2_131_sum
                0x08009f50       0x8c _Quadrocopter/Origa2L/LowLevelDrivers/Crypto/origa2_math.o
                0x08009f50                gf2_131_sum
 .text.gf2_163_sum
                0x08009fdc       0xa4 _Quadrocopter/Origa2L/LowLevelDrivers/Crypto/origa2_math.o
                0x08009fdc                gf2_163_sum
 .text.gf2_193_sum
                0x0800a080       0xc0 _Quadrocopter/Origa2L/LowLevelDrivers/Crypto/origa2_math.o
                0x0800a080                gf2_193_sum
 .text.gf2_131_reduction
                0x0800a140      0x108 _Quadrocopter/Origa2L/LowLevelDrivers/Crypto/origa2_math.o
                0x0800a140                gf2_131_reduction
 .text.gf2_163_reduction
                0x0800a248      0x110 _Quadrocopter/Origa2L/LowLevelDrivers/Crypto/origa2_math.o
                0x0800a248                gf2_163_reduction
 .text.gf2_193_reduction
                0x0800a358       0xe8 _Quadrocopter/Origa2L/LowLevelDrivers/Crypto/origa2_math.o
                0x0800a358                gf2_193_reduction
 .text.gf2_131_square
                0x0800a440      0x1c4 _Quadrocopter/Origa2L/LowLevelDrivers/Crypto/origa2_math.o
                0x0800a440                gf2_131_square
 .text.gf2_163_square
                0x0800a604      0x228 _Quadrocopter/Origa2L/LowLevelDrivers/Crypto/origa2_math.o
                0x0800a604                gf2_163_square
 .text.gf2_193_square
                0x0800a82c      0x28c _Quadrocopter/Origa2L/LowLevelDrivers/Crypto/origa2_math.o
                0x0800a82c                gf2_193_square
 .text.dwordvec_131_copy
                0x0800aab8       0x4c _Quadrocopter/Origa2L/LowLevelDrivers/Crypto/origa2_math.o
                0x0800aab8                dwordvec_131_copy
 .text.dwordvec_163_copy
                0x0800ab04       0x58 _Quadrocopter/Origa2L/LowLevelDrivers/Crypto/origa2_math.o
                0x0800ab04                dwordvec_163_copy
 .text.dwordvec_193_copy
                0x0800ab5c       0x64 _Quadrocopter/Origa2L/LowLevelDrivers/Crypto/origa2_math.o
                0x0800ab5c                dwordvec_193_copy
 .text.gf2_131_add
                0x0800abc0       0x8c _Quadrocopter/Origa2L/LowLevelDrivers/Crypto/origa2_math.o
                0x0800abc0                gf2_131_add
 .text.gf2_163_add
                0x0800ac4c       0xa8 _Quadrocopter/Origa2L/LowLevelDrivers/Crypto/origa2_math.o
                0x0800ac4c                gf2_163_add
 .text.gf2_193_add
                0x0800acf4       0xc0 _Quadrocopter/Origa2L/LowLevelDrivers/Crypto/origa2_math.o
                0x0800acf4                gf2_193_add
 .text.precompute
                0x0800adb4      0x1dc _Quadrocopter/Origa2L/LowLevelDrivers/Crypto/origa2_math.o
                0x0800adb4                precompute
 .text.gf2_131_mul
                0x0800af90      0x1c0 _Quadrocopter/Origa2L/LowLevelDrivers/Crypto/origa2_math.o
                0x0800af90                gf2_131_mul
 .text.gf2_163_mul
                0x0800b150      0x1c0 _Quadrocopter/Origa2L/LowLevelDrivers/Crypto/origa2_math.o
                0x0800b150                gf2_163_mul
 .text.gf2_193_mul
                0x0800b310      0x1c0 _Quadrocopter/Origa2L/LowLevelDrivers/Crypto/origa2_math.o
                0x0800b310                gf2_193_mul
 .text.dwordvec_swap
                0x0800b4d0       0xf4 _Quadrocopter/Origa2L/LowLevelDrivers/Crypto/origa2_math.o
                0x0800b4d0                dwordvec_swap
 .text.dwordvec_cmp
                0x0800b5c4       0xa8 _Quadrocopter/Origa2L/LowLevelDrivers/Crypto/origa2_math.o
                0x0800b5c4                dwordvec_cmp
 .text.r_shift  0x0800b66c      0x134 _Quadrocopter/Origa2L/LowLevelDrivers/Crypto/origa2_math.o
                0x0800b66c                r_shift
 .text.remove_x_power
                0x0800b7a0       0x54 _Quadrocopter/Origa2L/LowLevelDrivers/Crypto/origa2_math.o
                0x0800b7a0                remove_x_power
 .text.dwordvec_iszero
                0x0800b7f4       0x98 _Quadrocopter/Origa2L/LowLevelDrivers/Crypto/origa2_math.o
                0x0800b7f4                dwordvec_iszero
 .text.gf2n_divide
                0x0800b88c      0x114 _Quadrocopter/Origa2L/LowLevelDrivers/Crypto/origa2_math.o
                0x0800b88c                gf2n_divide
 .text.dwordvec_add
                0x0800b9a0       0xe4 _Quadrocopter/Origa2L/LowLevelDrivers/Crypto/origa2_math.o
                0x0800b9a0                dwordvec_add
 .text.dwordvec_sub
                0x0800ba84      0x104 _Quadrocopter/Origa2L/LowLevelDrivers/Crypto/origa2_math.o
                0x0800ba84                dwordvec_sub
 .text.remove_2_power
                0x0800bb88       0x4c _Quadrocopter/Origa2L/LowLevelDrivers/Crypto/origa2_math.o
                0x0800bb88                remove_2_power
 .text.gfp_divide
                0x0800bbd4      0x11c _Quadrocopter/Origa2L/LowLevelDrivers/Crypto/origa2_math.o
                0x0800bbd4                gfp_divide
 .text.gf2n_init
                0x0800bcf0      0x1cc _Quadrocopter/Origa2L/LowLevelDrivers/Crypto/origa2_math.o
                0x0800bcf0                gf2n_init
 .text.ecc_init
                0x0800bebc       0x80 _Quadrocopter/Origa2L/LowLevelDrivers/Crypto/origa2_math.o
                0x0800bebc                ecc_init
 .text.mont_ecc_add
                0x0800bf3c       0xa4 _Quadrocopter/Origa2L/LowLevelDrivers/Crypto/origa2_math.o
                0x0800bf3c                mont_ecc_add
 .text.mont_ecc_double
                0x0800bfe0       0x8c _Quadrocopter/Origa2L/LowLevelDrivers/Crypto/origa2_math.o
                0x0800bfe0                mont_ecc_double
 .text.mont_ecc_mul
                0x0800c06c      0x288 _Quadrocopter/Origa2L/LowLevelDrivers/Crypto/origa2_math.o
                0x0800c06c                mont_ecc_mul
 .text.mac_algorithm_64
                0x0800c2f4      0x248 _Quadrocopter/Origa2L/LowLevelDrivers/Crypto/origa2_math.o
                0x0800c2f4                mac_algorithm_64
 .text.mac_algorithm_80
                0x0800c53c      0x330 _Quadrocopter/Origa2L/LowLevelDrivers/Crypto/origa2_math.o
                0x0800c53c                mac_algorithm_80
 .text.ecc_point_on_curve
                0x0800c86c       0xf0 _Quadrocopter/Origa2L/LowLevelDrivers/Crypto/origa2_math.o
                0x0800c86c                ecc_point_on_curve
 .text.ecc_mul_projective
                0x0800c95c      0x250 _Quadrocopter/Origa2L/LowLevelDrivers/Crypto/origa2_math.o
                0x0800c95c                ecc_mul_projective
 .text.ecc_add_point_x
                0x0800cbac      0x2dc _Quadrocopter/Origa2L/LowLevelDrivers/Crypto/origa2_math.o
                0x0800cbac                ecc_add_point_x
 .text.ECDSA_verify
                0x0800ce88      0x2c8 _Quadrocopter/Origa2L/LowLevelDrivers/Crypto/origa2_math.o
                0x0800ce88                ECDSA_verify
 .text.sha256_compress
                0x0800d150      0x2e0 _Quadrocopter/Origa2L/LowLevelDrivers/Crypto/origa2_math.o
                0x0800d150                sha256_compress
 .text.sha256_final
                0x0800d430      0x12c _Quadrocopter/Origa2L/LowLevelDrivers/Crypto/origa2_math.o
                0x0800d430                sha256_final
 .text.sha256_update
                0x0800d55c       0x6c _Quadrocopter/Origa2L/LowLevelDrivers/Crypto/origa2_math.o
                0x0800d55c                sha256_update
 .text.sha256_init
                0x0800d5c8       0x84 _Quadrocopter/Origa2L/LowLevelDrivers/Crypto/origa2_math.o
                0x0800d5c8                sha256_init
 .text.sha256   0x0800d64c       0x38 _Quadrocopter/Origa2L/LowLevelDrivers/Crypto/origa2_math.o
                0x0800d64c                sha256
 .text          0x0800d684        0x0 _Quadrocopter/Origa2L/HAL/library/support.o
 .text._memcpy  0x0800d684       0x48 _Quadrocopter/Origa2L/HAL/library/support.o
                0x0800d684                _memcpy
 .text._memset  0x0800d6cc       0x44 _Quadrocopter/Origa2L/HAL/library/support.o
                0x0800d6cc                _memset
 .text          0x0800d710        0x0 _Quadrocopter/Origa2L/HAL/board.o
 .text.board_specific_origa2_init
                0x0800d710       0xb8 _Quadrocopter/Origa2L/HAL/board.o
                0x0800d710                board_specific_origa2_init
 .text.bifDelay
                0x0800d7c8       0x2c _Quadrocopter/Origa2L/HAL/board.o
                0x0800d7c8                bifDelay
 .text.get_pin  0x0800d7f4       0x60 _Quadrocopter/Origa2L/HAL/board.o
                0x0800d7f4                get_pin
 .text.set_pin  0x0800d854       0x88 _Quadrocopter/Origa2L/HAL/board.o
                0x0800d854                set_pin
 .text          0x0800d8dc        0x0 _Quadrocopter/Origa2L/API/origa2_API.o
 .text.origa2_test_init
                0x0800d8dc       0x24 _Quadrocopter/Origa2L/API/origa2_API.o
                0x0800d8dc                origa2_test_init
 .text.origa2_test_bif
                0x0800d900       0x48 _Quadrocopter/Origa2L/API/origa2_API.o
                0x0800d900                origa2_test_bif
 .text.origa2_test_auth
                0x0800d948       0x84 _Quadrocopter/Origa2L/API/origa2_API.o
                0x0800d948                origa2_test_auth
 .text.origa2_test_nvm
                0x0800d9cc       0xb8 _Quadrocopter/Origa2L/API/origa2_API.o
                0x0800d9cc                origa2_test_nvm
 .text.Origa2_authentification
                0x0800da84       0x4c _Quadrocopter/Origa2L/API/origa2_API.o
                0x0800da84                Origa2_authentification
 .text          0x0800dad0        0x0 _Quadrocopter/HAL/I2C/I2Cdev.o
 .text.I2Cdev_writeBytes
                0x0800dad0      0x1b4 _Quadrocopter/HAL/I2C/I2Cdev.o
                0x0800dad0                I2Cdev_writeBytes
 .text.I2Cdev_writeByte
                0x0800dc84       0x34 _Quadrocopter/HAL/I2C/I2Cdev.o
                0x0800dc84                I2Cdev_writeByte
 .text.I2Cdev_readBytes
                0x0800dcb8      0x2b4 _Quadrocopter/HAL/I2C/I2Cdev.o
                0x0800dcb8                I2Cdev_readBytes
 .text.I2Cdev_readByte
                0x0800df6c       0x48 _Quadrocopter/HAL/I2C/I2Cdev.o
                0x0800df6c                I2Cdev_readByte
 .text.USIC2_2_IRQHandler
                0x0800dfb4       0x48 _Quadrocopter/HAL/I2C/I2Cdev.o
                0x0800dfb4                USIC2_2_IRQHandler
 .text.USIC0_3_IRQHandler
                0x0800dffc       0x48 _Quadrocopter/HAL/I2C/I2Cdev.o
                0x0800dffc                USIC0_3_IRQHandler
 .text          0x0800e044        0x0 _Quadrocopter/HAL/Delay/util.o
 .text.CCU41_1_IRQHandler
                0x0800e044       0x24 _Quadrocopter/HAL/Delay/util.o
                0x0800e044                CCU41_1_IRQHandler
 .text.delay    0x0800e068       0x34 _Quadrocopter/HAL/Delay/util.o
                0x0800e068                delay
 .text.millis   0x0800e09c       0x18 _Quadrocopter/HAL/Delay/util.o
                0x0800e09c                millis
 .text          0x0800e0b4        0x0 _Quadrocopter/Attitude_Control/AttitudeController.o
 *fill*         0x0800e0b4        0x4 00
 .text.AngleController
                0x0800e0b8      0x150 _Quadrocopter/Attitude_Control/AttitudeController.o
                0x0800e0b8                AngleController
 .text.AngleRateController
                0x0800e208       0x90 _Quadrocopter/Attitude_Control/AttitudeController.o
                0x0800e208                AngleRateController
 .text.CreatePulseWidth
                0x0800e298      0x36c _Quadrocopter/Attitude_Control/AttitudeController.o
                0x0800e298                CreatePulseWidth
 .text          0x0800e604      0x82c Startup/startup_XMC4500.o
                0x0800e604                NMI_Handler
                0x0800e606                NMI_Handler_Veneer
                0x0800e614                HardFault_Handler
                0x0800e616                HardFault_Handler_Veneer
                0x0800e624                MemManage_Handler
                0x0800e626                MemManage_Handler_Veneer
                0x0800e634                BusFault_Handler
                0x0800e636                BusFault_Handler_Veneer
                0x0800e644                UsageFault_Handler
                0x0800e646                UsageFault_Handler_Veneer
                0x0800e654                SVC_Handler
                0x0800e656                SVC_Handler_Veneer
                0x0800e664                DebugMon_Handler
                0x0800e666                DebugMon_Handler_Veneer
                0x0800e674                PendSV_Handler
                0x0800e676                PendSV_Handler_Veneer
                0x0800e686                SysTick_Handler_Veneer
                0x0800e694                SCU_0_IRQHandler
                0x0800e696                SCU_0_IRQHandler_Veneer
                0x0800e6a4                ERU0_0_IRQHandler
                0x0800e6a6                ERU0_0_IRQHandler_Veneer
                0x0800e6b4                ERU0_1_IRQHandler
                0x0800e6b6                ERU0_1_IRQHandler_Veneer
                0x0800e6c4                ERU0_2_IRQHandler
                0x0800e6c6                ERU0_2_IRQHandler_Veneer
                0x0800e6d4                ERU0_3_IRQHandler
                0x0800e6d6                ERU0_3_IRQHandler_Veneer
                0x0800e6e6                ERU1_0_IRQHandler_Veneer
                0x0800e6f4                ERU1_1_IRQHandler
                0x0800e6f6                ERU1_1_IRQHandler_Veneer
                0x0800e704                ERU1_2_IRQHandler
                0x0800e706                ERU1_2_IRQHandler_Veneer
                0x0800e716                ERU1_3_IRQHandler_Veneer
                0x0800e724                PMU0_0_IRQHandler
                0x0800e726                PMU0_0_IRQHandler_Veneer
                0x0800e734                VADC0_C0_0_IRQHandler
                0x0800e736                VADC0_C0_0_IRQHandler_Veneer
                0x0800e744                VADC0_C0_1_IRQHandler
                0x0800e746                VADC0_C0_1_IRQHandler_Veneer
                0x0800e754                VADC0_C0_2_IRQHandler
                0x0800e756                VADC0_C0_2_IRQHandler_Veneer
                0x0800e764                VADC0_C0_3_IRQHandler
                0x0800e766                VADC0_C0_3_IRQHandler_Veneer
                0x0800e774                VADC0_G0_0_IRQHandler
                0x0800e776                VADC0_G0_0_IRQHandler_Veneer
                0x0800e784                VADC0_G0_1_IRQHandler
                0x0800e786                VADC0_G0_1_IRQHandler_Veneer
                0x0800e794                VADC0_G0_2_IRQHandler
                0x0800e796                VADC0_G0_2_IRQHandler_Veneer
                0x0800e7a4                VADC0_G0_3_IRQHandler
                0x0800e7a6                VADC0_G0_3_IRQHandler_Veneer
                0x0800e7b4                VADC0_G1_0_IRQHandler
                0x0800e7b6                VADC0_G1_0_IRQHandler_Veneer
                0x0800e7c4                VADC0_G1_1_IRQHandler
                0x0800e7c6                VADC0_G1_1_IRQHandler_Veneer
                0x0800e7d4                VADC0_G1_2_IRQHandler
                0x0800e7d6                VADC0_G1_2_IRQHandler_Veneer
                0x0800e7e4                VADC0_G1_3_IRQHandler
                0x0800e7e6                VADC0_G1_3_IRQHandler_Veneer
                0x0800e7f4                VADC0_G2_0_IRQHandler
                0x0800e7f6                VADC0_G2_0_IRQHandler_Veneer
                0x0800e804                VADC0_G2_1_IRQHandler
                0x0800e806                VADC0_G2_1_IRQHandler_Veneer
                0x0800e814                VADC0_G2_2_IRQHandler
                0x0800e816                VADC0_G2_2_IRQHandler_Veneer
                0x0800e824                VADC0_G2_3_IRQHandler
                0x0800e826                VADC0_G2_3_IRQHandler_Veneer
                0x0800e834                VADC0_G3_0_IRQHandler
                0x0800e836                VADC0_G3_0_IRQHandler_Veneer
                0x0800e844                VADC0_G3_1_IRQHandler
                0x0800e846                VADC0_G3_1_IRQHandler_Veneer
                0x0800e854                VADC0_G3_2_IRQHandler
                0x0800e856                VADC0_G3_2_IRQHandler_Veneer
                0x0800e864                VADC0_G3_3_IRQHandler
                0x0800e866                VADC0_G3_3_IRQHandler_Veneer
                0x0800e874                DSD0_0_IRQHandler
                0x0800e876                DSD0_0_IRQHandler_Veneer
                0x0800e884                DSD0_1_IRQHandler
                0x0800e886                DSD0_1_IRQHandler_Veneer
                0x0800e894                DSD0_2_IRQHandler
                0x0800e896                DSD0_2_IRQHandler_Veneer
                0x0800e8a4                DSD0_3_IRQHandler
                0x0800e8a6                DSD0_3_IRQHandler_Veneer
                0x0800e8b4                DSD0_4_IRQHandler
                0x0800e8b6                DSD0_4_IRQHandler_Veneer
                0x0800e8c4                DSD0_5_IRQHandler
                0x0800e8c6                DSD0_5_IRQHandler_Veneer
                0x0800e8d4                DSD0_6_IRQHandler
                0x0800e8d6                DSD0_6_IRQHandler_Veneer
                0x0800e8e4                DSD0_7_IRQHandler
                0x0800e8e6                DSD0_7_IRQHandler_Veneer
                0x0800e8f4                DAC0_0_IRQHandler
                0x0800e8f6                DAC0_0_IRQHandler_Veneer
                0x0800e904                DAC0_1_IRQHandler
                0x0800e906                DAC0_1_IRQHandler_Veneer
                0x0800e914                CCU40_0_IRQHandler
                0x0800e916                CCU40_0_IRQHandler_Veneer
                0x0800e924                CCU40_1_IRQHandler
                0x0800e926                CCU40_1_IRQHandler_Veneer
                0x0800e934                CCU40_2_IRQHandler
                0x0800e936                CCU40_2_IRQHandler_Veneer
                0x0800e944                CCU40_3_IRQHandler
                0x0800e946                CCU40_3_IRQHandler_Veneer
                0x0800e956                CCU41_0_IRQHandler_Veneer
                0x0800e964                CCU41_1_IRQHandler_Veneer
                0x0800e972                CCU41_2_IRQHandler_Veneer
                0x0800e980                CCU41_3_IRQHandler_Veneer
                0x0800e98c                CCU42_0_IRQHandler
                0x0800e98e                CCU42_0_IRQHandler_Veneer
                0x0800e99a                CCU42_1_IRQHandler
                0x0800e99c                CCU42_1_IRQHandler_Veneer
                0x0800e9a8                CCU42_2_IRQHandler
                0x0800e9aa                CCU42_2_IRQHandler_Veneer
                0x0800e9b6                CCU42_3_IRQHandler
                0x0800e9b8                CCU42_3_IRQHandler_Veneer
                0x0800e9c4                CCU43_0_IRQHandler
                0x0800e9c6                CCU43_0_IRQHandler_Veneer
                0x0800e9d2                CCU43_1_IRQHandler
                0x0800e9d4                CCU43_1_IRQHandler_Veneer
                0x0800e9e0                CCU43_2_IRQHandler
                0x0800e9e2                CCU43_2_IRQHandler_Veneer
                0x0800e9ee                CCU43_3_IRQHandler
                0x0800e9f0                CCU43_3_IRQHandler_Veneer
                0x0800e9fc                CCU80_0_IRQHandler
                0x0800e9fe                CCU80_0_IRQHandler_Veneer
                0x0800ea0a                CCU80_1_IRQHandler
                0x0800ea0c                CCU80_1_IRQHandler_Veneer
                0x0800ea18                CCU80_2_IRQHandler
                0x0800ea1a                CCU80_2_IRQHandler_Veneer
                0x0800ea26                CCU80_3_IRQHandler
                0x0800ea28                CCU80_3_IRQHandler_Veneer
                0x0800ea34                CCU81_0_IRQHandler
                0x0800ea36                CCU81_0_IRQHandler_Veneer
                0x0800ea42                CCU81_1_IRQHandler
                0x0800ea44                CCU81_1_IRQHandler_Veneer
                0x0800ea50                CCU81_2_IRQHandler
                0x0800ea52                CCU81_2_IRQHandler_Veneer
                0x0800ea5e                CCU81_3_IRQHandler
                0x0800ea60                CCU81_3_IRQHandler_Veneer
                0x0800ea6c                POSIF0_0_IRQHandler
                0x0800ea6e                POSIF0_0_IRQHandler_Veneer
                0x0800ea7a                POSIF0_1_IRQHandler
                0x0800ea7c                POSIF0_1_IRQHandler_Veneer
                0x0800ea88                POSIF1_0_IRQHandler
                0x0800ea8a                POSIF1_0_IRQHandler_Veneer
                0x0800ea96                POSIF1_1_IRQHandler
                0x0800ea98                POSIF1_1_IRQHandler_Veneer
                0x0800eaa4                CAN0_0_IRQHandler
                0x0800eaa6                CAN0_0_IRQHandler_Veneer
                0x0800eab2                CAN0_1_IRQHandler
                0x0800eab4                CAN0_1_IRQHandler_Veneer
                0x0800eac0                CAN0_2_IRQHandler
                0x0800eac2                CAN0_2_IRQHandler_Veneer
                0x0800eace                CAN0_3_IRQHandler
                0x0800ead0                CAN0_3_IRQHandler_Veneer
                0x0800eadc                CAN0_4_IRQHandler
                0x0800eade                CAN0_4_IRQHandler_Veneer
                0x0800eaea                CAN0_5_IRQHandler
                0x0800eaec                CAN0_5_IRQHandler_Veneer
                0x0800eaf8                CAN0_6_IRQHandler
                0x0800eafa                CAN0_6_IRQHandler_Veneer
                0x0800eb06                CAN0_7_IRQHandler
                0x0800eb08                CAN0_7_IRQHandler_Veneer
                0x0800eb14                USIC0_0_IRQHandler
                0x0800eb16                USIC0_0_IRQHandler_Veneer
                0x0800eb22                USIC0_1_IRQHandler
                0x0800eb24                USIC0_1_IRQHandler_Veneer
                0x0800eb30                USIC0_2_IRQHandler
                0x0800eb32                USIC0_2_IRQHandler_Veneer
                0x0800eb40                USIC0_3_IRQHandler_Veneer
                0x0800eb4c                USIC0_4_IRQHandler
                0x0800eb4e                USIC0_4_IRQHandler_Veneer
                0x0800eb5c                USIC0_5_IRQHandler_Veneer
                0x0800eb6a                USIC1_0_IRQHandler_Veneer
                0x0800eb76                USIC1_1_IRQHandler
                0x0800eb78                USIC1_1_IRQHandler_Veneer
                0x0800eb84                USIC1_2_IRQHandler
                0x0800eb86                USIC1_2_IRQHandler_Veneer
                0x0800eb92                USIC1_3_IRQHandler
                0x0800eb94                USIC1_3_IRQHandler_Veneer
                0x0800eba0                USIC1_4_IRQHandler
                0x0800eba2                USIC1_4_IRQHandler_Veneer
                0x0800ebae                USIC1_5_IRQHandler
                0x0800ebb0                USIC1_5_IRQHandler_Veneer
                0x0800ebbc                USIC2_0_IRQHandler
                0x0800ebbe                USIC2_0_IRQHandler_Veneer
                0x0800ebca                USIC2_1_IRQHandler
                0x0800ebcc                USIC2_1_IRQHandler_Veneer
                0x0800ebda                USIC2_2_IRQHandler_Veneer
                0x0800ebe6                USIC2_3_IRQHandler
                0x0800ebe8                USIC2_3_IRQHandler_Veneer
                0x0800ebf4                USIC2_4_IRQHandler
                0x0800ebf6                USIC2_4_IRQHandler_Veneer
                0x0800ec02                USIC2_5_IRQHandler
                0x0800ec04                USIC2_5_IRQHandler_Veneer
                0x0800ec10                LEDTS0_0_IRQHandler
                0x0800ec12                LEDTS0_0_IRQHandler_Veneer
                0x0800ec1e                FCE0_0_IRQHandler
                0x0800ec20                FCE0_0_IRQHandler_Veneer
                0x0800ec2c                GPDMA0_0_IRQHandler
                0x0800ec2e                GPDMA0_0_IRQHandler_Veneer
                0x0800ec3a                SDMMC0_0_IRQHandler
                0x0800ec3c                SDMMC0_0_IRQHandler_Veneer
                0x0800ec4a                USB0_0_IRQHandler_Veneer
                0x0800ec56                ETH0_0_IRQHandler
                0x0800ec58                ETH0_0_IRQHandler_Veneer
                0x0800ec64                GPDMA1_0_IRQHandler
                0x0800ec66                GPDMA1_0_IRQHandler_Veneer
 .text          0x0800ee30        0x0 Startup/system_XMC4500.o
 .text.SystemInit
                0x0800ee30       0x9c Startup/system_XMC4500.o
                0x0800ee30                SystemInit
 .text.SystemCoreClockUpdate
                0x0800eecc      0x148 Startup/system_XMC4500.o
                0x0800eecc                SystemCoreClockUpdate
 .text.SystemClockSetup
                0x0800f014      0x4cc Startup/system_XMC4500.o
 .text          0x0800f4e0        0x0 Main.o
 .text.CCU41_0_IRQHandler
                0x0800f4e0      0x300 Main.o
                0x0800f4e0                CCU41_0_IRQHandler
 .text.Initialize
                0x0800f7e0      0x404 Main.o
                0x0800f7e0                Initialize
 *fill*         0x0800fbe4        0x4 00
 .text.main     0x0800fbe8      0x668 Main.o
                0x0800fbe8                main
 .text.CCU41_3_IRQHandler
                0x08010250       0x90 Main.o
                0x08010250                CCU41_3_IRQHandler
 .text.CCU41_2_IRQHandler
                0x080102e0      0x568 Main.o
                0x080102e0                CCU41_2_IRQHandler
 .text          0x08010848        0x0 Lib/System_LibcStubs.o
 .text._open    0x08010848       0x1c Lib/System_LibcStubs.o
                0x08010848                _open
 .text._lseek   0x08010864       0x1c Lib/System_LibcStubs.o
                0x08010864                _lseek
 .text._read    0x08010880       0x1c Lib/System_LibcStubs.o
                0x08010880                _read
 .text._write   0x0801089c       0x1c Lib/System_LibcStubs.o
                0x0801089c                _write
 .text._close   0x080108b8       0x10 Lib/System_LibcStubs.o
                0x080108b8                _close
 .text._fstat   0x080108c8       0x28 Lib/System_LibcStubs.o
                0x080108c8                _fstat
 .text._link    0x080108f0       0x28 Lib/System_LibcStubs.o
                0x080108f0                _link
 .text._unlink  0x08010918       0x18 Lib/System_LibcStubs.o
                0x08010918                _unlink
 .text._sbrk    0x08010930       0xa0 Lib/System_LibcStubs.o
                0x08010930                _sbrk
 .text._times   0x080109d0       0x18 Lib/System_LibcStubs.o
                0x080109d0                _times
 .text._wait    0x080109e8       0x18 Lib/System_LibcStubs.o
                0x080109e8                _wait
 .text._kill    0x08010a00       0x1c Lib/System_LibcStubs.o
                0x08010a00                _kill
 .text._fork    0x08010a1c       0x10 Lib/System_LibcStubs.o
                0x08010a1c                _fork
 .text._getpid  0x08010a2c       0x10 Lib/System_LibcStubs.o
                0x08010a2c                _getpid
 .text._exit    0x08010a3c        0xc Lib/System_LibcStubs.o
                0x08010a3c                _exit
 .text._init    0x08010a48        0xc Lib/System_LibcStubs.o
                0x08010a48                _init
 .text._isatty  0x08010a54       0x18 Lib/System_LibcStubs.o
                0x08010a54                _isatty
 .text          0x08010a6c        0x0 Dave/Generated/src/USBD_VCOM/vc/Descriptors.o
 .text.CALLBACK_USB_GetDescriptor
                0x08010a6c       0xc8 Dave/Generated/src/USBD_VCOM/vc/Descriptors.o
                0x08010a6c                CALLBACK_USB_GetDescriptor
 .text          0x08010b34        0x0 Dave/Generated/src/USBD_VCOM/vc/usbd_vcom.o
 .text.NVIC_EnableIRQ
                0x08010b34       0x38 Dave/Generated/src/USBD_VCOM/vc/usbd_vcom.o
 .text.NVIC_DisableIRQ
                0x08010b6c       0x3c Dave/Generated/src/USBD_VCOM/vc/usbd_vcom.o
 .text.Endpoint_SelectEndpoint
                0x08010ba8       0x3c Dave/Generated/src/USBD_VCOM/vc/usbd_vcom.o
 .text.USBD_VCOM_Init
                0x08010be4       0x38 Dave/Generated/src/USBD_VCOM/vc/usbd_vcom.o
                0x08010be4                USBD_VCOM_Init
 .text.USBD_VCOM_IsEnumDone
                0x08010c1c       0x10 Dave/Generated/src/USBD_VCOM/vc/usbd_vcom.o
                0x08010c1c                USBD_VCOM_IsEnumDone
 .text.USBD_VCOM_SendByte
                0x08010c2c       0x50 Dave/Generated/src/USBD_VCOM/vc/usbd_vcom.o
                0x08010c2c                USBD_VCOM_SendByte
 .text.USBD_VCOM_SendData
                0x08010c7c       0x64 Dave/Generated/src/USBD_VCOM/vc/usbd_vcom.o
                0x08010c7c                USBD_VCOM_SendData
 .text.USBD_VCOM_SendString
                0x08010ce0       0x4c Dave/Generated/src/USBD_VCOM/vc/usbd_vcom.o
                0x08010ce0                USBD_VCOM_SendString
 .text.USBD_VCOM_ReceiveByte
                0x08010d2c       0x44 Dave/Generated/src/USBD_VCOM/vc/usbd_vcom.o
                0x08010d2c                USBD_VCOM_ReceiveByte
 .text.USBD_VCOM_ReceiveData
                0x08010d70       0x6c Dave/Generated/src/USBD_VCOM/vc/usbd_vcom.o
                0x08010d70                USBD_VCOM_ReceiveData
 .text.USBD_VCOM_GetLineEncoding
                0x08010ddc       0x64 Dave/Generated/src/USBD_VCOM/vc/usbd_vcom.o
                0x08010ddc                USBD_VCOM_GetLineEncoding
 .text.USBD_VCOM_BytesReceived
                0x08010e40       0x38 Dave/Generated/src/USBD_VCOM/vc/usbd_vcom.o
                0x08010e40                USBD_VCOM_BytesReceived
 .text.EVENT_USB_Device_Connect
                0x08010e78       0x18 Dave/Generated/src/USBD_VCOM/vc/usbd_vcom.o
                0x08010e78                EVENT_USB_Device_Connect
 .text.EVENT_USB_Device_Disconnect
                0x08010e90       0x18 Dave/Generated/src/USBD_VCOM/vc/usbd_vcom.o
                0x08010e90                EVENT_USB_Device_Disconnect
 .text.EVENT_USB_Device_ConfigurationChanged
                0x08010ea8       0x70 Dave/Generated/src/USBD_VCOM/vc/usbd_vcom.o
                0x08010ea8                EVENT_USB_Device_ConfigurationChanged
 .text.EVENT_USB_Device_ControlRequest
                0x08010f18       0x14 Dave/Generated/src/USBD_VCOM/vc/usbd_vcom.o
                0x08010f18                EVENT_USB_Device_ControlRequest
 .text.EVENT_USB_Device_SetAddress
                0x08010f2c       0x18 Dave/Generated/src/USBD_VCOM/vc/usbd_vcom.o
                0x08010f2c                EVENT_USB_Device_SetAddress
 .text.EVENT_USB_Device_WakeUp
                0x08010f44        0xc Dave/Generated/src/USBD_VCOM/vc/usbd_vcom.o
                0x08010f44                EVENT_USB_Device_WakeUp
 .text.EVENT_USB_Device_Suspend
                0x08010f50        0xc Dave/Generated/src/USBD_VCOM/vc/usbd_vcom.o
                0x08010f50                EVENT_USB_Device_Suspend
 .text          0x08010f5c        0x0 Dave/Generated/src/USBD_VCOM/cdc/Device/CDCClassDevice.o
 .text.Endpoint_SelectEndpoint
                0x08010f5c       0x3c Dave/Generated/src/USBD_VCOM/cdc/Device/CDCClassDevice.o
 .text.Endpoint_IsSETUPReceived
                0x08010f98       0x28 Dave/Generated/src/USBD_VCOM/cdc/Device/CDCClassDevice.o
 .text.Endpoint_ClearSETUP
                0x08010fc0       0x20 Dave/Generated/src/USBD_VCOM/cdc/Device/CDCClassDevice.o
 .text.Endpoint_ClearStatusStage
                0x08010fe0        0xc Dave/Generated/src/USBD_VCOM/cdc/Device/CDCClassDevice.o
 .text.Endpoint_IsINReady
                0x08010fec       0x60 Dave/Generated/src/USBD_VCOM/cdc/Device/CDCClassDevice.o
 .text.Endpoint_IsOUTReceived
                0x0801104c       0x4c Dave/Generated/src/USBD_VCOM/cdc/Device/CDCClassDevice.o
 .text.Endpoint_BytesInEndpoint
                0x08011098       0x54 Dave/Generated/src/USBD_VCOM/cdc/Device/CDCClassDevice.o
 .text.CDC_Device_ProcessControlRequest
                0x080110ec      0x1a8 Dave/Generated/src/USBD_VCOM/cdc/Device/CDCClassDevice.o
                0x080110ec                CDC_Device_ProcessControlRequest
 .text.EVENT_CDC_Device_LineEncodingChanged
                0x08011294       0x14 Dave/Generated/src/USBD_VCOM/cdc/Device/CDCClassDevice.o
                0x08011294                EVENT_CDC_Device_LineEncodingChanged
 .text.EVENT_CDC_Device_ControLineStateChanged
                0x080112a8       0x14 Dave/Generated/src/USBD_VCOM/cdc/Device/CDCClassDevice.o
                0x080112a8                EVENT_CDC_Device_ControLineStateChanged
 .text.EVENT_CDC_Device_BreakSent
                0x080112bc       0x18 Dave/Generated/src/USBD_VCOM/cdc/Device/CDCClassDevice.o
                0x080112bc                EVENT_CDC_Device_BreakSent
 .text.CDC_Device_ConfigureEndpoints
                0x080112d4       0xa8 Dave/Generated/src/USBD_VCOM/cdc/Device/CDCClassDevice.o
                0x080112d4                CDC_Device_ConfigureEndpoints
 .text.CDC_Device_USBTask
                0x0801137c       0x48 Dave/Generated/src/USBD_VCOM/cdc/Device/CDCClassDevice.o
                0x0801137c                CDC_Device_USBTask
 .text.CDC_Device_SendString
                0x080113c4       0x54 Dave/Generated/src/USBD_VCOM/cdc/Device/CDCClassDevice.o
                0x080113c4                CDC_Device_SendString
 .text.CDC_Device_SendData
                0x08011418       0x50 Dave/Generated/src/USBD_VCOM/cdc/Device/CDCClassDevice.o
                0x08011418                CDC_Device_SendData
 .text.CDC_Device_SendByte
                0x08011468       0x70 Dave/Generated/src/USBD_VCOM/cdc/Device/CDCClassDevice.o
                0x08011468                CDC_Device_SendByte
 .text.CDC_Device_Flush
                0x080114d8       0x54 Dave/Generated/src/USBD_VCOM/cdc/Device/CDCClassDevice.o
                0x080114d8                CDC_Device_Flush
 .text.CDC_Device_BytesReceived
                0x0801152c       0x64 Dave/Generated/src/USBD_VCOM/cdc/Device/CDCClassDevice.o
                0x0801152c                CDC_Device_BytesReceived
 .text.CDC_Device_ReceiveByte
                0x08011590       0x70 Dave/Generated/src/USBD_VCOM/cdc/Device/CDCClassDevice.o
                0x08011590                CDC_Device_ReceiveByte
 .text.CDC_Device_SendControlLineStateChange
                0x08011600       0x70 Dave/Generated/src/USBD_VCOM/cdc/Device/CDCClassDevice.o
                0x08011600                CDC_Device_SendControlLineStateChange
 .text          0x08011670        0x0 Dave/Generated/src/USBD_LLD/driver/xmc4_usb.o
 .text.NVIC_GetPriorityGrouping
                0x08011670       0x20 Dave/Generated/src/USBD_LLD/driver/xmc4_usb.o
 .text.NVIC_EnableIRQ
                0x08011690       0x38 Dave/Generated/src/USBD_LLD/driver/xmc4_usb.o
 .text.NVIC_DisableIRQ
                0x080116c8       0x3c Dave/Generated/src/USBD_LLD/driver/xmc4_usb.o
 .text.NVIC_ClearPendingIRQ
                0x08011704       0x3c Dave/Generated/src/USBD_LLD/driver/xmc4_usb.o
 .text.NVIC_SetPriority
                0x08011740       0x5c Dave/Generated/src/USBD_LLD/driver/xmc4_usb.o
 .text.NVIC_EncodePriority
                0x0801179c       0x78 Dave/Generated/src/USBD_LLD/driver/xmc4_usb.o
 .text.USB_DeviceActive
                0x08011814       0x7c Dave/Generated/src/USBD_LLD/driver/xmc4_usb.o
                0x08011814                USB_DeviceActive
 .text.USB_ReadFifo
                0x08011890      0x114 Dave/Generated/src/USBD_LLD/driver/xmc4_usb.o
                0x08011890                USB_ReadFifo
 .text.USB_WriteFifo
                0x080119a4       0xbc Dave/Generated/src/USBD_LLD/driver/xmc4_usb.o
                0x080119a4                USB_WriteFifo
 .text.USB_FlushTXFifo
                0x08011a60       0x9c Dave/Generated/src/USBD_LLD/driver/xmc4_usb.o
                0x08011a60                USB_FlushTXFifo
 .text.USB_FlushRXFifo
                0x08011afc       0x88 Dave/Generated/src/USBD_LLD/driver/xmc4_usb.o
                0x08011afc                USB_FlushRXFifo
 .text.USB_AssignTXFifo
                0x08011b84       0x74 Dave/Generated/src/USBD_LLD/driver/xmc4_usb.o
                0x08011b84                USB_AssignTXFifo
 .text.USB_UnassignFifo
                0x08011bf8       0x48 Dave/Generated/src/USBD_LLD/driver/xmc4_usb.o
                0x08011bf8                USB_UnassignFifo
 .text.USB_StartReadXfer
                0x08011c40      0x1ac Dave/Generated/src/USBD_LLD/driver/xmc4_usb.o
                0x08011c40                USB_StartReadXfer
 .text.USB_StartWriteXfer
                0x08011dec      0x1d4 Dave/Generated/src/USBD_LLD/driver/xmc4_usb.o
                0x08011dec                USB_StartWriteXfer
 .text.USB_HandleUSBReset
                0x08011fc0      0x2bc Dave/Generated/src/USBD_LLD/driver/xmc4_usb.o
                0x08011fc0                USB_HandleUSBReset
 .text.USB_HandleEnumDone
                0x0801227c       0xb8 Dave/Generated/src/USBD_LLD/driver/xmc4_usb.o
                0x0801227c                USB_HandleEnumDone
 .text.USB_HandleOEPInt
                0x08012334      0x290 Dave/Generated/src/USBD_LLD/driver/xmc4_usb.o
                0x08012334                USB_HandleOEPInt
 .text.USB_HandleIEPInt
                0x080125c4      0x2b0 Dave/Generated/src/USBD_LLD/driver/xmc4_usb.o
                0x080125c4                USB_HandleIEPInt
 .text.USB_HandleRxFLvl
                0x08012874       0x84 Dave/Generated/src/USBD_LLD/driver/xmc4_usb.o
                0x08012874                USB_HandleRxFLvl
 .text.USB_HandleOTGInt
                0x080128f8      0x144 Dave/Generated/src/USBD_LLD/driver/xmc4_usb.o
                0x080128f8                USB_HandleOTGInt
 .text.USB_HandleIrq
                0x08012a3c      0x1fc Dave/Generated/src/USBD_LLD/driver/xmc4_usb.o
                0x08012a3c                USB_HandleIrq
 .text.USB0_0_IRQHandler
                0x08012c38        0xc Dave/Generated/src/USBD_LLD/driver/xmc4_usb.o
                0x08012c38                USB0_0_IRQHandler
 .text.USB_EnableUSBInterrupt
                0x08012c44       0x48 Dave/Generated/src/USBD_LLD/driver/xmc4_usb.o
 .text.USB_DisableUSBInterrupt
                0x08012c8c       0x18 Dave/Generated/src/USBD_LLD/driver/xmc4_usb.o
 .text.USB_GetCapabilities
                0x08012ca4       0x64 Dave/Generated/src/USBD_LLD/driver/xmc4_usb.o
                0x08012ca4                USB_GetCapabilities
 .text.USB_Init
                0x08012d08      0x674 Dave/Generated/src/USBD_LLD/driver/xmc4_usb.o
                0x08012d08                USB_Init
 .text.USB_Uninitialize
                0x0801337c       0xc0 Dave/Generated/src/USBD_LLD/driver/xmc4_usb.o
                0x0801337c                USB_Uninitialize
 .text.USB_DeviceConnect
                0x0801343c       0x40 Dave/Generated/src/USBD_LLD/driver/xmc4_usb.o
                0x0801343c                USB_DeviceConnect
 .text.USB_DeviceDisconnect
                0x0801347c       0x40 Dave/Generated/src/USBD_LLD/driver/xmc4_usb.o
                0x0801347c                USB_DeviceDisconnect
 .text.USB_DeviceGetState
                0x080134bc       0x68 Dave/Generated/src/USBD_LLD/driver/xmc4_usb.o
                0x080134bc                USB_DeviceGetState
 .text.USB_EndpointReadStart
                0x08013524       0x94 Dave/Generated/src/USBD_LLD/driver/xmc4_usb.o
                0x08013524                USB_EndpointReadStart
 .text.USB_EndpointRead
                0x080135b8       0x80 Dave/Generated/src/USBD_LLD/driver/xmc4_usb.o
                0x080135b8                USB_EndpointRead
 .text.USB_EndpointWrite
                0x08013638       0xa8 Dave/Generated/src/USBD_LLD/driver/xmc4_usb.o
                0x08013638                USB_EndpointWrite
 .text.USB_DeviceSetAddress
                0x080136e0       0x54 Dave/Generated/src/USBD_LLD/driver/xmc4_usb.o
                0x080136e0                USB_DeviceSetAddress
 .text.USB_EndpointStall
                0x08013734      0x1b4 Dave/Generated/src/USBD_LLD/driver/xmc4_usb.o
                0x08013734                USB_EndpointStall
 .text.USB_EndpointAbort
                0x080138e8      0x238 Dave/Generated/src/USBD_LLD/driver/xmc4_usb.o
                0x080138e8                USB_EndpointAbort
 .text.USB_EndpointConfigure
                0x08013b20      0x2e8 Dave/Generated/src/USBD_LLD/driver/xmc4_usb.o
                0x08013b20                USB_EndpointConfigure
 .text.USB_EndpointUnconfigure
                0x08013e08      0x208 Dave/Generated/src/USBD_LLD/driver/xmc4_usb.o
                0x08013e08                USB_EndpointUnconfigure
 .text.USB_GetFrameNumber
                0x08014010       0x2c Dave/Generated/src/USBD_LLD/driver/xmc4_usb.o
                0x08014010                USB_GetFrameNumber
 .text.USB_IsEnumDone
                0x0801403c       0x38 Dave/Generated/src/USBD_LLD/driver/xmc4_usb.o
                0x0801403c                USB_IsEnumDone
 .text          0x08014074        0x0 Dave/Generated/src/USBD/usbd/USBD_EndpointStream_XMC4000.o
 .text.Endpoint_Write_Stream_LE
                0x08014074      0x148 Dave/Generated/src/USBD/usbd/USBD_EndpointStream_XMC4000.o
                0x08014074                Endpoint_Write_Stream_LE
 .text.SwapCopy
                0x080141bc       0x48 Dave/Generated/src/USBD/usbd/USBD_EndpointStream_XMC4000.o
                0x080141bc                SwapCopy
 .text.Endpoint_Write_Stream_BE
                0x08014204      0x10c Dave/Generated/src/USBD/usbd/USBD_EndpointStream_XMC4000.o
                0x08014204                Endpoint_Write_Stream_BE
 .text.Endpoint_Read_Stream_LE
                0x08014310      0x108 Dave/Generated/src/USBD/usbd/USBD_EndpointStream_XMC4000.o
                0x08014310                Endpoint_Read_Stream_LE
 .text.Endpoint_Read_Stream_BE
                0x08014418      0x108 Dave/Generated/src/USBD/usbd/USBD_EndpointStream_XMC4000.o
                0x08014418                Endpoint_Read_Stream_BE
 .text.Endpoint_Write_Control_Stream_LE
                0x08014520       0x74 Dave/Generated/src/USBD/usbd/USBD_EndpointStream_XMC4000.o
                0x08014520                Endpoint_Write_Control_Stream_LE
 .text.Endpoint_Write_Control_Stream_BE
                0x08014594       0x24 Dave/Generated/src/USBD/usbd/USBD_EndpointStream_XMC4000.o
                0x08014594                Endpoint_Write_Control_Stream_BE
 .text.Endpoint_Read_Control_Stream_LE
                0x080145b8       0x74 Dave/Generated/src/USBD/usbd/USBD_EndpointStream_XMC4000.o
                0x080145b8                Endpoint_Read_Control_Stream_LE
 .text.Endpoint_Read_Control_Stream_BE
                0x0801462c       0x24 Dave/Generated/src/USBD/usbd/USBD_EndpointStream_XMC4000.o
                0x0801462c                Endpoint_Read_Control_Stream_BE
 .text.Endpoint_Null_Stream
                0x08014650      0x104 Dave/Generated/src/USBD/usbd/USBD_EndpointStream_XMC4000.o
                0x08014650                Endpoint_Null_Stream
 .text          0x08014754        0x0 Dave/Generated/src/USBD/usbd/USBD_Endpoint_XMC4000.o
 .text.NVIC_EnableIRQ
                0x08014754       0x38 Dave/Generated/src/USBD/usbd/USBD_Endpoint_XMC4000.o
 .text.NVIC_DisableIRQ
                0x0801478c       0x3c Dave/Generated/src/USBD/usbd/USBD_Endpoint_XMC4000.o
 .text.Endpoint_IsINReady
                0x080147c8       0x60 Dave/Generated/src/USBD/usbd/USBD_Endpoint_XMC4000.o
 .text.Endpoint_IsOUTReceived
                0x08014828       0x4c Dave/Generated/src/USBD/usbd/USBD_Endpoint_XMC4000.o
 .text.Endpoint_GetEndpointDirection
                0x08014874       0x40 Dave/Generated/src/USBD/usbd/USBD_Endpoint_XMC4000.o
 .text.Endpoint_IsStalled
                0x080148b4       0x4c Dave/Generated/src/USBD/usbd/USBD_Endpoint_XMC4000.o
 .text.USB_Device_GetFrameNumber
                0x08014900       0x18 Dave/Generated/src/USBD/usbd/USBD_Endpoint_XMC4000.o
 .text.Endpoint_WaitUntilReady
                0x08014918       0xb0 Dave/Generated/src/USBD/usbd/USBD_Endpoint_XMC4000.o
                0x08014918                Endpoint_WaitUntilReady
 .text.Endpoint_ClearOUT
                0x080149c8       0xb0 Dave/Generated/src/USBD/usbd/USBD_Endpoint_XMC4000.o
                0x080149c8                Endpoint_ClearOUT
 .text.Endpoint_ClearIN
                0x08014a78      0x118 Dave/Generated/src/USBD/usbd/USBD_Endpoint_XMC4000.o
                0x08014a78                Endpoint_ClearIN
 .text.Endpoint_IsReadWriteAllowed
                0x08014b90       0x70 Dave/Generated/src/USBD/usbd/USBD_Endpoint_XMC4000.o
                0x08014b90                Endpoint_IsReadWriteAllowed
 .text.Endpoint_Write_8
                0x08014c00       0x78 Dave/Generated/src/USBD/usbd/USBD_Endpoint_XMC4000.o
                0x08014c00                Endpoint_Write_8
 .text.Endpoint_Read_8
                0x08014c78       0x84 Dave/Generated/src/USBD/usbd/USBD_Endpoint_XMC4000.o
                0x08014c78                Endpoint_Read_8
 .text.Endpoint_Write_32_LE
                0x08014cfc       0x78 Dave/Generated/src/USBD/usbd/USBD_Endpoint_XMC4000.o
                0x08014cfc                Endpoint_Write_32_LE
 .text.Endpoint_Read_32_LE
                0x08014d74       0x84 Dave/Generated/src/USBD/usbd/USBD_Endpoint_XMC4000.o
                0x08014d74                Endpoint_Read_32_LE
 .text.Endpoint_ConfigureEndpointTable
                0x08014df8      0x1dc Dave/Generated/src/USBD/usbd/USBD_Endpoint_XMC4000.o
                0x08014df8                Endpoint_ConfigureEndpointTable
 .text          0x08014fd4        0x0 Dave/Generated/src/USBD/usbd/usbd.o
 .text.USBD_HandleEP0_Stall
                0x08014fd4       0x48 Dave/Generated/src/USBD/usbd/usbd.o
                0x08014fd4                USBD_HandleEP0_Stall
 .text.USBD_Handle_DeviceRequest
                0x0801501c      0x678 Dave/Generated/src/USBD/usbd/usbd.o
                0x0801501c                USBD_Handle_DeviceRequest
 .text.USBD_HandleEP0_IN
                0x08015694       0x8c Dave/Generated/src/USBD/usbd/usbd.o
                0x08015694                USBD_HandleEP0_IN
 .text.USBD_HandleEP0_OUT
                0x08015720       0x90 Dave/Generated/src/USBD/usbd/usbd.o
                0x08015720                USBD_HandleEP0_OUT
 .text.USBD_HandleEP0_SETUP
                0x080157b0       0xf4 Dave/Generated/src/USBD/usbd/usbd.o
                0x080157b0                USBD_HandleEP0_SETUP
 .text.USBD_SignalDeviceEventHandler
                0x080158a4      0x330 Dave/Generated/src/USBD/usbd/usbd.o
                0x080158a4                USBD_SignalDeviceEventHandler
 .text.USBD_SignalEndpointEvent_Handler
                0x08015bd4      0x1f4 Dave/Generated/src/USBD/usbd/usbd.o
                0x08015bd4                USBD_SignalEndpointEvent_Handler
 .text.USBD_Initialize
                0x08015dc8      0x22c Dave/Generated/src/USBD/usbd/usbd.o
                0x08015dc8                USBD_Initialize
 .text.USBD_Connect
                0x08015ff4       0x18 Dave/Generated/src/USBD/usbd/usbd.o
                0x08015ff4                USBD_Connect
 .text.USBD_IsEnumDone
                0x0801600c       0x28 Dave/Generated/src/USBD/usbd/usbd.o
                0x0801600c                USBD_IsEnumDone
 .text.USBD_SetEndpointBuffer
                0x08016034       0x9c Dave/Generated/src/USBD/usbd/usbd.o
                0x08016034                USBD_SetEndpointBuffer
 .text          0x080160d0        0x0 Dave/Generated/src/USBD/usbd/usbd_config.o
 .text          0x080160d0        0x0 Dave/Generated/src/USBD/usb/Core/USBTask.o
 .text          0x080160d0        0x0 Dave/Generated/src/UART001/UART001.o
 .text.UART001_lInit
                0x080160d0      0x1a8 Dave/Generated/src/UART001/UART001.o
                0x080160d0                UART001_lInit
 .text.UART001_lConfigTXPin
                0x08016278       0xfc Dave/Generated/src/UART001/UART001.o
                0x08016278                UART001_lConfigTXPin
 .text.UART001_labsRealType
                0x08016374       0x38 Dave/Generated/src/UART001/UART001.o
                0x08016374                UART001_labsRealType
 .text.UART001_lConfigureBaudRate
                0x080163ac      0x4e8 Dave/Generated/src/UART001/UART001.o
                0x080163ac                UART001_lConfigureBaudRate
 .text.UART001_Init
                0x08016894       0x74 Dave/Generated/src/UART001/UART001.o
                0x08016894                UART001_Init
 .text.UART001_DeInit
                0x08016908       0x14 Dave/Generated/src/UART001/UART001.o
                0x08016908                UART001_DeInit
 .text.UART001_Configure
                0x0801691c      0x114 Dave/Generated/src/UART001/UART001.o
                0x0801691c                UART001_Configure
 .text.UART001_ReadDataMultiple
                0x08016a30       0x80 Dave/Generated/src/UART001/UART001.o
                0x08016a30                UART001_ReadDataMultiple
 .text.UART001_ReadDataBytes
                0x08016ab0       0x80 Dave/Generated/src/UART001/UART001.o
                0x08016ab0                UART001_ReadDataBytes
 .text.UART001_WriteDataMultiple
                0x08016b30       0x90 Dave/Generated/src/UART001/UART001.o
                0x08016b30                UART001_WriteDataMultiple
 .text.UART001_WriteDataBytes
                0x08016bc0       0x90 Dave/Generated/src/UART001/UART001.o
                0x08016bc0                UART001_WriteDataBytes
 .text.UART001_GetFlagStatus
                0x08016c50       0x98 Dave/Generated/src/UART001/UART001.o
                0x08016c50                UART001_GetFlagStatus
 .text.UART001_ClearFlag
                0x08016ce8       0x78 Dave/Generated/src/UART001/UART001.o
                0x08016ce8                UART001_ClearFlag
 .text          0x08016d60        0x0 Dave/Generated/src/UART001/UART001_Conf.o
 .text          0x08016d60        0x0 Dave/Generated/src/SYSTM001/SYSTM001.o
 .text.NVIC_GetPriorityGrouping
                0x08016d60       0x20 Dave/Generated/src/SYSTM001/SYSTM001.o
 .text.NVIC_SetPriority
                0x08016d80       0x5c Dave/Generated/src/SYSTM001/SYSTM001.o
 .text.NVIC_EncodePriority
                0x08016ddc       0x78 Dave/Generated/src/SYSTM001/SYSTM001.o
 .text.SysTick_Config
                0x08016e54       0x64 Dave/Generated/src/SYSTM001/SYSTM001.o
 .text.SYSTM001_lInsertTimerList
                0x08016eb8      0x214 Dave/Generated/src/SYSTM001/SYSTM001.o
 .text.SYSTM001_lRemoveTimerList
                0x080170cc       0xd8 Dave/Generated/src/SYSTM001/SYSTM001.o
 .text.SYSTM001_lTimerHandler
                0x080171a4       0x94 Dave/Generated/src/SYSTM001/SYSTM001.o
 .text.SysTick_Handler
                0x08017238       0x5c Dave/Generated/src/SYSTM001/SYSTM001.o
                0x08017238                SysTick_Handler
 .text.SYSTM001_Init
                0x08017294       0x64 Dave/Generated/src/SYSTM001/SYSTM001.o
                0x08017294                SYSTM001_Init
 .text.SYSTM001_CreateTimer
                0x080172f8      0x1a0 Dave/Generated/src/SYSTM001/SYSTM001.o
                0x080172f8                SYSTM001_CreateTimer
 .text.SYSTM001_StartTimer
                0x08017498       0xb4 Dave/Generated/src/SYSTM001/SYSTM001.o
                0x08017498                SYSTM001_StartTimer
 .text.SYSTM001_StopTimer
                0x0801754c       0x90 Dave/Generated/src/SYSTM001/SYSTM001.o
                0x0801754c                SYSTM001_StopTimer
 .text.SYSTM001_DeleteTimer
                0x080175dc       0x9c Dave/Generated/src/SYSTM001/SYSTM001.o
                0x080175dc                SYSTM001_DeleteTimer
 .text.SYSTM001_GetTime
                0x08017678       0x18 Dave/Generated/src/SYSTM001/SYSTM001.o
                0x08017678                SYSTM001_GetTime
 .text.SYSTM001_GetSysTickCount
                0x08017690       0x28 Dave/Generated/src/SYSTM001/SYSTM001.o
                0x08017690                SYSTM001_GetSysTickCount
 .text          0x080176b8        0x0 Dave/Generated/src/RESET001/RESET001.o
 .text.RESET001_AssertReset
                0x080176b8       0x54 Dave/Generated/src/RESET001/RESET001.o
                0x080176b8                RESET001_AssertReset
 .text.RESET001_DeassertReset
                0x0801770c       0x54 Dave/Generated/src/RESET001/RESET001.o
                0x0801770c                RESET001_DeassertReset
 .text.RESET001_GetResetInfo
                0x08017760       0x2c Dave/Generated/src/RESET001/RESET001.o
                0x08017760                RESET001_GetResetInfo
 .text.RESET001_GetStatus
                0x0801778c       0x7c Dave/Generated/src/RESET001/RESET001.o
                0x0801778c                RESET001_GetStatus
 .text.RESET001_ClearResetInfo
                0x08017808       0x28 Dave/Generated/src/RESET001/RESET001.o
                0x08017808                RESET001_ClearResetInfo
 .text          0x08017830        0x0 Dave/Generated/src/PWMSP001/PWMSP001.o
 .text.PWMSP001_Init
                0x08017830      0x360 Dave/Generated/src/PWMSP001/PWMSP001.o
                0x08017830                PWMSP001_Init
 .text.PWMSP001_lInit
                0x08017b90      0x2fc Dave/Generated/src/PWMSP001/PWMSP001.o
                0x08017b90                PWMSP001_lInit
 .text.PWMSP001_Deinit
                0x08017e8c      0x180 Dave/Generated/src/PWMSP001/PWMSP001.o
                0x08017e8c                PWMSP001_Deinit
 .text.PWMSP001_Start
                0x0801800c      0x184 Dave/Generated/src/PWMSP001/PWMSP001.o
                0x0801800c                PWMSP001_Start
 .text.PWMSP001_Stop
                0x08018190       0xac Dave/Generated/src/PWMSP001/PWMSP001.o
                0x08018190                PWMSP001_Stop
 .text.PWMSP001_SetCompare
                0x0801823c       0x8c Dave/Generated/src/PWMSP001/PWMSP001.o
                0x0801823c                PWMSP001_SetCompare
 .text.PWMSP001_lSetCompareEdgeAlign
                0x080182c8       0x50 Dave/Generated/src/PWMSP001/PWMSP001.o
                0x080182c8                PWMSP001_lSetCompareEdgeAlign
 .text.PWMSP001_lSetCompareEdgeAlignTimerConcat
                0x08018318       0xa8 Dave/Generated/src/PWMSP001/PWMSP001.o
                0x08018318                PWMSP001_lSetCompareEdgeAlignTimerConcat
 .text.PWMSP001_lSetCompareCenterAlign
                0x080183c0       0x4c Dave/Generated/src/PWMSP001/PWMSP001.o
                0x080183c0                PWMSP001_lSetCompareCenterAlign
 .text.PWMSP001_SetDutyCycle
                0x0801840c       0x64 Dave/Generated/src/PWMSP001/PWMSP001.o
                0x0801840c                PWMSP001_SetDutyCycle
 .text.PWMSP001_lSetDutyEdgeAlign
                0x08018470       0x9c Dave/Generated/src/PWMSP001/PWMSP001.o
                0x08018470                PWMSP001_lSetDutyEdgeAlign
 .text.PWMSP001_lSetDutyEdgeAlignTimerConcat
                0x0801850c      0x128 Dave/Generated/src/PWMSP001/PWMSP001.o
                0x0801850c                PWMSP001_lSetDutyEdgeAlignTimerConcat
 .text.PWMSP001_lSetDutyCenterAlign
                0x08018634       0x98 Dave/Generated/src/PWMSP001/PWMSP001.o
                0x08018634                PWMSP001_lSetDutyCenterAlign
 .text.PWMSP001_SetPeriodAndCompare
                0x080186cc       0xa8 Dave/Generated/src/PWMSP001/PWMSP001.o
                0x080186cc                PWMSP001_SetPeriodAndCompare
 .text.PWMSP001_SetPeriod
                0x08018774       0xdc Dave/Generated/src/PWMSP001/PWMSP001.o
                0x08018774                PWMSP001_SetPeriod
 .text.PWMSP001_SetPwmFreqAndDutyCycle
                0x08018850      0x118 Dave/Generated/src/PWMSP001/PWMSP001.o
                0x08018850                PWMSP001_SetPwmFreqAndDutyCycle
 .text.PWMSP001_SetPwmFreq
                0x08018968      0x12c Dave/Generated/src/PWMSP001/PWMSP001.o
                0x08018968                PWMSP001_SetPwmFreq
 .text.PWMSP001_lSetPwmFreqTimerConcat
                0x08018a94       0xbc Dave/Generated/src/PWMSP001/PWMSP001.o
                0x08018a94                PWMSP001_lSetPwmFreqTimerConcat
 .text.PWMSP001_SetTimerVal
                0x08018b50       0x60 Dave/Generated/src/PWMSP001/PWMSP001.o
                0x08018b50                PWMSP001_SetTimerVal
 .text.PWMSP001_GetTimerStatus
                0x08018bb0       0x6c Dave/Generated/src/PWMSP001/PWMSP001.o
                0x08018bb0                PWMSP001_GetTimerStatus
 .text.PWMSP001_GetTimerRegsVal
                0x08018c1c       0xec Dave/Generated/src/PWMSP001/PWMSP001.o
                0x08018c1c                PWMSP001_GetTimerRegsVal
 .text.PWMSP001_GetPeriodReg
                0x08018d08       0x7c Dave/Generated/src/PWMSP001/PWMSP001.o
                0x08018d08                PWMSP001_GetPeriodReg
 .text.PWMSP001_SWRequestShadowTransfer
                0x08018d84       0x98 Dave/Generated/src/PWMSP001/PWMSP001.o
                0x08018d84                PWMSP001_SWRequestShadowTransfer
 .text.PWMSP001_ResetTrapFlag
                0x08018e1c       0x80 Dave/Generated/src/PWMSP001/PWMSP001.o
                0x08018e1c                PWMSP001_ResetTrapFlag
 .text.PWMSP001_lConfigureSecondSlice
                0x08018e9c      0x250 Dave/Generated/src/PWMSP001/PWMSP001.o
                0x08018e9c                PWMSP001_lConfigureSecondSlice
 .text.PWMSP001_EnableEvent
                0x080190ec       0x7c Dave/Generated/src/PWMSP001/PWMSP001.o
                0x080190ec                PWMSP001_EnableEvent
 .text.PWMSP001_DisableEvent
                0x08019168       0x84 Dave/Generated/src/PWMSP001/PWMSP001.o
                0x08019168                PWMSP001_DisableEvent
 .text.PWMSP001_ClearPendingEvent
                0x080191ec       0x7c Dave/Generated/src/PWMSP001/PWMSP001.o
                0x080191ec                PWMSP001_ClearPendingEvent
 .text.PWMSP001_SetPendingEvent
                0x08019268       0x7c Dave/Generated/src/PWMSP001/PWMSP001.o
                0x08019268                PWMSP001_SetPendingEvent
 .text.PWMSP001_GetPendingEvent
                0x080192e4       0xa8 Dave/Generated/src/PWMSP001/PWMSP001.o
                0x080192e4                PWMSP001_GetPendingEvent
 .text          0x0801938c        0x0 Dave/Generated/src/PWMSP001/PWMSP001_Conf.o
 .text          0x0801938c        0x0 Dave/Generated/src/NVIC002/NVIC002.o
 .text.NVIC_GetPriorityGrouping
                0x0801938c       0x20 Dave/Generated/src/NVIC002/NVIC002.o
 .text.NVIC_EnableIRQ
                0x080193ac       0x38 Dave/Generated/src/NVIC002/NVIC002.o
 .text.NVIC_SetPriority
                0x080193e4       0x5c Dave/Generated/src/NVIC002/NVIC002.o
 .text.NVIC_EncodePriority
                0x08019440       0x78 Dave/Generated/src/NVIC002/NVIC002.o
 .text.NVIC002_EnableIRQ
                0x080194b8       0x20 Dave/Generated/src/NVIC002/NVIC002.o
 .text.NVIC002_Init
                0x080194d8       0x38 Dave/Generated/src/NVIC002/NVIC002.o
                0x080194d8                NVIC002_Init
 .text.NVIC002_lInit
                0x08019510       0x4c Dave/Generated/src/NVIC002/NVIC002.o
 .text          0x0801955c        0x0 Dave/Generated/src/NVIC002/NVIC002_Conf.o
 .text          0x0801955c        0x0 Dave/Generated/src/LIBS/CCU8PWMLIB.o
 .text          0x0801955c        0x0 Dave/Generated/src/LIBS/MOTORLIB.o
 .text          0x0801955c        0x0 Dave/Generated/src/IO002/IO002.o
 .text.IO002_lInit
                0x0801955c       0x78 Dave/Generated/src/IO002/IO002.o
 .text.IO002_XMC4_lInit
                0x080195d4       0xa0 Dave/Generated/src/IO002/IO002.o
 .text.IO002_IOCR_OE_Enabled_lInit
                0x08019674       0xdc Dave/Generated/src/IO002/IO002.o
 .text.IO002_IOCR_OE_Disabled_lInit
                0x08019750       0xdc Dave/Generated/src/IO002/IO002.o
 .text.IO002_Init
                0x0801982c       0x38 Dave/Generated/src/IO002/IO002.o
                0x0801982c                IO002_Init
 .text.IO002_ReadPin
                0x08019864       0x28 Dave/Generated/src/IO002/IO002.o
                0x08019864                IO002_ReadPin
 .text.IO002_SetPin
                0x0801988c       0x24 Dave/Generated/src/IO002/IO002.o
                0x0801988c                IO002_SetPin
 .text.IO002_ResetPin
                0x080198b0       0x24 Dave/Generated/src/IO002/IO002.o
                0x080198b0                IO002_ResetPin
 .text.IO002_SetOutputValue
                0x080198d4       0x3c Dave/Generated/src/IO002/IO002.o
                0x080198d4                IO002_SetOutputValue
 .text.IO002_TogglePin
                0x08019910       0x24 Dave/Generated/src/IO002/IO002.o
                0x08019910                IO002_TogglePin
 .text.IO002_DisableOutputDriver
                0x08019934       0x18 Dave/Generated/src/IO002/IO002.o
                0x08019934                IO002_DisableOutputDriver
 .text.IO002_EnableOutputDriver
                0x0801994c       0x18 Dave/Generated/src/IO002/IO002.o
                0x0801994c                IO002_EnableOutputDriver
 .text          0x08019964        0x0 Dave/Generated/src/IO002/IO002_Conf.o
 .text          0x08019964        0x0 Dave/Generated/src/I2C001/I2C001.o
 .text.I2C001_lInit
                0x08019964      0x1bc Dave/Generated/src/I2C001/I2C001.o
                0x08019964                I2C001_lInit
 .text.I2C001_lConfigureBitRate
                0x08019b20      0x1a0 Dave/Generated/src/I2C001/I2C001.o
                0x08019b20                I2C001_lConfigureBitRate
 .text.I2C001_Init
                0x08019cc0      0x1a4 Dave/Generated/src/I2C001/I2C001.o
                0x08019cc0                I2C001_Init
 .text.I2C001_DeInit
                0x08019e64        0xc Dave/Generated/src/I2C001/I2C001.o
                0x08019e64                I2C001_DeInit
 .text.I2C001_Configure
                0x08019e70      0x100 Dave/Generated/src/I2C001/I2C001.o
                0x08019e70                I2C001_Configure
 .text.I2C001_ReadData
                0x08019f70       0x54 Dave/Generated/src/I2C001/I2C001.o
                0x08019f70                I2C001_ReadData
 .text.I2C001_WriteData
                0x08019fc4       0x6c Dave/Generated/src/I2C001/I2C001.o
                0x08019fc4                I2C001_WriteData
 .text.I2C001_GetFlagStatus
                0x0801a030       0xc8 Dave/Generated/src/I2C001/I2C001.o
                0x0801a030                I2C001_GetFlagStatus
 .text.I2C001_ClearFlag
                0x0801a0f8       0x84 Dave/Generated/src/I2C001/I2C001.o
                0x0801a0f8                I2C001_ClearFlag
 .text          0x0801a17c        0x0 Dave/Generated/src/I2C001/I2C001_Conf.o
 .text          0x0801a17c        0x0 Dave/Generated/src/ERU002/ERU002.o
 .text.ERU002_Init
                0x0801a17c       0x38 Dave/Generated/src/ERU002/ERU002.o
                0x0801a17c                ERU002_Init
 .text.ERU002_lInit
                0x0801a1b4       0x74 Dave/Generated/src/ERU002/ERU002.o
                0x0801a1b4                ERU002_lInit
 .text.ERU002_SetPeripheralTrigInputSrc
                0x0801a228       0x68 Dave/Generated/src/ERU002/ERU002.o
                0x0801a228                ERU002_SetPeripheralTrigInputSrc
 .text.ERU002_GetPatternResult