   1              		.cpu cortex-m0
   2              		.fpu softvfp
   3              		.eabi_attribute 20, 1
   4              		.eabi_attribute 21, 1
   5              		.eabi_attribute 23, 3
   6              		.eabi_attribute 24, 1
   7              		.eabi_attribute 25, 1
   8              		.eabi_attribute 26, 1
   9              		.eabi_attribute 30, 4
  10              		.eabi_attribute 34, 0
  11              		.eabi_attribute 18, 4
  12              		.code	16
  13              		.file	"Main.c"
  14              		.section	.text.startup.main,"ax",%progbits
  15              		.align	1
  16              		.global	main
  17              		.code	16
  18              		.thumb_func
  20              	main:
  21 0000 08B5     		push	{r3, lr}
  22 0002 FFF7FEFF 		bl	DAVE_Init
  23 0006 FFF7FEFF 		bl	InitBlockCommutation
  24 000a FFF7FEFF 		bl	InitADC
  25 000e FFF7FEFF 		bl	InitDaisyWatchDog
  26              	.L2:
  27 0012 FFF7FEFF 		bl	DaisyChain
  28 0016 FCE7     		b	.L2
  30              		.ident	"GCC: (GNU Tools for ARM Embedded Processors) 4.7.4 20130913 (release) [ARM/embedded-4_7-br
DEFINED SYMBOLS
                            *ABS*:00000000 Main.c
C:\Users\maan\AppData\Local\Temp\ccuAvuzL.s:15     .text.startup.main:00000000 $t
C:\Users\maan\AppData\Local\Temp\ccuAvuzL.s:20     .text.startup.main:00000000 main

UNDEFINED SYMBOLS
DAVE_Init
InitBlockCommutation
InitADC
InitDaisyWatchDog
DaisyChain
