Archive member included because of file (symbol)

c:/dave-3.1.10/arm-gcc/bin/../lib/gcc/arm-none-eabi/4.7.4/armv6-m\libgcc.a(_udivsi3.o)
                              Startup/system_XMC1300.o (__aeabi_uidiv)
c:/dave-3.1.10/arm-gcc/bin/../lib/gcc/arm-none-eabi/4.7.4/armv6-m\libgcc.a(_dvmd_tls.o)
                              c:/dave-3.1.10/arm-gcc/bin/../lib/gcc/arm-none-eabi/4.7.4/armv6-m\libgcc.a(_udivsi3.o) (__aeabi_idiv0)
c:/dave-3.1.10/arm-gcc/bin/../lib/gcc/arm-none-eabi/4.7.4/armv6-m\libgcc.a(_arm_cmpsf2.o)
                              Dave/Generated/src/UART001/UART001.o (__aeabi_fcmplt)
c:/dave-3.1.10/arm-gcc/bin/../lib/gcc/arm-none-eabi/4.7.4/armv6-m\libgcc.a(_fixunssfsi.o)
                              BlockCommutation.o (__aeabi_f2uiz)
c:/dave-3.1.10/arm-gcc/bin/../lib/gcc/arm-none-eabi/4.7.4/armv6-m\libgcc.a(_fixunsdfsi.o)
                              BlockCommutation.o (__aeabi_d2uiz)
c:/dave-3.1.10/arm-gcc/bin/../lib/gcc/arm-none-eabi/4.7.4/armv6-m\libgcc.a(divsf3.o)
                              Dave/Generated/src/UART001/UART001.o (__aeabi_fdiv)
c:/dave-3.1.10/arm-gcc/bin/../lib/gcc/arm-none-eabi/4.7.4/armv6-m\libgcc.a(eqsf2.o)
                              c:/dave-3.1.10/arm-gcc/bin/../lib/gcc/arm-none-eabi/4.7.4/armv6-m\libgcc.a(_arm_cmpsf2.o) (__eqsf2)
c:/dave-3.1.10/arm-gcc/bin/../lib/gcc/arm-none-eabi/4.7.4/armv6-m\libgcc.a(gesf2.o)
                              c:/dave-3.1.10/arm-gcc/bin/../lib/gcc/arm-none-eabi/4.7.4/armv6-m\libgcc.a(_arm_cmpsf2.o) (__gesf2)
c:/dave-3.1.10/arm-gcc/bin/../lib/gcc/arm-none-eabi/4.7.4/armv6-m\libgcc.a(lesf2.o)
                              c:/dave-3.1.10/arm-gcc/bin/../lib/gcc/arm-none-eabi/4.7.4/armv6-m\libgcc.a(_arm_cmpsf2.o) (__lesf2)
c:/dave-3.1.10/arm-gcc/bin/../lib/gcc/arm-none-eabi/4.7.4/armv6-m\libgcc.a(mulsf3.o)
                              BlockCommutation.o (__aeabi_fmul)
c:/dave-3.1.10/arm-gcc/bin/../lib/gcc/arm-none-eabi/4.7.4/armv6-m\libgcc.a(subsf3.o)
                              Dave/Generated/src/UART001/UART001.o (__aeabi_fsub)
c:/dave-3.1.10/arm-gcc/bin/../lib/gcc/arm-none-eabi/4.7.4/armv6-m\libgcc.a(fixsfsi.o)
                              c:/dave-3.1.10/arm-gcc/bin/../lib/gcc/arm-none-eabi/4.7.4/armv6-m\libgcc.a(_fixunssfsi.o) (__aeabi_f2iz)
c:/dave-3.1.10/arm-gcc/bin/../lib/gcc/arm-none-eabi/4.7.4/armv6-m\libgcc.a(floatunsisf.o)
                              BlockCommutation.o (__aeabi_ui2f)
c:/dave-3.1.10/arm-gcc/bin/../lib/gcc/arm-none-eabi/4.7.4/armv6-m\libgcc.a(divdf3.o)
                              BlockCommutation.o (__aeabi_ddiv)
c:/dave-3.1.10/arm-gcc/bin/../lib/gcc/arm-none-eabi/4.7.4/armv6-m\libgcc.a(muldf3.o)
                              BlockCommutation.o (__aeabi_dmul)
c:/dave-3.1.10/arm-gcc/bin/../lib/gcc/arm-none-eabi/4.7.4/armv6-m\libgcc.a(subdf3.o)
                              c:/dave-3.1.10/arm-gcc/bin/../lib/gcc/arm-none-eabi/4.7.4/armv6-m\libgcc.a(_fixunsdfsi.o) (__aeabi_dsub)
c:/dave-3.1.10/arm-gcc/bin/../lib/gcc/arm-none-eabi/4.7.4/armv6-m\libgcc.a(fixdfsi.o)
                              c:/dave-3.1.10/arm-gcc/bin/../lib/gcc/arm-none-eabi/4.7.4/armv6-m\libgcc.a(_fixunsdfsi.o) (__aeabi_d2iz)
c:/dave-3.1.10/arm-gcc/bin/../lib/gcc/arm-none-eabi/4.7.4/armv6-m\libgcc.a(extendsfdf2.o)
                              BlockCommutation.o (__aeabi_f2d)
c:/dave-3.1.10/arm-gcc/bin/../lib/gcc/arm-none-eabi/4.7.4/armv6-m\libgcc.a(_arm_cmpdf2.o)
                              c:/dave-3.1.10/arm-gcc/bin/../lib/gcc/arm-none-eabi/4.7.4/armv6-m\libgcc.a(_fixunsdfsi.o) (__aeabi_dcmpge)
c:/dave-3.1.10/arm-gcc/bin/../lib/gcc/arm-none-eabi/4.7.4/armv6-m\libgcc.a(_clzsi2.o)
                              c:/dave-3.1.10/arm-gcc/bin/../lib/gcc/arm-none-eabi/4.7.4/armv6-m\libgcc.a(divsf3.o) (__clzsi2)
c:/dave-3.1.10/arm-gcc/bin/../lib/gcc/arm-none-eabi/4.7.4/armv6-m\libgcc.a(eqdf2.o)
                              c:/dave-3.1.10/arm-gcc/bin/../lib/gcc/arm-none-eabi/4.7.4/armv6-m\libgcc.a(_arm_cmpdf2.o) (__eqdf2)
c:/dave-3.1.10/arm-gcc/bin/../lib/gcc/arm-none-eabi/4.7.4/armv6-m\libgcc.a(gedf2.o)
                              c:/dave-3.1.10/arm-gcc/bin/../lib/gcc/arm-none-eabi/4.7.4/armv6-m\libgcc.a(_arm_cmpdf2.o) (__gedf2)
c:/dave-3.1.10/arm-gcc/bin/../lib/gcc/arm-none-eabi/4.7.4/armv6-m\libgcc.a(ledf2.o)
                              c:/dave-3.1.10/arm-gcc/bin/../lib/gcc/arm-none-eabi/4.7.4/armv6-m\libgcc.a(_arm_cmpdf2.o) (__ledf2)

Allocating common symbols
Common symbol       size              file

SystemCoreClock     0x4               Startup/system_XMC1300.o

Discarded input sections

 .group         0x00000000        0x8 Startup/system_XMC1300.o
 .group         0x00000000        0x8 Startup/system_XMC1300.o
 .group         0x00000000        0x8 Startup/system_XMC1300.o
 .group         0x00000000        0x8 Startup/system_XMC1300.o
 .group         0x00000000        0x8 Startup/system_XMC1300.o
 .group         0x00000000        0x8 Startup/system_XMC1300.o
 .group         0x00000000        0x8 Startup/system_XMC1300.o
[...]
Memory Configuration

Name             Origin             Length             Attributes
FLASH            0x10001000         0x00020000         xr
SRAM             0x20000000         0x00004000         !xr
*default*        0x00000000         0xffffffff

Linker script and memory map

LOAD Startup/startup_XMC1300.o
LOAD Startup/system_XMC1300.o
LOAD ADC.o
LOAD BlockCommutation.o
LOAD DaisyChain.o
LOAD Main.o
LOAD Lib/System_LibcStubs.o
LOAD Dave/Generated/src/UART001/UART001.o
LOAD Dave/Generated/src/UART001/UART001_Conf.o
LOAD Dave/Generated/src/NVIC002/NVIC002.o
LOAD Dave/Generated/src/NVIC002/NVIC002_Conf.o
LOAD Dave/Generated/src/MATHLIBS/FASTMATH01.o
LOAD Dave/Generated/src/MATHLIBS/MATH01.o
LOAD Dave/Generated/src/MATHLIBS/MATHLLD01.o
LOAD Dave/Generated/src/MATHLIBS/STDMATH01.o
LOAD Dave/Generated/src/LIBS/CCU8PWMLIB.o
LOAD Dave/Generated/src/LIBS/MOTORLIB.o
LOAD Dave/Generated/src/IO004/IO004.o
LOAD Dave/Generated/src/IO004/IO004_Conf.o
LOAD Dave/Generated/src/DAVESupport/DAVE3.o
LOAD Dave/Generated/src/DAVESupport/MULTIPLEXER.o
LOAD Dave/Generated/src/CLK002/CLK002.o
LOAD Dave/Generated/src/CCU8GLOBAL/CCU8GLOBAL.o
LOAD Dave/Generated/src/CCU8GLOBAL/CCU8GLOBAL_Conf.o
LOAD Dave/Generated/src/CCU4GLOBAL/CCU4GLOBAL.o
LOAD Dave/Generated/src/CCU4GLOBAL/CCU4GLOBAL_Conf.o
LOAD Dave/Generated/src/ADCGLOB001/ADCGlob001.o
LOAD Dave/Generated/src/ADCGLOB001/ADCGlob001_Conf.o
START GROUP
LOAD c:/dave-3.1.10/arm-gcc/bin/../lib/gcc/arm-none-eabi/4.7.4/armv6-m\libgcc.a
LOAD c:/dave-3.1.10/arm-gcc/bin/../lib/gcc/arm-none-eabi/4.7.4/../../../../arm-none-eabi/lib/armv6-m\libg.a
LOAD c:/dave-3.1.10/arm-gcc/bin/../lib/gcc/arm-none-eabi/4.7.4/../../../../arm-none-eabi/lib/armv6-m\libc.a
END GROUP
                0x00000800                stack_size = 0x800

.text           0x10001000     0x5354
                0x10001000                sText = .
 *(.Xmc1300.reset)
 .Xmc1300.reset
                0x10001000       0x2c Startup/startup_XMC1300.o
                0x10001000                __Xmc1300_interrupt_vector_cortex_m
                0x10001018                __Xmc1300_reset_cortex_m
 *(.Xmc1300.postreset)
 .Xmc1300.postreset
                0x1000102c       0xa0 Startup/startup_XMC1300.o
 *(.XmcStartup)
 .XmcStartup    0x100010cc        0x8 Startup/startup_XMC1300.o
                0x100010cc                software_init_hook
                0x100010d0                hardware_init_hook
 *(.text .text.* .gnu.linkonce.t.*)
 .text          0x100010d4       0x44 Startup/startup_XMC1300.o
                0x100010d4                NMI_Handler
                0x100010d6                HardFault_Handler
                0x100010d8                SVC_Handler
                0x100010da                PendSV_Handler
                0x100010dc                SysTick_Handler
                0x100010de                SCU_0_IRQHandler
                0x100010e0                SCU_1_IRQHandler
                0x100010e2                SCU_2_IRQHandler
                0x100010e4                ERU0_0_IRQHandler
                0x100010e6                ERU0_1_IRQHandler
                0x100010e8                ERU0_2_IRQHandler
                0x100010ea                ERU0_3_IRQHandler
                0x100010ec                MATH0_0_IRQHandler
                0x100010ee                VADC0_C0_0_IRQHandler
                0x100010f0                VADC0_C0_1_IRQHandler
                0x100010f2                VADC0_G0_0_IRQHandler
                0x100010f6                VADC0_G1_0_IRQHandler
                0x100010fe                CCU40_2_IRQHandler
                0x10001100                CCU40_3_IRQHandler
                0x10001102                CCU80_0_IRQHandler
                0x10001104                CCU80_1_IRQHandler
                0x10001106                POSIF0_0_IRQHandler
                0x10001108                POSIF0_1_IRQHandler
                0x1000110a                USIC0_0_IRQHandler
                0x1000110c                USIC0_1_IRQHandler
                0x1000110e                USIC0_2_IRQHandler
                0x10001110                USIC0_3_IRQHandler
                0x10001112                USIC0_4_IRQHandler
                0x10001114                USIC0_5_IRQHandler
                0x10001116                BCCU0_0_IRQHandler
 .text          0x10001118        0x0 Startup/system_XMC1300.o
 .text.SystemInit
                0x10001118        0xc Startup/system_XMC1300.o
                0x10001118                SystemInit
 .text.SystemCoreClockUpdate
                0x10001124       0x5c Startup/system_XMC1300.o
                0x10001124                SystemCoreClockUpdate
 .text          0x10001180        0x0 ADC.o
 .text.NVIC_EnableIRQ
                0x10001180       0x2c ADC.o
 .text.NVIC_SetPriority
                0x100011ac       0xe0 ADC.o
 .text.InitADC  0x1000128c      0x260 ADC.o
                0x1000128c                InitADC
 .text.VADC0_G0_1_IRQHandler
                0x100014ec       0xac ADC.o
                0x100014ec                VADC0_G0_1_IRQHandler
 .text.VADC0_G1_1_IRQHandler
                0x10001598       0x2c ADC.o
                0x10001598                VADC0_G1_1_IRQHandler
 .text          0x100015c4        0x0 BlockCommutation.o
 .text.NVIC_EnableIRQ
                0x100015c4       0x2c BlockCommutation.o
 .text.NVIC_SetPriority
                0x100015f0       0xe0 BlockCommutation.o
 .text.InitBlockCommutation
                0x100016d0      0x280 BlockCommutation.o
                0x100016d0                InitBlockCommutation
 .text.CCU40_0_IRQHandler
                0x10001950      0x220 BlockCommutation.o
                0x10001950                CCU40_0_IRQHandler
 .text.GetPhaseState
                0x10001b70       0x18 BlockCommutation.o
                0x10001b70                GetPhaseState
 .text.StartMotor
                0x10001b88       0x44 BlockCommutation.o
                0x10001b88                StartMotor
 .text.StopMotor
                0x10001bcc       0x94 BlockCommutation.o
                0x10001bcc                StopMotor
 .text.SetReferenceCurrent
                0x10001c60       0x5c BlockCommutation.o
                0x10001c60                SetReferenceCurrent
 .text          0x10001cbc        0x0 DaisyChain.o
 .text.NVIC_EnableIRQ
                0x10001cbc       0x2c DaisyChain.o
 .text.NVIC_SetPriority
                0x10001ce8       0xe0 DaisyChain.o
 .text.DaisyChain
                0x10001dc8      0x194 DaisyChain.o
                0x10001dc8                DaisyChain
 .text.InitDaisyWatchDog
                0x10001f5c       0x80 DaisyChain.o
                0x10001f5c                InitDaisyWatchDog
 .text.CCU40_1_IRQHandler
                0x10001fdc       0x30 DaisyChain.o
                0x10001fdc                CCU40_1_IRQHandler
 .text          0x1000200c        0x0 Main.o
 .text.main     0x1000200c       0x1c Main.o
                0x1000200c                main
 .text          0x10002028        0x0 Lib/System_LibcStubs.o
 .text._open    0x10002028       0x18 Lib/System_LibcStubs.o
                0x10002028                _open
 .text._lseek   0x10002040       0x18 Lib/System_LibcStubs.o
                0x10002040                _lseek
 .text._read    0x10002058       0x18 Lib/System_LibcStubs.o
                0x10002058                _read
 .text._write   0x10002070       0x18 Lib/System_LibcStubs.o
                0x10002070                _write
 .text._close   0x10002088       0x10 Lib/System_LibcStubs.o
                0x10002088                _close
 .text._fstat   0x10002098       0x24 Lib/System_LibcStubs.o
                0x10002098                _fstat
 .text._link    0x100020bc       0x24 Lib/System_LibcStubs.o
                0x100020bc                _link
 .text._unlink  0x100020e0       0x14 Lib/System_LibcStubs.o
                0x100020e0                _unlink
 .text._sbrk    0x100020f4       0x6c Lib/System_LibcStubs.o
                0x100020f4                _sbrk
 .text._times   0x10002160       0x14 Lib/System_LibcStubs.o
                0x10002160                _times
 .text._wait    0x10002174       0x14 Lib/System_LibcStubs.o
                0x10002174                _wait
 .text._kill    0x10002188       0x18 Lib/System_LibcStubs.o
                0x10002188                _kill
 .text._fork    0x100021a0       0x10 Lib/System_LibcStubs.o
                0x100021a0                _fork
 .text._getpid  0x100021b0       0x10 Lib/System_LibcStubs.o
                0x100021b0                _getpid
 .text._exit    0x100021c0        0xc Lib/System_LibcStubs.o
                0x100021c0                _exit
 .text._init    0x100021cc        0x8 Lib/System_LibcStubs.o
                0x100021cc                _init
 .text._isatty  0x100021d4       0x14 Lib/System_LibcStubs.o
                0x100021d4                _isatty
 .text          0x100021e8        0x0 Dave/Generated/src/UART001/UART001.o
 .text.UART001_lInit
                0x100021e8      0x1b4 Dave/Generated/src/UART001/UART001.o
                0x100021e8                UART001_lInit
 .text.UART001_lConfigTXPin
                0x1000239c       0xe0 Dave/Generated/src/UART001/UART001.o
                0x1000239c                UART001_lConfigTXPin
 .text.UART001_labsRealType
                0x1000247c       0x30 Dave/Generated/src/UART001/UART001.o
                0x1000247c                UART001_labsRealType
 .text.UART001_lConfigureBaudRate
                0x100024ac      0x51c Dave/Generated/src/UART001/UART001.o
                0x100024ac                UART001_lConfigureBaudRate
 .text.UART001_Init
                0x100029c8       0x8c Dave/Generated/src/UART001/UART001.o
                0x100029c8                UART001_Init
 .text.UART001_DeInit
                0x10002a54       0x10 Dave/Generated/src/UART001/UART001.o
                0x10002a54                UART001_DeInit
 .text.UART001_Configure
                0x10002a64      0x110 Dave/Generated/src/UART001/UART001.o
                0x10002a64                UART001_Configure
 .text.UART001_ReadDataMultiple
                0x10002b74       0x74 Dave/Generated/src/UART001/UART001.o
                0x10002b74                UART001_ReadDataMultiple
 .text.UART001_ReadDataBytes
                0x10002be8       0x74 Dave/Generated/src/UART001/UART001.o
                0x10002be8                UART001_ReadDataBytes
 .text.UART001_WriteDataMultiple
                0x10002c5c       0x80 Dave/Generated/src/UART001/UART001.o
                0x10002c5c                UART001_WriteDataMultiple
 .text.UART001_WriteDataBytes
                0x10002cdc       0x80 Dave/Generated/src/UART001/UART001.o
                0x10002cdc                UART001_WriteDataBytes
 .text.UART001_GetFlagStatus
                0x10002d5c       0x8c Dave/Generated/src/UART001/UART001.o
                0x10002d5c                UART001_GetFlagStatus
 .text.UART001_ClearFlag
                0x10002de8       0x88 Dave/Generated/src/UART001/UART001.o
                0x10002de8                UART001_ClearFlag
 .text          0x10002e70        0x0 Dave/Generated/src/UART001/UART001_Conf.o
 .text          0x10002e70        0x0 Dave/Generated/src/NVIC002/NVIC002.o
 .text.NVIC_EnableIRQ
                0x10002e70       0x2c Dave/Generated/src/NVIC002/NVIC002.o
 .text.NVIC_SetPriority
                0x10002e9c       0xe0 Dave/Generated/src/NVIC002/NVIC002.o
 .text.NVIC002_EnableIRQ
                0x10002f7c       0x1c Dave/Generated/src/NVIC002/NVIC002.o
 .text.NVIC002_Init
                0x10002f98       0x30 Dave/Generated/src/NVIC002/NVIC002.o
                0x10002f98                NVIC002_Init
 .text.NVIC002_lInit
                0x10002fc8       0x34 Dave/Generated/src/NVIC002/NVIC002.o
 .text          0x10002ffc        0x0 Dave/Generated/src/NVIC002/NVIC002_Conf.o
 .text          0x10002ffc        0x0 Dave/Generated/src/MATHLIBS/FASTMATH01.o
 .text          0x10002ffc        0x0 Dave/Generated/src/MATHLIBS/MATH01.o
 .text          0x10002ffc        0x0 Dave/Generated/src/MATHLIBS/MATHLLD01.o
 .text          0x10002ffc        0x0 Dave/Generated/src/MATHLIBS/STDMATH01.o
 .text          0x10002ffc        0x0 Dave/Generated/src/LIBS/CCU8PWMLIB.o
 .text          0x10002ffc        0x0 Dave/Generated/src/LIBS/MOTORLIB.o
 .text          0x10002ffc        0x0 Dave/Generated/src/IO004/IO004.o
 .text.IO004_Init
                0x10002ffc       0x38 Dave/Generated/src/IO004/IO004.o
                0x10002ffc                IO004_Init
 .text.IO004_DisableOutputDriver
                0x10003034      0x1b4 Dave/Generated/src/IO004/IO004.o
                0x10003034                IO004_DisableOutputDriver
 .text.IO004_EnableOutputDriver
                0x100031e8      0x1b4 Dave/Generated/src/IO004/IO004.o
                0x100031e8                IO004_EnableOutputDriver
 .text          0x1000339c        0x0 Dave/Generated/src/IO004/IO004_Conf.o
 .text          0x1000339c        0x0 Dave/Generated/src/DAVESupport/DAVE3.o
 .text.DAVE_Init
                0x1000339c       0x2c Dave/Generated/src/DAVESupport/DAVE3.o
                0x1000339c                DAVE_Init
 .text          0x100033c8        0x0 Dave/Generated/src/DAVESupport/MULTIPLEXER.o
 .text.DAVE_MUX_Init
                0x100033c8      0x13c Dave/Generated/src/DAVESupport/MULTIPLEXER.o
                0x100033c8                DAVE_MUX_Init
 .text.DAVE_MUX_PreInit
                0x10003504        0x8 Dave/Generated/src/DAVESupport/MULTIPLEXER.o
                0x10003504                DAVE_MUX_PreInit
 .text          0x1000350c        0x0 Dave/Generated/src/CLK002/CLK002.o
 .text.CLK002_Init
                0x1000350c       0x38 Dave/Generated/src/CLK002/CLK002.o
                0x1000350c                CLK002_Init
 .text.AllowClkInitByStartup
                0x10003544        0xc Dave/Generated/src/CLK002/CLK002.o
                0x10003544                AllowClkInitByStartup
 .text.CLK002_lDivUpdate
                0x10003550       0x78 Dave/Generated/src/CLK002/CLK002.o
 .text.CLK002_lFrequencyUpScaling
                0x100035c8       0xbc Dave/Generated/src/CLK002/CLK002.o
 .text.CLK002_lFrequencyDownScaling
                0x10003684       0xb0 Dave/Generated/src/CLK002/CLK002.o
 .text          0x10003734        0x0 Dave/Generated/src/CCU8GLOBAL/CCU8GLOBAL.o
 .text.CCU8GLOBAL_Init
                0x10003734       0x44 Dave/Generated/src/CCU8GLOBAL/CCU8GLOBAL.o
                0x10003734                CCU8GLOBAL_Init
 .text.CCU8GLOBAL_lInit
                0x10003778       0x74 Dave/Generated/src/CCU8GLOBAL/CCU8GLOBAL.o
 .text          0x100037ec        0x0 Dave/Generated/src/CCU8GLOBAL/CCU8GLOBAL_Conf.o
 .text          0x100037ec        0x0 Dave/Generated/src/CCU4GLOBAL/CCU4GLOBAL.o
 .text.CCU4GLOBAL_Init
                0x100037ec       0x48 Dave/Generated/src/CCU4GLOBAL/CCU4GLOBAL.o
                0x100037ec                CCU4GLOBAL_Init
 .text.CCU4Global_lInit
                0x10003834       0x7c Dave/Generated/src/CCU4GLOBAL/CCU4GLOBAL.o
 .text          0x100038b0        0x0 Dave/Generated/src/CCU4GLOBAL/CCU4GLOBAL_Conf.o
 .text          0x100038b0        0x0 Dave/Generated/src/ADCGLOB001/ADCGlob001.o
 .text.ADCGLOB001_Init
                0x100038b0      0x168 Dave/Generated/src/ADCGLOB001/ADCGlob001.o
                0x100038b0                ADCGLOB001_Init
 .text.ADCGLOB001_DeInit
                0x10003a18       0x98 Dave/Generated/src/ADCGLOB001/ADCGlob001.o
                0x10003a18                ADCGLOB001_DeInit
 .text.ADCGLOB001_CLKRequestDisable
                0x10003ab0       0x34 Dave/Generated/src/ADCGLOB001/ADCGlob001.o
                0x10003ab0                ADCGLOB001_CLKRequestDisable
 .text.ADCGLOB001_CLKRequestEnable
                0x10003ae4       0x34 Dave/Generated/src/ADCGLOB001/ADCGlob001.o
                0x10003ae4                ADCGLOB001_CLKRequestEnable
 .text.ADCGLOB001_SetStartUpCalibration
                0x10003b18       0x3c Dave/Generated/src/ADCGLOB001/ADCGlob001.o
                0x10003b18                ADCGLOB001_SetStartUpCalibration
 .text.ADCGLOB001_StartUpCalibrationInit
                0x10003b54       0x44 Dave/Generated/src/ADCGLOB001/ADCGlob001.o
                0x10003b54                ADCGLOB001_StartUpCalibrationInit
 .text.ADCGLOB001_EnableSleepModeControl
                0x10003b98       0x34 Dave/Generated/src/ADCGLOB001/ADCGlob001.o
                0x10003b98                ADCGLOB001_EnableSleepModeControl
 .text.ADCGLOB001_DisregardSleepModeControl
                0x10003bcc       0x34 Dave/Generated/src/ADCGLOB001/ADCGlob001.o
                0x10003bcc                ADCGLOB001_DisregardSleepModeControl
 .text.ADCGLOB001_SetGlobClass0ConvMode
                0x10003c00       0x68 Dave/Generated/src/ADCGLOB001/ADCGlob001.o
                0x10003c00                ADCGLOB001_SetGlobClass0ConvMode
 .text.ADCGLOB001_SetGlobClass0SampleTime
                0x10003c68       0x58 Dave/Generated/src/ADCGLOB001/ADCGlob001.o
                0x10003c68                ADCGLOB001_SetGlobClass0SampleTime
 .text.ADCGLOB001_SetGlobClass0EmuxConvMode
                0x10003cc0       0x68 Dave/Generated/src/ADCGLOB001/ADCGlob001.o
                0x10003cc0                ADCGLOB001_SetGlobClass0EmuxConvMode
 .text.ADCGLOB001_SetGlobClass0EmuxSampleTime
                0x10003d28       0x60 Dave/Generated/src/ADCGLOB001/ADCGlob001.o
                0x10003d28                ADCGLOB001_SetGlobClass0EmuxSampleTime
 .text.ADCGLOB001_SetGlobClass1ConvMode
                0x10003d88       0x68 Dave/Generated/src/ADCGLOB001/ADCGlob001.o
                0x10003d88                ADCGLOB001_SetGlobClass1ConvMode
 .text.ADCGLOB001_SetGlobClass1SampleTime
                0x10003df0       0x58 Dave/Generated/src/ADCGLOB001/ADCGlob001.o
                0x10003df0                ADCGLOB001_SetGlobClass1SampleTime
 .text.ADCGLOB001_SetGlobClass1EmuxConvMode
                0x10003e48       0x68 Dave/Generated/src/ADCGLOB001/ADCGlob001.o
                0x10003e48                ADCGLOB001_SetGlobClass1EmuxConvMode
 .text.ADCGLOB001_SetGlobClass1EmuxSampleTime
                0x10003eb0       0x60 Dave/Generated/src/ADCGLOB001/ADCGlob001.o
                0x10003eb0                ADCGLOB001_SetGlobClass1EmuxSampleTime
 .text.ADCGLOB001_GetDisableBitStatus
                0x10003f10       0x38 Dave/Generated/src/ADCGLOB001/ADCGlob001.o
                0x10003f10                ADCGLOB001_GetDisableBitStatus
 .text.ADCGLOB001_GetIdValue
                0x10003f48       0x30 Dave/Generated/src/ADCGLOB001/ADCGlob001.o
                0x10003f48                ADCGLOB001_GetIdValue
 .text.EnableWritetoVadcRegisters
                0x10003f78       0xf0 Dave/Generated/src/ADCGLOB001/ADCGlob001.o
                0x10003f78                EnableWritetoVadcRegisters
 .text.DisableWritetoVadcRegisters
                0x10004068       0xe0 Dave/Generated/src/ADCGLOB001/ADCGlob001.o
                0x10004068                DisableWritetoVadcRegisters
 .text          0x10004148        0x0 Dave/Generated/src/ADCGLOB001/ADCGlob001_Conf.o
 .text          0x10004148       0x9c c:/dave-3.1.10/arm-gcc/bin/../lib/gcc/arm-none-eabi/4.7.4/armv6-m\libgcc.a(_udivsi3.o)
                0x10004148                __aeabi_uidiv
                0x10004148                __udivsi3
                0x100041d0                __aeabi_uidivmod
 .text          0x100041e4        0x4 c:/dave-3.1.10/arm-gcc/bin/../lib/gcc/arm-none-eabi/4.7.4/armv6-m\libgcc.a(_dvmd_tls.o)
                0x100041e4                __aeabi_idiv0
                0x100041e4                __aeabi_ldiv0
 .text          0x100041e8       0x74 c:/dave-3.1.10/arm-gcc/bin/../lib/gcc/arm-none-eabi/4.7.4/armv6-m\libgcc.a(_arm_cmpsf2.o)
                0x100041e8                __aeabi_cfrcmple
                0x100041f0                __aeabi_cfcmpeq
                0x100041f0                __aeabi_cfcmple
                0x10004200                __aeabi_fcmpeq
                0x1000420c                __aeabi_fcmplt
                0x10004220                __aeabi_fcmple
                0x10004234                __aeabi_fcmpgt
                0x10004248                __aeabi_fcmpge
 .text          0x1000425c       0x30 c:/dave-3.1.10/arm-gcc/bin/../lib/gcc/arm-none-eabi/4.7.4/armv6-m\libgcc.a(_fixunssfsi.o)
                0x1000425c                __fixunssfsi
                0x1000425c                __aeabi_f2uiz
 *fill*         0x1000428c        0x4 00
 .text          0x10004290       0x40 c:/dave-3.1.10/arm-gcc/bin/../lib/gcc/arm-none-eabi/4.7.4/armv6-m\libgcc.a(_fixunsdfsi.o)
                0x10004290                __aeabi_d2uiz
                0x10004290                __fixunsdfsi
 .text          0x100042d0      0x274 c:/dave-3.1.10/arm-gcc/bin/../lib/gcc/arm-none-eabi/4.7.4/armv6-m\libgcc.a(divsf3.o)
                0x100042d0                __aeabi_fdiv
 .text          0x10004544       0x50 c:/dave-3.1.10/arm-gcc/bin/../lib/gcc/arm-none-eabi/4.7.4/armv6-m\libgcc.a(eqsf2.o)
                0x10004544                __eqsf2
                0x10004544                __nesf2
 .text          0x10004594       0x90 c:/dave-3.1.10/arm-gcc/bin/../lib/gcc/arm-none-eabi/4.7.4/armv6-m\libgcc.a(gesf2.o)
                0x10004594                __gesf2
                0x10004594                __gtsf2
 .text          0x10004624       0x90 c:/dave-3.1.10/arm-gcc/bin/../lib/gcc/arm-none-eabi/4.7.4/armv6-m\libgcc.a(lesf2.o)
                0x10004624                __ltsf2
                0x10004624                __lesf2
 .text          0x100046b4      0x260 c:/dave-3.1.10/arm-gcc/bin/../lib/gcc/arm-none-eabi/4.7.4/armv6-m\libgcc.a(mulsf3.o)
                0x100046b4                __aeabi_fmul
 .text          0x10004914      0x3b4 c:/dave-3.1.10/arm-gcc/bin/../lib/gcc/arm-none-eabi/4.7.4/armv6-m\libgcc.a(subsf3.o)
                0x10004914                __aeabi_fsub
 .text          0x10004cc8       0x40 c:/dave-3.1.10/arm-gcc/bin/../lib/gcc/arm-none-eabi/4.7.4/armv6-m\libgcc.a(fixsfsi.o)
                0x10004cc8                __aeabi_f2iz
 .text          0x10004d08       0xa8 c:/dave-3.1.10/arm-gcc/bin/../lib/gcc/arm-none-eabi/4.7.4/armv6-m\libgcc.a(floatunsisf.o)
                0x10004d08                __aeabi_ui2f
 .text          0x10004db0      0x5b8 c:/dave-3.1.10/arm-gcc/bin/../lib/gcc/arm-none-eabi/4.7.4/armv6-m\libgcc.a(divdf3.o)
                0x10004db0                __aeabi_ddiv
 .text          0x10005368      0x4e4 c:/dave-3.1.10/arm-gcc/bin/../lib/gcc/arm-none-eabi/4.7.4/armv6-m\libgcc.a(muldf3.o)
                0x10005368                __aeabi_dmul
 .text          0x1000584c      0x704 c:/dave-3.1.10/arm-gcc/bin/../lib/gcc/arm-none-eabi/4.7.4/armv6-m\libgcc.a(subdf3.o)
                0x1000584c                __aeabi_dsub
 .text          0x10005f50       0x68 c:/dave-3.1.10/arm-gcc/bin/../lib/gcc/arm-none-eabi/4.7.4/armv6-m\libgcc.a(fixdfsi.o)
                0x10005f50                __aeabi_d2iz
 .text          0x10005fb8       0xa8 c:/dave-3.1.10/arm-gcc/bin/../lib/gcc/arm-none-eabi/4.7.4/armv6-m\libgcc.a(extendsfdf2.o)
                0x10005fb8                __aeabi_f2d
 .text          0x10006060       0x7c c:/dave-3.1.10/arm-gcc/bin/../lib/gcc/arm-none-eabi/4.7.4/armv6-m\libgcc.a(_arm_cmpdf2.o)
                0x10006060                __aeabi_cdrcmple
                0x10006070                __aeabi_cdcmple
                0x10006070                __aeabi_cdcmpeq
                0x10006080                __aeabi_dcmpeq
                0x1000608c                __aeabi_dcmplt
                0x100060a0                __aeabi_dcmple
                0x100060b4                __aeabi_dcmpgt
                0x100060c8                __aeabi_dcmpge
 .text          0x100060dc       0x3c c:/dave-3.1.10/arm-gcc/bin/../lib/gcc/arm-none-eabi/4.7.4/armv6-m\libgcc.a(_clzsi2.o)
                0x100060dc                __clzsi2
 .text          0x10006118       0x7c c:/dave-3.1.10/arm-gcc/bin/../lib/gcc/arm-none-eabi/4.7.4/armv6-m\libgcc.a(eqdf2.o)
                0x10006118                __nedf2
                0x10006118                __eqdf2
 .text          0x10006194       0xe8 c:/dave-3.1.10/arm-gcc/bin/../lib/gcc/arm-none-eabi/4.7.4/armv6-m\libgcc.a(gedf2.o)
                0x10006194                __gedf2
                0x10006194                __gtdf2
 .text          0x1000627c       0xd8 c:/dave-3.1.10/arm-gcc/bin/../lib/gcc/arm-none-eabi/4.7.4/armv6-m\libgcc.a(ledf2.o)
                0x1000627c                __ledf2
                0x1000627c                __ltdf2
 *(.glue*)
 .glue_7        0x00000000        0x0 linker stubs
 .glue_7t       0x00000000        0x0 linker stubs
 *(.v4*)
 .v4_bx         0x00000000        0x0 linker stubs
 *(.vfp11_veneer)
 .vfp11_veneer  0x00000000        0x0 linker stubs
 *(.init)
                0x10006354                __preinit_array_start = .
 *(.preinit_array)
                0x10006354                __preinit_array_end = .
                0x10006354                __init_array_start = .
 *(SORT(.init_array.*))
 *(.init_array)
                0x10006354                __init_array_end = .
 *crtbegin.o(.ctors)
 *(EXCLUDE_FILE(*crtend.o) .ctors)
 *(SORT(.ctors.*))
 *crtend.o(.ctors)
 *(.fini)
                0x10006354                __fini_array_start = .
 *(.fini_array)
 *(SORT(.fini_array.*))
                0x10006354                __fini_array_end = .
 *crtbegin.o(.dtors)
 *(EXCLUDE_FILE(*crtend.o) .dtors)
 *(SORT(.dtors.*))
 *crtend.o(.dtors)
                0x10006354                __extab_start = .
 *(.ARM.extab* .gnu.linkonce.armextab.*)
 .ARM.extab.Xmc1300.reset
                0x10006354        0x0 Startup/startup_XMC1300.o
 .ARM.extab.Xmc1300.postreset
                0x10006354        0x0 Startup/startup_XMC1300.o
                0x10006354                . = ALIGN (0x4)
                0x10006354                __extab_end = ABSOLUTE (.)

.iplt           0x10006354        0x0
 .iplt          0x00000000        0x0 Startup/startup_XMC1300.o

.ARM.exidx      0x10006354       0x10
                0x10006354                __exidx_start = .
 *(.ARM.exidx* .gnu.linkonce.armexidx.*)
 .ARM.exidx.Xmc1300.reset
                0x10006354        0x8 Startup/startup_XMC1300.o
 .ARM.exidx.Xmc1300.postreset
                0x1000635c        0x8 Startup/startup_XMC1300.o
                0x10006364                . = ALIGN (0x4)
                0x10006364                __exidx_end = ABSOLUTE (.)

.rodata         0x10006364      0x18c
 *(.rodata .rodata.*)
 .rodata        0x10006364       0x18 BlockCommutation.o
 .rodata        0x1000637c       0x34 Dave/Generated/src/UART001/UART001_Conf.o
                0x1000637c                UART001_Handle0
 .rodata        0x100063b0        0x4 Dave/Generated/src/NVIC002/NVIC002_Conf.o
                0x100063b0                NVIC002_Handle0
 .rodata        0x100063b4       0x10 Dave/Generated/src/IO004/IO004_Conf.o
                0x100063b4                IO004_Handle0
                0x100063bc                IO004_Handle1
 .rodata        0x100063c4        0x8 Dave/Generated/src/CCU8GLOBAL/CCU8GLOBAL_Conf.o
                0x100063c4                CCU8GLOBAL_Handle0
 .rodata        0x100063cc        0xc Dave/Generated/src/CCU4GLOBAL/CCU4GLOBAL_Conf.o
                0x100063cc                CCU4Global_Handle0
 .rodata        0x100063d8       0x18 Dave/Generated/src/ADCGLOB001/ADCGlob001_Conf.o
                0x100063d8                ADCGLOB001_Handle0
 .rodata        0x100063f0       0x40 c:/dave-3.1.10/arm-gcc/bin/../lib/gcc/arm-none-eabi/4.7.4/armv6-m\libgcc.a(divsf3.o)
 .rodata        0x10006430       0x40 c:/dave-3.1.10/arm-gcc/bin/../lib/gcc/arm-none-eabi/4.7.4/armv6-m\libgcc.a(mulsf3.o)
 .rodata        0x10006470       0x40 c:/dave-3.1.10/arm-gcc/bin/../lib/gcc/arm-none-eabi/4.7.4/armv6-m\libgcc.a(divdf3.o)
 .rodata        0x100064b0       0x40 c:/dave-3.1.10/arm-gcc/bin/../lib/gcc/arm-none-eabi/4.7.4/armv6-m\libgcc.a(muldf3.o)
 *(.gnu.linkonce.r*)
                0x100064f0                . = ALIGN (0x10)
                0x100064f0                eROData = .
                0x100064f0                VeneerLoadAddr = ABSOLUTE (eROData)

.VENEER_Code    0x2000000c      0x138 load address 0x100064f0
                0x2000000c                VeneerStart = .
 *(.XmcVeneerCode)
 .XmcVeneerCode
                0x2000000c      0x138 Startup/startup_XMC1300.o
                0x2000000c                HardFault_Veneer
                0x2000002c                SVC_Veneer
                0x20000038                PendSV_Veneer
                0x2000003c                SysTick_Veneer
                0x20000040                SCU_0_Veneer
                0x20000044                SCU_1_Veneer
                0x20000048                SCU_2_Veneer
                0x2000004c                SCU_3_Veneer
                0x20000050                SCU_4_Veneer
                0x20000054                SCU_5_Veneer
                0x20000058                SCU_6_Veneer
                0x2000005c                MATH_Veneer
                0x20000064                USIC0_0_Veneer
                0x20000068                USIC0_1_Veneer
                0x2000006c                USIC0_2_Veneer
                0x20000070                USIC0_3_Veneer
                0x20000074                USIC0_4_Veneer
                0x20000078                USIC0_5_Veneer
                0x2000007c                VADC0_C0_0_Veneer
                0x20000080                VADC0_C0_1_Veneer
                0x20000084                VADC0_G0_0_Veneer
                0x20000088                VADC0_G0_1_Veneer
                0x2000008c                VADC0_G1_0_Veneer
                0x20000090                VADC0_G1_1_Veneer
                0x20000094                CCU40_0_Veneer
                0x20000098                CCU40_1_Veneer
                0x2000009c                CCU40_2_Veneer
                0x200000a0                CCU40_3_Veneer
                0x200000a4                CCU80_0_Veneer
                0x200000a8                CCU80_1_Veneer
                0x200000ac                POSIF0_0_Veneer
                0x200000b0                POSIF0_1_Veneer
                0x200000bc                BCCU0_0_Veneer
                0x20000144                . = ALIGN (0x4)
                0x20000144                VeneerEnd = .
                0x00000138                VeneerSize = (ABSOLUTE (VeneerEnd) - ABSOLUTE (VeneerStart))

.rel.dyn        0x20000144        0x0 load address 0x10006628
 .rel.iplt      0x00000000        0x0 Startup/startup_XMC1300.o

.GUARD_Band     0x20000144        0xc load address 0x00000000
                0x20000147                . = (. + 0x3)
 *fill*         0x20000144        0x3 00
                0x20000150                . = ALIGN (0x10)
 *fill*         0x20000147        0x9 00
                0x20000150                Guard_Band_End = .

Stack           0x20000150      0x800 load address 0x00000000
                0x20000950                . = (. + stack_size)
 *fill*         0x20000150      0x800 00
                0x20000950                __Xmc1300_stack = .

.bss            0x20000950       0x4c
                0x20000950                __Xmc1300_sBSS = .
 *(.bss)
 .bss           0x20000950        0x0 Startup/startup_XMC1300.o
 .bss           0x20000950        0x0 Startup/system_XMC1300.o
 .bss           0x20000950        0x2 ADC.o
                0x20000950                ADCReference
 *fill*         0x20000952        0x2 00
 .bss           0x20000954        0xc BlockCommutation.o
                0x20000954                InnerPWMPeriod
                0x20000958                InnerPWMCompare
                0x2000095c                PhaseState
                0x2000095d                motorState
 .bss           0x20000960       0x20 DaisyChain.o
                0x20000960                FifoRecBuffer
                0x20000970                FifoTransBuffer
                0x2000097d                DaisyCount
 .bss           0x20000980        0x0 Main.o
 .bss           0x20000980        0xc Lib/System_LibcStubs.o
                0x20000980                __dso_handle
 .bss           0x2000098c        0x0 Dave/Generated/src/UART001/UART001.o
 .bss           0x2000098c        0x0 Dave/Generated/src/UART001/UART001_Conf.o
 .bss           0x2000098c        0x0 Dave/Generated/src/NVIC002/NVIC002.o
 .bss           0x2000098c        0x0 Dave/Generated/src/NVIC002/NVIC002_Conf.o
 .bss           0x2000098c        0x0 Dave/Generated/src/MATHLIBS/FASTMATH01.o
 .bss           0x2000098c        0x0 Dave/Generated/src/MATHLIBS/MATH01.o
 .bss           0x2000098c        0x0 Dave/Generated/src/MATHLIBS/MATHLLD01.o
 .bss           0x2000098c        0x0 Dave/Generated/src/MATHLIBS/STDMATH01.o
 .bss           0x2000098c        0x0 Dave/Generated/src/LIBS/CCU8PWMLIB.o
 .bss           0x2000098c        0x0 Dave/Generated/src/LIBS/MOTORLIB.o
 .bss           0x2000098c        0x0 Dave/Generated/src/IO004/IO004.o
 .bss           0x2000098c        0x0 Dave/Generated/src/IO004/IO004_Conf.o
 .bss           0x2000098c        0x0 Dave/Generated/src/DAVESupport/DAVE3.o
 .bss           0x2000098c        0x0 Dave/Generated/src/DAVESupport/MULTIPLEXER.o
 .bss           0x2000098c        0x0 Dave/Generated/src/CLK002/CLK002.o
 .bss           0x2000098c        0x4 Dave/Generated/src/CCU8GLOBAL/CCU8GLOBAL.o
 .bss           0x20000990        0x0 Dave/Generated/src/CCU8GLOBAL/CCU8GLOBAL_Conf.o
 .bss           0x20000990        0x4 Dave/Generated/src/CCU4GLOBAL/CCU4GLOBAL.o
 .bss           0x20000994        0x0 Dave/Generated/src/CCU4GLOBAL/CCU4GLOBAL_Conf.o
 .bss           0x20000994        0x0 Dave/Generated/src/ADCGLOB001/ADCGlob001.o
 .bss           0x20000994        0x4 Dave/Generated/src/ADCGLOB001/ADCGlob001_Conf.o
                0x20000994                ADCGLOB001_DynamicData0
 .bss           0x20000998        0x0 c:/dave-3.1.10/arm-gcc/bin/../lib/gcc/arm-none-eabi/4.7.4/armv6-m\libgcc.a(_udivsi3.o)
 .bss           0x20000998        0x0 c:/dave-3.1.10/arm-gcc/bin/../lib/gcc/arm-none-eabi/4.7.4/armv6-m\libgcc.a(_dvmd_tls.o)
 .bss           0x20000998        0x0 c:/dave-3.1.10/arm-gcc/bin/../lib/gcc/arm-none-eabi/4.7.4/armv6-m\libgcc.a(_arm_cmpsf2.o)
 .bss           0x20000998        0x0 c:/dave-3.1.10/arm-gcc/bin/../lib/gcc/arm-none-eabi/4.7.4/armv6-m\libgcc.a(_fixunssfsi.o)
 .bss           0x20000998        0x0 c:/dave-3.1.10/arm-gcc/bin/../lib/gcc/arm-none-eabi/4.7.4/armv6-m\libgcc.a(_fixunsdfsi.o)
 .bss           0x20000998        0x0 c:/dave-3.1.10/arm-gcc/bin/../lib/gcc/arm-none-eabi/4.7.4/armv6-m\libgcc.a(divsf3.o)
 .bss           0x20000998        0x0 c:/dave-3.1.10/arm-gcc/bin/../lib/gcc/arm-none-eabi/4.7.4/armv6-m\libgcc.a(eqsf2.o)
 .bss           0x20000998        0x0 c:/dave-3.1.10/arm-gcc/bin/../lib/gcc/arm-none-eabi/4.7.4/armv6-m\libgcc.a(gesf2.o)
 .bss           0x20000998        0x0 c:/dave-3.1.10/arm-gcc/bin/../lib/gcc/arm-none-eabi/4.7.4/armv6-m\libgcc.a(lesf2.o)
 .bss           0x20000998        0x0 c:/dave-3.1.10/arm-gcc/bin/../lib/gcc/arm-none-eabi/4.7.4/armv6-m\libgcc.a(mulsf3.o)
 .bss           0x20000998        0x0 c:/dave-3.1.10/arm-gcc/bin/../lib/gcc/arm-none-eabi/4.7.4/armv6-m\libgcc.a(subsf3.o)
 .bss           0x20000998        0x0 c:/dave-3.1.10/arm-gcc/bin/../lib/gcc/arm-none-eabi/4.7.4/armv6-m\libgcc.a(fixsfsi.o)
 .bss           0x20000998        0x0 c:/dave-3.1.10/arm-gcc/bin/../lib/gcc/arm-none-eabi/4.7.4/armv6-m\libgcc.a(floatunsisf.o)
 .bss           0x20000998        0x0 c:/dave-3.1.10/arm-gcc/bin/../lib/gcc/arm-none-eabi/4.7.4/armv6-m\libgcc.a(divdf3.o)
 .bss           0x20000998        0x0 c:/dave-3.1.10/arm-gcc/bin/../lib/gcc/arm-none-eabi/4.7.4/armv6-m\libgcc.a(muldf3.o)
 .bss           0x20000998        0x0 c:/dave-3.1.10/arm-gcc/bin/../lib/gcc/arm-none-eabi/4.7.4/armv6-m\libgcc.a(subdf3.o)
 .bss           0x20000998        0x0 c:/dave-3.1.10/arm-gcc/bin/../lib/gcc/arm-none-eabi/4.7.4/armv6-m\libgcc.a(fixdfsi.o)
 .bss           0x20000998        0x0 c:/dave-3.1.10/arm-gcc/bin/../lib/gcc/arm-none-eabi/4.7.4/armv6-m\libgcc.a(extendsfdf2.o)
 .bss           0x20000998        0x0 c:/dave-3.1.10/arm-gcc/bin/../lib/gcc/arm-none-eabi/4.7.4/armv6-m\libgcc.a(_arm_cmpdf2.o)
 .bss           0x20000998        0x0 c:/dave-3.1.10/arm-gcc/bin/../lib/gcc/arm-none-eabi/4.7.4/armv6-m\libgcc.a(_clzsi2.o)
 .bss           0x20000998        0x0 c:/dave-3.1.10/arm-gcc/bin/../lib/gcc/arm-none-eabi/4.7.4/armv6-m\libgcc.a(eqdf2.o)
 .bss           0x20000998        0x0 c:/dave-3.1.10/arm-gcc/bin/../lib/gcc/arm-none-eabi/4.7.4/armv6-m\libgcc.a(gedf2.o)
 .bss           0x20000998        0x0 c:/dave-3.1.10/arm-gcc/bin/../lib/gcc/arm-none-eabi/4.7.4/armv6-m\libgcc.a(ledf2.o)
 *(.bss*)
 *(COMMON)
 COMMON         0x20000998        0x4 Startup/system_XMC1300.o
                0x20000998                SystemCoreClock
 *(.gnu.linkonce.b*)
                0x2000099c                __Xmc1300_eBSS = ALIGN (0x4)
                0x0000004c                __Xmc1300_BSS_Size = (__Xmc1300_eBSS - __Xmc1300_sBSS)
                0x10006628                DataLoadAddr = (eROData + VeneerSize)

.data           0x200009a0       0x1c load address 0x10006628
                0x200009a0                __Xmc1300_sData = .
 *(.data)
 .data          0x200009a0        0x0 Startup/startup_XMC1300.o
 .data          0x200009a0        0x0 Startup/system_XMC1300.o
 .data          0x200009a0        0x0 ADC.o
 .data          0x200009a0        0x8 BlockCommutation.o
                0x200009a0                InnerPWMFreq
                0x200009a4                CurrentDutyCycleStart
 .data          0x200009a8        0x1 DaisyChain.o
                0x200009a8                DaisyTimeOut
 .data          0x200009a9        0x0 Main.o
 .data          0x200009a9        0x0 Lib/System_LibcStubs.o
 .data          0x200009a9        0x0 Dave/Generated/src/UART001/UART001.o
 *fill*         0x200009a9        0x3 00
 .data          0x200009ac        0x4 Dave/Generated/src/UART001/UART001_Conf.o
                0x200009ac                UART001_HandleArray
 .data          0x200009b0        0x0 Dave/Generated/src/NVIC002/NVIC002.o
 .data          0x200009b0        0x4 Dave/Generated/src/NVIC002/NVIC002_Conf.o
                0x200009b0                NVIC002_HandleArray
 .data          0x200009b4        0x0 Dave/Generated/src/MATHLIBS/FASTMATH01.o
 .data          0x200009b4        0x0 Dave/Generated/src/MATHLIBS/MATH01.o
 .data          0x200009b4        0x0 Dave/Generated/src/MATHLIBS/MATHLLD01.o
 .data          0x200009b4        0x0 Dave/Generated/src/MATHLIBS/STDMATH01.o
 .data          0x200009b4        0x0 Dave/Generated/src/LIBS/CCU8PWMLIB.o
 .data          0x200009b4        0x0 Dave/Generated/src/LIBS/MOTORLIB.o
 .data          0x200009b4        0x0 Dave/Generated/src/IO004/IO004.o
 .data          0x200009b4        0x0 Dave/Generated/src/IO004/IO004_Conf.o
 .data          0x200009b4        0x0 Dave/Generated/src/DAVESupport/DAVE3.o
 .data          0x200009b4        0x0 Dave/Generated/src/DAVESupport/MULTIPLEXER.o
 .data          0x200009b4        0x0 Dave/Generated/src/CLK002/CLK002.o
 .data          0x200009b4        0x0 Dave/Generated/src/CCU8GLOBAL/CCU8GLOBAL.o
 .data          0x200009b4        0x4 Dave/Generated/src/CCU8GLOBAL/CCU8GLOBAL_Conf.o
                0x200009b4                CCU8GLOBAL_HandleArray
 .data          0x200009b8        0x0 Dave/Generated/src/CCU4GLOBAL/CCU4GLOBAL.o
 .data          0x200009b8        0x4 Dave/Generated/src/CCU4GLOBAL/CCU4GLOBAL_Conf.o
                0x200009b8                CCU4Global_HandleArray
 .data          0x200009bc        0x0 Dave/Generated/src/ADCGLOB001/ADCGlob001.o
 .data          0x200009bc        0x0 Dave/Generated/src/ADCGLOB001/ADCGlob001_Conf.o
 .data          0x200009bc        0x0 c:/dave-3.1.10/arm-gcc/bin/../lib/gcc/arm-none-eabi/4.7.4/armv6-m\libgcc.a(_udivsi3.o)
 .data          0x200009bc        0x0 c:/dave-3.1.10/arm-gcc/bin/../lib/gcc/arm-none-eabi/4.7.4/armv6-m\libgcc.a(_dvmd_tls.o)
 .data          0x200009bc        0x0 c:/dave-3.1.10/arm-gcc/bin/../lib/gcc/arm-none-eabi/4.7.4/armv6-m\libgcc.a(_arm_cmpsf2.o)
 .data          0x200009bc        0x0 c:/dave-3.1.10/arm-gcc/bin/../lib/gcc/arm-none-eabi/4.7.4/armv6-m\libgcc.a(_fixunssfsi.o)
 .data          0x200009bc        0x0 c:/dave-3.1.10/arm-gcc/bin/../lib/gcc/arm-none-eabi/4.7.4/armv6-m\libgcc.a(_fixunsdfsi.o)
 .data          0x200009bc        0x0 c:/dave-3.1.10/arm-gcc/bin/../lib/gcc/arm-none-eabi/4.7.4/armv6-m\libgcc.a(divsf3.o)
 .data          0x200009bc        0x0 c:/dave-3.1.10/arm-gcc/bin/../lib/gcc/arm-none-eabi/4.7.4/armv6-m\libgcc.a(eqsf2.o)
 .data          0x200009bc        0x0 c:/dave-3.1.10/arm-gcc/bin/../lib/gcc/arm-none-eabi/4.7.4/armv6-m\libgcc.a(gesf2.o)
 .data          0x200009bc        0x0 c:/dave-3.1.10/arm-gcc/bin/../lib/gcc/arm-none-eabi/4.7.4/armv6-m\libgcc.a(lesf2.o)
 .data          0x200009bc        0x0 c:/dave-3.1.10/arm-gcc/bin/../lib/gcc/arm-none-eabi/4.7.4/armv6-m\libgcc.a(mulsf3.o)
 .data          0x200009bc        0x0 c:/dave-3.1.10/arm-gcc/bin/../lib/gcc/arm-none-eabi/4.7.4/armv6-m\libgcc.a(subsf3.o)
 .data          0x200009bc        0x0 c:/dave-3.1.10/arm-gcc/bin/../lib/gcc/arm-none-eabi/4.7.4/armv6-m\libgcc.a(fixsfsi.o)
 .data          0x200009bc        0x0 c:/dave-3.1.10/arm-gcc/bin/../lib/gcc/arm-none-eabi/4.7.4/armv6-m\libgcc.a(floatunsisf.o)
 .data          0x200009bc        0x0 c:/dave-3.1.10/arm-gcc/bin/../lib/gcc/arm-none-eabi/4.7.4/armv6-m\libgcc.a(divdf3.o)
 .data          0x200009bc        0x0 c:/dave-3.1.10/arm-gcc/bin/../lib/gcc/arm-none-eabi/4.7.4/armv6-m\libgcc.a(muldf3.o)
 .data          0x200009bc        0x0 c:/dave-3.1.10/arm-gcc/bin/../lib/gcc/arm-none-eabi/4.7.4/armv6-m\libgcc.a(subdf3.o)
 .data          0x200009bc        0x0 c:/dave-3.1.10/arm-gcc/bin/../lib/gcc/arm-none-eabi/4.7.4/armv6-m\libgcc.a(fixdfsi.o)
 .data          0x200009bc        0x0 c:/dave-3.1.10/arm-gcc/bin/../lib/gcc/arm-none-eabi/4.7.4/armv6-m\libgcc.a(extendsfdf2.o)
 .data          0x200009bc        0x0 c:/dave-3.1.10/arm-gcc/bin/../lib/gcc/arm-none-eabi/4.7.4/armv6-m\libgcc.a(_arm_cmpdf2.o)
 .data          0x200009bc        0x0 c:/dave-3.1.10/arm-gcc/bin/../lib/gcc/arm-none-eabi/4.7.4/armv6-m\libgcc.a(_clzsi2.o)
 .data          0x200009bc        0x0 c:/dave-3.1.10/arm-gcc/bin/../lib/gcc/arm-none-eabi/4.7.4/armv6-m\libgcc.a(eqdf2.o)
 .data          0x200009bc        0x0 c:/dave-3.1.10/arm-gcc/bin/../lib/gcc/arm-none-eabi/4.7.4/armv6-m\libgcc.a(gedf2.o)
 .data          0x200009bc        0x0 c:/dave-3.1.10/arm-gcc/bin/../lib/gcc/arm-none-eabi/4.7.4/armv6-m\libgcc.a(ledf2.o)
 *(.data*)
 *(*.data)
 *(.gnu.linkonce.d*)
                0x200009bc                __Xmc1300_eData = ALIGN (0x4)
                0x0000001c                __Xmc1300_Data_Size = (__Xmc1300_eData - __Xmc1300_sData)

.igot.plt       0x200009bc        0x0 load address 0x10006644
 .igot.plt      0x00000000        0x0 Startup/startup_XMC1300.o

.ram_code       0x200009bc        0x0 load address 0x10006644
                0x200009bc                __ram_code_start = .
 *(.ram_code)
                0x200009bc                __ram_code_end = .
                0x10006644                __ram_code_load = LOADADDR (.ram_code)
                0x00000000                __ram_code_size = (__ram_code_end - __ram_code_start)
                0x200009c0                __Xmc1300_heap_start = ALIGN (0x8)
                0x20004000                __Xmc1300_heap_end = (ORIGIN (SRAM) + 0x4000)
                0x200009c0                Heap_Bank1_Start = __Xmc1300_heap_start
                0x00003640                Heap_Bank1_Size = (__Xmc1300_heap_end - __Xmc1300_heap_start)

/DISCARD/
 *(.comment)

.stab
 *(.stab)

.stabstr
 *(.stabstr)

.debug
 *(.debug)

.line
 *(.line)

.debug_srcinfo
 *(.debug_srcinfo)

.debug_sfnames
 *(.debug_sfnames)

.debug_aranges  0x00000000      0x5a0
 *(.debug_aranges)
 .debug_aranges
                0x00000000       0x40 Startup/startup_XMC1300.o
 .debug_aranges
                0x00000040       0x28 Startup/system_XMC1300.o
 .debug_aranges
                0x00000068       0x40 ADC.o
 .debug_aranges
                0x000000a8       0x58 BlockCommutation.o
 .debug_aranges
                0x00000100       0x40 DaisyChain.o
 .debug_aranges
                0x00000140       0x20 Main.o
 .debug_aranges
                0x00000160       0xa0 Lib/System_LibcStubs.o
 .debug_aranges
                0x00000200       0x80 Dave/Generated/src/UART001/UART001.o
 .debug_aranges
                0x00000280       0x18 Dave/Generated/src/UART001/UART001_Conf.o
 .debug_aranges
                0x00000298       0x40 Dave/Generated/src/NVIC002/NVIC002.o
 .debug_aranges
                0x000002d8       0x18 Dave/Generated/src/NVIC002/NVIC002_Conf.o
 .debug_aranges
                0x000002f0       0x18 Dave/Generated/src/MATHLIBS/FASTMATH01.o
 .debug_aranges
                0x00000308       0x18 Dave/Generated/src/MATHLIBS/MATH01.o
 .debug_aranges
                0x00000320       0x18 Dave/Generated/src/MATHLIBS/MATHLLD01.o
 .debug_aranges
                0x00000338       0x18 Dave/Generated/src/MATHLIBS/STDMATH01.o
 .debug_aranges
                0x00000350       0x18 Dave/Generated/src/LIBS/CCU8PWMLIB.o
 .debug_aranges
                0x00000368       0x18 Dave/Generated/src/LIBS/MOTORLIB.o
 .debug_aranges
                0x00000380       0x30 Dave/Generated/src/IO004/IO004.o
 .debug_aranges
                0x000003b0       0x18 Dave/Generated/src/IO004/IO004_Conf.o
 .debug_aranges
                0x000003c8       0x20 Dave/Generated/src/DAVESupport/DAVE3.o
 .debug_aranges
                0x000003e8       0x28 Dave/Generated/src/DAVESupport/MULTIPLEXER.o
 .debug_aranges
                0x00000410       0x40 Dave/Generated/src/CLK002/CLK002.o
 .debug_aranges
                0x00000450       0x28 Dave/Generated/src/CCU8GLOBAL/CCU8GLOBAL.o
 .debug_aranges
                0x00000478       0x18 Dave/Generated/src/CCU8GLOBAL/CCU8GLOBAL_Conf.o
 .debug_aranges
                0x00000490       0x28 Dave/Generated/src/CCU4GLOBAL/CCU4GLOBAL.o
 .debug_aranges
                0x000004b8       0x18 Dave/Generated/src/CCU4GLOBAL/CCU4GLOBAL_Conf.o
 .debug_aranges
                0x000004d0       0xb8 Dave/Generated/src/ADCGLOB001/ADCGlob001.o
 .debug_aranges
                0x00000588       0x18 Dave/Generated/src/ADCGLOB001/ADCGlob001_Conf.o

.debug_pubnames
 *(.debug_pubnames)

.debug_pubtypes
 *(.debug_pubtypes)

.debug_info     0x00000000     0x8c18
 *(.debug_info .gnu.linkonce.wi.*)
 .debug_info    0x00000000       0x7a Startup/startup_XMC1300.o
 .debug_info    0x0000007a      0x15f Startup/system_XMC1300.o
 .debug_info    0x000001d9     0x1312 ADC.o
 .debug_info    0x000014eb     0x11e7 BlockCommutation.o
 .debug_info    0x000026d2     0x1019 DaisyChain.o
 .debug_info    0x000036eb       0x9c Main.o
 .debug_info    0x00003787      0x65f Lib/System_LibcStubs.o
 .debug_info    0x00003de6     0x1032 Dave/Generated/src/UART001/UART001.o
 .debug_info    0x00004e18      0x7e7 Dave/Generated/src/UART001/UART001_Conf.o
 .debug_info    0x000055ff      0x49f Dave/Generated/src/NVIC002/NVIC002.o
 .debug_info    0x00005a9e      0x109 Dave/Generated/src/NVIC002/NVIC002_Conf.o
 .debug_info    0x00005ba7       0x76 Dave/Generated/src/MATHLIBS/FASTMATH01.o
 .debug_info    0x00005c1d       0x76 Dave/Generated/src/MATHLIBS/MATH01.o
 .debug_info    0x00005c93       0x76 Dave/Generated/src/MATHLIBS/MATHLLD01.o
 .debug_info    0x00005d09       0x76 Dave/Generated/src/MATHLIBS/STDMATH01.o
 .debug_info    0x00005d7f       0x76 Dave/Generated/src/LIBS/CCU8PWMLIB.o
 .debug_info    0x00005df5       0x76 Dave/Generated/src/LIBS/MOTORLIB.o
 .debug_info    0x00005e6b      0x38e Dave/Generated/src/IO004/IO004.o
 .debug_info    0x000061f9      0x27a Dave/Generated/src/IO004/IO004_Conf.o
 .debug_info    0x00006473       0x98 Dave/Generated/src/DAVESupport/DAVE3.o
 .debug_info    0x0000650b      0x575 Dave/Generated/src/DAVESupport/MULTIPLEXER.o
 .debug_info    0x00006a80      0x33d Dave/Generated/src/CLK002/CLK002.o
 .debug_info    0x00006dbd      0x3d7 Dave/Generated/src/CCU8GLOBAL/CCU8GLOBAL.o
 .debug_info    0x00007194      0x1d0 Dave/Generated/src/CCU8GLOBAL/CCU8GLOBAL_Conf.o
 .debug_info    0x00007364      0x3d0 Dave/Generated/src/CCU4GLOBAL/CCU4GLOBAL.o
 .debug_info    0x00007734      0x1cf Dave/Generated/src/CCU4GLOBAL/CCU4GLOBAL_Conf.o
 .debug_info    0x00007903      0xd5e Dave/Generated/src/ADCGLOB001/ADCGlob001.o
 .debug_info    0x00008661      0x5b7 Dave/Generated/src/ADCGLOB001/ADCGlob001_Conf.o

.debug_abbrev   0x00000000     0x17f3
 *(.debug_abbrev)
 .debug_abbrev  0x00000000       0x12 Startup/startup_XMC1300.o
 .debug_abbrev  0x00000012       0xc5 Startup/system_XMC1300.o
 .debug_abbrev  0x000000d7      0x192 ADC.o
 .debug_abbrev  0x00000269      0x18e BlockCommutation.o
 .debug_abbrev  0x000003f7      0x20f DaisyChain.o
 .debug_abbrev  0x00000606       0x49 Main.o
 .debug_abbrev  0x0000064f      0x149 Lib/System_LibcStubs.o
 .debug_abbrev  0x00000798      0x1f2 Dave/Generated/src/UART001/UART001.o
 .debug_abbrev  0x0000098a      0x11b Dave/Generated/src/UART001/UART001_Conf.o
 .debug_abbrev  0x00000aa5      0x166 Dave/Generated/src/NVIC002/NVIC002.o
 .debug_abbrev  0x00000c0b       0x87 Dave/Generated/src/NVIC002/NVIC002_Conf.o
 .debug_abbrev  0x00000c92       0x29 Dave/Generated/src/MATHLIBS/FASTMATH01.o
 .debug_abbrev  0x00000cbb       0x29 Dave/Generated/src/MATHLIBS/MATH01.o
 .debug_abbrev  0x00000ce4       0x29 Dave/Generated/src/MATHLIBS/MATHLLD01.o
 .debug_abbrev  0x00000d0d       0x29 Dave/Generated/src/MATHLIBS/STDMATH01.o
 .debug_abbrev  0x00000d36       0x29 Dave/Generated/src/LIBS/CCU8PWMLIB.o
 .debug_abbrev  0x00000d5f       0x29 Dave/Generated/src/LIBS/MOTORLIB.o
 .debug_abbrev  0x00000d88      0x118 Dave/Generated/src/IO004/IO004.o
 .debug_abbrev  0x00000ea0       0xaa Dave/Generated/src/IO004/IO004_Conf.o
 .debug_abbrev  0x00000f4a       0x47 Dave/Generated/src/DAVESupport/DAVE3.o
 .debug_abbrev  0x00000f91      0x112 Dave/Generated/src/DAVESupport/MULTIPLEXER.o
 .debug_abbrev  0x000010a3      0x12a Dave/Generated/src/CLK002/CLK002.o
 .debug_abbrev  0x000011cd      0x11c Dave/Generated/src/CCU8GLOBAL/CCU8GLOBAL.o
 .debug_abbrev  0x000012e9       0xb7 Dave/Generated/src/CCU8GLOBAL/CCU8GLOBAL_Conf.o
 .debug_abbrev  0x000013a0      0x11c Dave/Generated/src/CCU4GLOBAL/CCU4GLOBAL.o
 .debug_abbrev  0x000014bc       0xb7 Dave/Generated/src/CCU4GLOBAL/CCU4GLOBAL_Conf.o
 .debug_abbrev  0x00001573      0x1a2 Dave/Generated/src/ADCGLOB001/ADCGlob001.o
 .debug_abbrev  0x00001715       0xde Dave/Generated/src/ADCGLOB001/ADCGlob001_Conf.o

.debug_line     0x00000000    0x10c19
 *(.debug_line)
 .debug_line    0x00000000      0x163 Startup/startup_XMC1300.o
 .debug_line    0x00000163      0x2f6 Startup/system_XMC1300.o
 .debug_line    0x00000459      0xb8e ADC.o
 .debug_line    0x00000fe7      0xc10 BlockCommutation.o
 .debug_line    0x00001bf7      0xba7 DaisyChain.o
 .debug_line    0x0000279e      0xb27 Main.o
 .debug_line    0x000032c5      0x3c1 Lib/System_LibcStubs.o
 .debug_line    0x00003686      0xdc2 Dave/Generated/src/UART001/UART001.o
 .debug_line    0x00004448      0x3ea Dave/Generated/src/UART001/UART001_Conf.o
 .debug_line    0x00004832      0x3f6 Dave/Generated/src/NVIC002/NVIC002.o
 .debug_line    0x00004c28      0x37e Dave/Generated/src/NVIC002/NVIC002_Conf.o
 .debug_line    0x00004fa6      0xb32 Dave/Generated/src/MATHLIBS/FASTMATH01.o
 .debug_line    0x00005ad8      0xb2a Dave/Generated/src/MATHLIBS/MATH01.o
 .debug_line    0x00006602      0xb21 Dave/Generated/src/MATHLIBS/MATHLLD01.o
 .debug_line    0x00007123      0xb30 Dave/Generated/src/MATHLIBS/STDMATH01.o
 .debug_line    0x00007c53      0xb17 Dave/Generated/src/LIBS/CCU8PWMLIB.o
 .debug_line    0x0000876a      0xb13 Dave/Generated/src/LIBS/MOTORLIB.o
 .debug_line    0x0000927d      0xb6a Dave/Generated/src/IO004/IO004.o
 .debug_line    0x00009de7      0xade Dave/Generated/src/IO004/IO004_Conf.o
 .debug_line    0x0000a8c5      0x9ea Dave/Generated/src/DAVESupport/DAVE3.o
 .debug_line    0x0000b2af      0xa0e Dave/Generated/src/DAVESupport/MULTIPLEXER.o
 .debug_line    0x0000bcbd      0xb91 Dave/Generated/src/CLK002/CLK002.o
 .debug_line    0x0000c84e      0xb0f Dave/Generated/src/CCU8GLOBAL/CCU8GLOBAL.o
 .debug_line    0x0000d35d      0xacc Dave/Generated/src/CCU8GLOBAL/CCU8GLOBAL_Conf.o
 .debug_line    0x0000de29      0xb0f Dave/Generated/src/CCU4GLOBAL/CCU4GLOBAL.o
 .debug_line    0x0000e938      0xacc Dave/Generated/src/CCU4GLOBAL/CCU4GLOBAL_Conf.o
 .debug_line    0x0000f404      0xd2d Dave/Generated/src/ADCGLOB001/ADCGlob001.o
 .debug_line    0x00010131      0xae8 Dave/Generated/src/ADCGLOB001/ADCGlob001_Conf.o

.debug_frame    0x00000000      0xfdc
 *(.debug_frame)
 .debug_frame   0x00000000       0x4c Startup/system_XMC1300.o
 .debug_frame   0x0000004c       0xac ADC.o
 .debug_frame   0x000000f8      0x10c BlockCommutation.o
 .debug_frame   0x00000204       0xb0 DaisyChain.o
 .debug_frame   0x000002b4       0x2c Main.o
 .debug_frame   0x000002e0      0x220 Lib/System_LibcStubs.o
 .debug_frame   0x00000500      0x1bc Dave/Generated/src/UART001/UART001.o
 .debug_frame   0x000006bc       0xb8 Dave/Generated/src/NVIC002/NVIC002.o
 .debug_frame   0x00000774       0x74 Dave/Generated/src/IO004/IO004.o
 .debug_frame   0x000007e8       0x2c Dave/Generated/src/DAVESupport/DAVE3.o
 .debug_frame   0x00000814       0x4c Dave/Generated/src/DAVESupport/MULTIPLEXER.o
 .debug_frame   0x00000860       0xa8 Dave/Generated/src/CLK002/CLK002.o
 .debug_frame   0x00000908       0x54 Dave/Generated/src/CCU8GLOBAL/CCU8GLOBAL.o
 .debug_frame   0x0000095c       0x54 Dave/Generated/src/CCU4GLOBAL/CCU4GLOBAL.o
 .debug_frame   0x000009b0      0x290 Dave/Generated/src/ADCGLOB001/ADCGlob001.o
 .debug_frame   0x00000c40       0x20 c:/dave-3.1.10/arm-gcc/bin/../lib/gcc/arm-none-eabi/4.7.4/armv6-m\libgcc.a(_udivsi3.o)
 .debug_frame   0x00000c60       0x28 c:/dave-3.1.10/arm-gcc/bin/../lib/gcc/arm-none-eabi/4.7.4/armv6-m\libgcc.a(_fixunssfsi.o)
 .debug_frame   0x00000c88       0x2c c:/dave-3.1.10/arm-gcc/bin/../lib/gcc/arm-none-eabi/4.7.4/armv6-m\libgcc.a(_fixunsdfsi.o)
 .debug_frame   0x00000cb4       0x3c c:/dave-3.1.10/arm-gcc/bin/../lib/gcc/arm-none-eabi/4.7.4/armv6-m\libgcc.a(divsf3.o)
 .debug_frame   0x00000cf0       0x2c c:/dave-3.1.10/arm-gcc/bin/../lib/gcc/arm-none-eabi/4.7.4/armv6-m\libgcc.a(eqsf2.o)
 .debug_frame   0x00000d1c       0x30 c:/dave-3.1.10/arm-gcc/bin/../lib/gcc/arm-none-eabi/4.7.4/armv6-m\libgcc.a(gesf2.o)
 .debug_frame   0x00000d4c       0x30 c:/dave-3.1.10/arm-gcc/bin/../lib/gcc/arm-none-eabi/4.7.4/armv6-m\libgcc.a(lesf2.o)
 .debug_frame   0x00000d7c       0x3c c:/dave-3.1.10/arm-gcc/bin/../lib/gcc/arm-none-eabi/4.7.4/armv6-m\libgcc.a(mulsf3.o)
 .debug_frame   0x00000db8       0x30 c:/dave-3.1.10/arm-gcc/bin/../lib/gcc/arm-none-eabi/4.7.4/armv6-m\libgcc.a(subsf3.o)
 .debug_frame   0x00000de8       0x20 c:/dave-3.1.10/arm-gcc/bin/../lib/gcc/arm-none-eabi/4.7.4/armv6-m\libgcc.a(fixsfsi.o)
 .debug_frame   0x00000e08       0x28 c:/dave-3.1.10/arm-gcc/bin/../lib/gcc/arm-none-eabi/4.7.4/armv6-m\libgcc.a(floatunsisf.o)
 .debug_frame   0x00000e30       0x3c c:/dave-3.1.10/arm-gcc/bin/../lib/gcc/arm-none-eabi/4.7.4/armv6-m\libgcc.a(divdf3.o)
 .debug_frame   0x00000e6c       0x3c c:/dave-3.1.10/arm-gcc/bin/../lib/gcc/arm-none-eabi/4.7.4/armv6-m\libgcc.a(muldf3.o)
 .debug_frame   0x00000ea8       0x38 c:/dave-3.1.10/arm-gcc/bin/../lib/gcc/arm-none-eabi/4.7.4/armv6-m\libgcc.a(subdf3.o)
 .debug_frame   0x00000ee0       0x2c c:/dave-3.1.10/arm-gcc/bin/../lib/gcc/arm-none-eabi/4.7.4/armv6-m\libgcc.a(fixdfsi.o)
 .debug_frame   0x00000f0c       0x2c c:/dave-3.1.10/arm-gcc/bin/../lib/gcc/arm-none-eabi/4.7.4/armv6-m\libgcc.a(extendsfdf2.o)
 .debug_frame   0x00000f38       0x34 c:/dave-3.1.10/arm-gcc/bin/../lib/gcc/arm-none-eabi/4.7.4/armv6-m\libgcc.a(eqdf2.o)
 .debug_frame   0x00000f6c       0x38 c:/dave-3.1.10/arm-gcc/bin/../lib/gcc/arm-none-eabi/4.7.4/armv6-m\libgcc.a(gedf2.o)
 .debug_frame   0x00000fa4       0x38 c:/dave-3.1.10/arm-gcc/bin/../lib/gcc/arm-none-eabi/4.7.4/armv6-m\libgcc.a(ledf2.o)

.debug_str      0x00000000    0x3bd40
 *(.debug_str)
 .debug_str     0x00000000    0x34e2d Startup/system_XMC1300.o
                              0x34f69 (size before relaxing)
 .debug_str     0x00034e2d     0x2422 ADC.o
                              0x373b0 (size before relaxing)
 .debug_str     0x0003724f      0x17a BlockCommutation.o
                              0x373cd (size before relaxing)
 .debug_str     0x000373c9      0x418 DaisyChain.o
                              0x37544 (size before relaxing)
 .debug_str     0x000377e1        0xf Main.o
                              0x36e34 (size before relaxing)
 .debug_str     0x000377f0     0x2e29 Lib/System_LibcStubs.o
                               0x57e2 (size before relaxing)
 .debug_str     0x0003a619      0x693 Dave/Generated/src/UART001/UART001.o
                              0x377d5 (size before relaxing)
 .debug_str     0x0003acac       0x2d Dave/Generated/src/UART001/UART001_Conf.o
                              0x35edd (size before relaxing)
 .debug_str     0x0003acd9       0x9f Dave/Generated/src/NVIC002/NVIC002.o
                              0x3550f (size before relaxing)
 .debug_str     0x0003ad78       0x3d Dave/Generated/src/NVIC002/NVIC002_Conf.o
                              0x35248 (size before relaxing)
 .debug_str     0x0003adb5       0x49 Dave/Generated/src/MATHLIBS/FASTMATH01.o
                              0x36d4f (size before relaxing)
 .debug_str     0x0003adfe       0x28 Dave/Generated/src/MATHLIBS/MATH01.o
                              0x36d47 (size before relaxing)
 .debug_str     0x0003ae26       0x2b Dave/Generated/src/MATHLIBS/MATHLLD01.o
                              0x36d3f (size before relaxing)
 .debug_str     0x0003ae51       0x39 Dave/Generated/src/MATHLIBS/STDMATH01.o
                              0x36d4d (size before relaxing)
 .debug_str     0x0003ae8a       0x28 Dave/Generated/src/LIBS/CCU8PWMLIB.o
                              0x36d2e (size before relaxing)
 .debug_str     0x0003aeb2       0x26 Dave/Generated/src/LIBS/MOTORLIB.o
                              0x36d2c (size before relaxing)
 .debug_str     0x0003aed8      0x156 Dave/Generated/src/IO004/IO004.o
                              0x36f33 (size before relaxing)
 .debug_str     0x0003b02e       0x29 Dave/Generated/src/IO004/IO004_Conf.o
                              0x36dfa (size before relaxing)
 .debug_str     0x0003b057       0x34 Dave/Generated/src/DAVESupport/DAVE3.o
                              0x36d3a (size before relaxing)
 .debug_str     0x0003b08b       0x66 Dave/Generated/src/DAVESupport/MULTIPLEXER.o
                              0x36eda (size before relaxing)
 .debug_str     0x0003b0f1      0x14b Dave/Generated/src/CLK002/CLK002.o
                              0x36f18 (size before relaxing)
 .debug_str     0x0003b23c      0x105 Dave/Generated/src/CCU8GLOBAL/CCU8GLOBAL.o
                              0x36f16 (size before relaxing)
 .debug_str     0x0003b341       0x46 Dave/Generated/src/CCU8GLOBAL/CCU8GLOBAL_Conf.o
                              0x36e08 (size before relaxing)
 .debug_str     0x0003b387       0xb4 Dave/Generated/src/CCU4GLOBAL/CCU4GLOBAL.o
                              0x36ec5 (size before relaxing)
 .debug_str     0x0003b43b       0x46 Dave/Generated/src/CCU4GLOBAL/CCU4GLOBAL_Conf.o
                              0x36df5 (size before relaxing)
 .debug_str     0x0003b481      0x874 Dave/Generated/src/ADCGLOB001/ADCGlob001.o
                              0x377b2 (size before relaxing)
 .debug_str     0x0003bcf5       0x4b Dave/Generated/src/ADCGLOB001/ADCGlob001_Conf.o
                              0x370d9 (size before relaxing)

.debug_loc      0x00000000     0x12ee
 *(.debug_loc)
 .debug_loc     0x00000000       0x64 Startup/system_XMC1300.o
 .debug_loc     0x00000064       0xf4 ADC.o
 .debug_loc     0x00000158      0x184 BlockCommutation.o
 .debug_loc     0x000002dc      0x100 DaisyChain.o
 .debug_loc     0x000003dc       0x2c Main.o
 .debug_loc     0x00000408      0x388 Lib/System_LibcStubs.o
 .debug_loc     0x00000790      0x2da Dave/Generated/src/UART001/UART001.o
 .debug_loc     0x00000a6a      0x118 Dave/Generated/src/NVIC002/NVIC002.o
 .debug_loc     0x00000b82       0x9c Dave/Generated/src/IO004/IO004.o
 .debug_loc     0x00000c1e       0x2c Dave/Generated/src/DAVESupport/DAVE3.o
 .debug_loc     0x00000c4a       0x64 Dave/Generated/src/DAVESupport/MULTIPLEXER.o
 .debug_loc     0x00000cae      0x100 Dave/Generated/src/CLK002/CLK002.o
 .debug_loc     0x00000dae       0x70 Dave/Generated/src/CCU8GLOBAL/CCU8GLOBAL.o
 .debug_loc     0x00000e1e       0x70 Dave/Generated/src/CCU4GLOBAL/CCU4GLOBAL.o
 .debug_loc     0x00000e8e      0x460 Dave/Generated/src/ADCGLOB001/ADCGlob001.o

.debug_macinfo
 *(.debug_macinfo)

.debug_ranges   0x00000000      0x388
 *(.debug_ranges)
 .debug_ranges  0x00000000       0x38 Startup/startup_XMC1300.o
 .debug_ranges  0x00000038       0x18 Startup/system_XMC1300.o
 .debug_ranges  0x00000050       0x30 ADC.o
 .debug_ranges  0x00000080       0x48 BlockCommutation.o
 .debug_ranges  0x000000c8       0x30 DaisyChain.o
 .debug_ranges  0x000000f8       0x10 Main.o
 .debug_ranges  0x00000108       0x90 Lib/System_LibcStubs.o
 .debug_ranges  0x00000198       0x70 Dave/Generated/src/UART001/UART001.o
 .debug_ranges  0x00000208       0x30 Dave/Generated/src/NVIC002/NVIC002.o
 .debug_ranges  0x00000238       0x20 Dave/Generated/src/IO004/IO004.o
 .debug_ranges  0x00000258       0x10 Dave/Generated/src/DAVESupport/DAVE3.o
 .debug_ranges  0x00000268       0x18 Dave/Generated/src/DAVESupport/MULTIPLEXER.o
 .debug_ranges  0x00000280       0x30 Dave/Generated/src/CLK002/CLK002.o
 .debug_ranges  0x000002b0       0x18 Dave/Generated/src/CCU8GLOBAL/CCU8GLOBAL.o
 .debug_ranges  0x000002c8       0x18 Dave/Generated/src/CCU4GLOBAL/CCU4GLOBAL.o
 .debug_ranges  0x000002e0       0xa8 Dave/Generated/src/ADCGLOB001/ADCGlob001.o

.debug_weaknames
 *(.debug_weaknames)

.debug_funcnames
 *(.debug_funcnames)

.debug_typenames
 *(.debug_typenames)

.debug_varnames
 *(.debug_varnames)

.build_attributes
                0x00000000      0x8fa
 *(.ARM.attributes)
 .ARM.attributes
                0x00000000       0x21 Startup/startup_XMC1300.o
 .ARM.attributes
                0x00000021       0x31 Startup/system_XMC1300.o
 .ARM.attributes
                0x00000052       0x31 ADC.o
 .ARM.attributes
                0x00000083       0x31 BlockCommutation.o
 .ARM.attributes
                0x000000b4       0x31 DaisyChain.o
 .ARM.attributes
                0x000000e5       0x31 Main.o
 .ARM.attributes
                0x00000116       0x31 Lib/System_LibcStubs.o
 .ARM.attributes
                0x00000147       0x31 Dave/Generated/src/UART001/UART001.o
 .ARM.attributes
                0x00000178       0x31 Dave/Generated/src/UART001/UART001_Conf.o
 .ARM.attributes
                0x000001a9       0x31 Dave/Generated/src/NVIC002/NVIC002.o
 .ARM.attributes
                0x000001da       0x31 Dave/Generated/src/NVIC002/NVIC002_Conf.o
 .ARM.attributes
                0x0000020b       0x31 Dave/Generated/src/MATHLIBS/FASTMATH01.o
 .ARM.attributes
                0x0000023c       0x31 Dave/Generated/src/MATHLIBS/MATH01.o
 .ARM.attributes
                0x0000026d       0x31 Dave/Generated/src/MATHLIBS/MATHLLD01.o
 .ARM.attributes
                0x0000029e       0x31 Dave/Generated/src/MATHLIBS/STDMATH01.o
 .ARM.attributes
                0x000002cf       0x31 Dave/Generated/src/LIBS/CCU8PWMLIB.o
 .ARM.attributes
                0x00000300       0x31 Dave/Generated/src/LIBS/MOTORLIB.o
 .ARM.attributes
                0x00000331       0x31 Dave/Generated/src/IO004/IO004.o
 .ARM.attributes
                0x00000362       0x31 Dave/Generated/src/IO004/IO004_Conf.o
 .ARM.attributes
                0x00000393       0x31 Dave/Generated/src/DAVESupport/DAVE3.o
 .ARM.attributes
                0x000003c4       0x31 Dave/Generated/src/DAVESupport/MULTIPLEXER.o
 .ARM.attributes
                0x000003f5       0x31 Dave/Generated/src/CLK002/CLK002.o
 .ARM.attributes
                0x00000426       0x31 Dave/Generated/src/CCU8GLOBAL/CCU8GLOBAL.o
 .ARM.attributes
                0x00000457       0x31 Dave/Generated/src/CCU8GLOBAL/CCU8GLOBAL_Conf.o
 .ARM.attributes
                0x00000488       0x31 Dave/Generated/src/CCU4GLOBAL/CCU4GLOBAL.o
 .ARM.attributes
                0x000004b9       0x31 Dave/Generated/src/CCU4GLOBAL/CCU4GLOBAL_Conf.o
 .ARM.attributes
                0x000004ea       0x31 Dave/Generated/src/ADCGLOB001/ADCGlob001.o
 .ARM.attributes
                0x0000051b       0x31 Dave/Generated/src/ADCGLOB001/ADCGlob001_Conf.o
 .ARM.attributes
                0x0000054c       0x1e c:/dave-3.1.10/arm-gcc/bin/../lib/gcc/arm-none-eabi/4.7.4/armv6-m\libgcc.a(_udivsi3.o)
 .ARM.attributes
                0x0000056a       0x1e c:/dave-3.1.10/arm-gcc/bin/../lib/gcc/arm-none-eabi/4.7.4/armv6-m\libgcc.a(_dvmd_tls.o)
 .ARM.attributes
                0x00000588       0x1e c:/dave-3.1.10/arm-gcc/bin/../lib/gcc/arm-none-eabi/4.7.4/armv6-m\libgcc.a(_arm_cmpsf2.o)
 .ARM.attributes
                0x000005a6       0x2c c:/dave-3.1.10/arm-gcc/bin/../lib/gcc/arm-none-eabi/4.7.4/armv6-m\libgcc.a(_fixunssfsi.o)
 .ARM.attributes
                0x000005d2       0x2c c:/dave-3.1.10/arm-gcc/bin/../lib/gcc/arm-none-eabi/4.7.4/armv6-m\libgcc.a(_fixunsdfsi.o)
 .ARM.attributes
                0x000005fe       0x2c c:/dave-3.1.10/arm-gcc/bin/../lib/gcc/arm-none-eabi/4.7.4/armv6-m\libgcc.a(divsf3.o)
 .ARM.attributes
                0x0000062a       0x2c c:/dave-3.1.10/arm-gcc/bin/../lib/gcc/arm-none-eabi/4.7.4/armv6-m\libgcc.a(eqsf2.o)
 .ARM.attributes
                0x00000656       0x2c c:/dave-3.1.10/arm-gcc/bin/../lib/gcc/arm-none-eabi/4.7.4/armv6-m\libgcc.a(gesf2.o)
 .ARM.attributes
                0x00000682       0x2c c:/dave-3.1.10/arm-gcc/bin/../lib/gcc/arm-none-eabi/4.7.4/armv6-m\libgcc.a(lesf2.o)
 .ARM.attributes
                0x000006ae       0x2c c:/dave-3.1.10/arm-gcc/bin/../lib/gcc/arm-none-eabi/4.7.4/armv6-m\libgcc.a(mulsf3.o)
 .ARM.attributes
                0x000006da       0x2c c:/dave-3.1.10/arm-gcc/bin/../lib/gcc/arm-none-eabi/4.7.4/armv6-m\libgcc.a(subsf3.o)
 .ARM.attributes
                0x00000706       0x2c c:/dave-3.1.10/arm-gcc/bin/../lib/gcc/arm-none-eabi/4.7.4/armv6-m\libgcc.a(fixsfsi.o)
 .ARM.attributes
                0x00000732       0x2c c:/dave-3.1.10/arm-gcc/bin/../lib/gcc/arm-none-eabi/4.7.4/armv6-m\libgcc.a(floatunsisf.o)
 .ARM.attributes
                0x0000075e       0x2c c:/dave-3.1.10/arm-gcc/bin/../lib/gcc/arm-none-eabi/4.7.4/armv6-m\libgcc.a(divdf3.o)
 .ARM.attributes
                0x0000078a       0x2c c:/dave-3.1.10/arm-gcc/bin/../lib/gcc/arm-none-eabi/4.7.4/armv6-m\libgcc.a(muldf3.o)
 .ARM.attributes
                0x000007b6       0x2c c:/dave-3.1.10/arm-gcc/bin/../lib/gcc/arm-none-eabi/4.7.4/armv6-m\libgcc.a(subdf3.o)
 .ARM.attributes
                0x000007e2       0x2c c:/dave-3.1.10/arm-gcc/bin/../lib/gcc/arm-none-eabi/4.7.4/armv6-m\libgcc.a(fixdfsi.o)
 .ARM.attributes
                0x0000080e       0x2c c:/dave-3.1.10/arm-gcc/bin/../lib/gcc/arm-none-eabi/4.7.4/armv6-m\libgcc.a(extendsfdf2.o)
 .ARM.attributes
                0x0000083a       0x1e c:/dave-3.1.10/arm-gcc/bin/../lib/gcc/arm-none-eabi/4.7.4/armv6-m\libgcc.a(_arm_cmpdf2.o)
 .ARM.attributes
                0x00000858       0x1e c:/dave-3.1.10/arm-gcc/bin/../lib/gcc/arm-none-eabi/4.7.4/armv6-m\libgcc.a(_clzsi2.o)
 .ARM.attributes
                0x00000876       0x2c c:/dave-3.1.10/arm-gcc/bin/../lib/gcc/arm-none-eabi/4.7.4/armv6-m\libgcc.a(eqdf2.o)
 .ARM.attributes
                0x000008a2       0x2c c:/dave-3.1.10/arm-gcc/bin/../lib/gcc/arm-none-eabi/4.7.4/armv6-m\libgcc.a(gedf2.o)
 .ARM.attributes
                0x000008ce       0x2c c:/dave-3.1.10/arm-gcc/bin/../lib/gcc/arm-none-eabi/4.7.4/armv6-m\libgcc.a(ledf2.o)
OUTPUT(ESC_Pinus_XMC1302_V1.2.elf elf32-littlearm)

.debug_macro    0x00000000     0xd471
 .debug_macro   0x00000000       0xb7 Startup/system_XMC1300.o
 .debug_macro   0x000000b7      0x7f0 Startup/system_XMC1300.o
 .debug_macro   0x000008a7       0x3a Startup/system_XMC1300.o
 .debug_macro   0x000008e1       0x10 Startup/system_XMC1300.o
 .debug_macro   0x000008f1       0x2e Startup/system_XMC1300.o
 .debug_macro   0x0000091f       0xa3 Startup/system_XMC1300.o
 .debug_macro   0x000009c2      0x20e Startup/system_XMC1300.o
 .debug_macro   0x00000bd0       0x36 Startup/system_XMC1300.o
 .debug_macro   0x00000c06       0x22 Startup/system_XMC1300.o
 .debug_macro   0x00000c28       0x3a Startup/system_XMC1300.o
 .debug_macro   0x00000c62       0x1f Startup/system_XMC1300.o
 .debug_macro   0x00000c81      0x242 Startup/system_XMC1300.o
 .debug_macro   0x00000ec3     0x843f Startup/system_XMC1300.o
 .debug_macro   0x00009302      0x1e7 ADC.o
 .debug_macro   0x000094e9      0x16c ADC.o
 .debug_macro   0x00009655       0x22 ADC.o
 .debug_macro   0x00009677      0x311 ADC.o
 .debug_macro   0x00009988       0x64 ADC.o
 .debug_macro   0x000099ec       0x34 ADC.o
 .debug_macro   0x00009a20       0x10 ADC.o
 .debug_macro   0x00009a30      0x130 ADC.o
 .debug_macro   0x00009b60       0x10 ADC.o
 .debug_macro   0x00009b70       0x10 ADC.o
 .debug_macro   0x00009b80       0x2d ADC.o
 .debug_macro   0x00009bad       0xb6 ADC.o
 .debug_macro   0x00009c63       0x34 ADC.o
 .debug_macro   0x00009c97       0x11 ADC.o
 .debug_macro   0x00009ca8       0x1c ADC.o
 .debug_macro   0x00009cc4       0x16 ADC.o
 .debug_macro   0x00009cda       0x10 ADC.o
 .debug_macro   0x00009cea      0x1de BlockCommutation.o
 .debug_macro   0x00009ec8       0x10 BlockCommutation.o
 .debug_macro   0x00009ed8      0x1f1 DaisyChain.o
 .debug_macro   0x0000a0c9       0x22 DaisyChain.o
 .debug_macro   0x0000a0eb      0x1fa Main.o
 .debug_macro   0x0000a2e5       0x16 Main.o
 .debug_macro   0x0000a2fb      0x119 Lib/System_LibcStubs.o
 .debug_macro   0x0000a414       0x3a Lib/System_LibcStubs.o
 .debug_macro   0x0000a44e       0x52 Lib/System_LibcStubs.o
 .debug_macro   0x0000a4a0       0x19 Lib/System_LibcStubs.o
 .debug_macro   0x0000a4b9      0x16d Lib/System_LibcStubs.o
 .debug_macro   0x0000a626       0x10 Lib/System_LibcStubs.o
 .debug_macro   0x0000a636       0x16 Lib/System_LibcStubs.o
 .debug_macro   0x0000a64c       0x89 Lib/System_LibcStubs.o
 .debug_macro   0x0000a6d5       0x10 Lib/System_LibcStubs.o
 .debug_macro   0x0000a6e5       0xf5 Lib/System_LibcStubs.o
 .debug_macro   0x0000a7da       0x22 Lib/System_LibcStubs.o
 .debug_macro   0x0000a7fc       0x91 Lib/System_LibcStubs.o
 .debug_macro   0x0000a88d       0x34 Lib/System_LibcStubs.o
 .debug_macro   0x0000a8c1      0x120 Lib/System_LibcStubs.o
 .debug_macro   0x0000a9e1       0x16 Lib/System_LibcStubs.o
 .debug_macro   0x0000a9f7       0x35 Lib/System_LibcStubs.o
 .debug_macro   0x0000aa2c      0x495 Lib/System_LibcStubs.o
 .debug_macro   0x0000aec1      0x247 Dave/Generated/src/UART001/UART001.o
 .debug_macro   0x0000b108       0xb0 Dave/Generated/src/UART001/UART001.o
 .debug_macro   0x0000b1b8       0xfa Dave/Generated/src/UART001/UART001_Conf.o
 .debug_macro   0x0000b2b2       0xce Dave/Generated/src/NVIC002/NVIC002.o
 .debug_macro   0x0000b380       0xce Dave/Generated/src/NVIC002/NVIC002_Conf.o
 .debug_macro   0x0000b44e      0x1e3 Dave/Generated/src/MATHLIBS/FASTMATH01.o
 .debug_macro   0x0000b631      0x1e3 Dave/Generated/src/MATHLIBS/MATH01.o
 .debug_macro   0x0000b814      0x1d9 Dave/Generated/src/MATHLIBS/MATHLLD01.o
 .debug_macro   0x0000b9ed      0x1e3 Dave/Generated/src/MATHLIBS/STDMATH01.o
 .debug_macro   0x0000bbd0      0x1d3 Dave/Generated/src/LIBS/CCU8PWMLIB.o
 .debug_macro   0x0000bda3      0x1d3 Dave/Generated/src/LIBS/MOTORLIB.o
 .debug_macro   0x0000bf76      0x1cf Dave/Generated/src/IO004/IO004.o
 .debug_macro   0x0000c145      0x1cf Dave/Generated/src/IO004/IO004_Conf.o
 .debug_macro   0x0000c314      0x1cf Dave/Generated/src/DAVESupport/DAVE3.o
 .debug_macro   0x0000c4e3      0x1cf Dave/Generated/src/DAVESupport/MULTIPLEXER.o
 .debug_macro   0x0000c6b2      0x1ed Dave/Generated/src/CLK002/CLK002.o
 .debug_macro   0x0000c89f      0x1e6 Dave/Generated/src/CCU8GLOBAL/CCU8GLOBAL.o
 .debug_macro   0x0000ca85      0x1da Dave/Generated/src/CCU8GLOBAL/CCU8GLOBAL_Conf.o
 .debug_macro   0x0000cc5f      0x1da Dave/Generated/src/CCU4GLOBAL/CCU4GLOBAL.o
 .debug_macro   0x0000ce39      0x1da Dave/Generated/src/CCU4GLOBAL/CCU4GLOBAL_Conf.o
 .debug_macro   0x0000d013      0x28f Dave/Generated/src/ADCGLOB001/ADCGlob001.o
 .debug_macro   0x0000d2a2      0x1cf Dave/Generated/src/ADCGLOB001/ADCGlob001_Conf.o
